Found 18 test(s).
System check identified no issues (0 silenced).
Creating test database for alias 'default'...

......EF.F........
======================================================================
ERROR: test_directory_filters_work_for_visible_fields (students.tests.StudentDirectoryTests.test_directory_filters_work_for_visible_fields) (params={'search': 'Inactive CSE Student'})
----------------------------------------------------------------------
Traceback (most recent call last):
  File "D:\My Drive\1-Python\1-Admission\students\tests.py", line 234, in test_directory_filters_work_for_visible_fields
    rows = list(response.context['page_obj'].paginator.object_list)
                ~~~~~~~~~~~~~~~~^^^^^^^^^^^^
TypeError: 'NoneType' object is not subscriptable

======================================================================
FAIL: test_directory_page_has_clear_filters_button (students.tests.StudentDirectoryTests.test_directory_page_has_clear_filters_button)
----------------------------------------------------------------------
Traceback (most recent call last):
  File "D:\My Drive\1-Python\1-Admission\students\tests.py", line 215, in test_directory_page_has_clear_filters_button
    self.assertContains(response, 'Clear Filters')
    ~~~~~~~~~~~~~~~~~~~^^^^^^^^^^^^^^^^^^^^^^^^^^^
AssertionError: False is not true : Couldn't find 'Clear Filters' in the following response
b'\n<!DOCTYPE html>\n<html lang="en">\n<head>\n  <meta charset="utf-8">\n  <meta name="viewport" content="width=device-width, initial-scale=1">\n  <title>Student Directory | Bangladesh Army University of Science and Technology</title>\n\n  <!-- Google Font: Source Sans Pro -->\n  <link rel="stylesheet" href="https://fonts.googleapis.com/css?family=Source+Sans+Pro:300,400,400i,700&display=fallback">\n  <!-- Font Awesome -->\n  <link rel="stylesheet" href="https://cdnjs.cloudflare.com/ajax/libs/font-awesome/6.4.0/css/all.min.css">\n  <!-- Theme style (AdminLTE) -->\n  <link rel="stylesheet" href="https://cdn.jsdelivr.net/npm/admin-lte@3.2/dist/css/adminlte.min.css">\n  \n  <!-- HTMX -->\n  <script src="https://unpkg.com/htmx.org@1.9.2"></script>\n\n  <!-- Favicon -->\n  \n\n  \n<style>\n    /* Premium Design Tokens matching Image */\n    :root {\n        --primary-blue: #2b3a8c;\n        --primary-blue-dark: #1f2a68;\n        --accent-yellow: #ffcb2d;\n        --accent-yellow-soft: #ffe58f;\n        --success-green: #168f5c;\n        --success-green-dark: #0c6b43;\n        --danger-red: #d1495b;\n        --danger-red-dark: #a73040;\n        --border-color: #dee2e6;\n        --header-bg: #e9ecef;\n        --surface-soft: #f6f8fc;\n        --text-dark: #1f2937;\n    }\n\n    .premium-card { \n        border-radius: 4px; \n        border: 1px solid var(--border-color);\n        box-shadow: none;\n        overflow: hidden; \n        background: #fff;\n    }\n\n    .filter-section { \n        background: #fff; \n        padding: 15px; \n        border-bottom: 2px solid var(--primary-blue); \n    }\n\n    .filter-group { \n        position: relative; \n        border: 1px solid #ced4da; \n        border-radius: 4px; \n        padding: 2px 8px; \n        margin-bottom: 10px; \n    }\n\n    .filter-group label { \n        position: absolute; \n        top: -8px; \n        left: 8px; \n        background: #fff; \n        padding: 0 4px; \n        font-size: 10px; \n        font-weight: 600; \n        color: #6c757d; \n    }\n\n    .filter-group select, .filter-group input { \n        border: none; \n        width: 100%; \n        font-size: 13px; \n        background: transparent; \n        outline: none;\n        height: 30px;\n    }\n\n    /* Compact UI overrides */\n    .compact-filters .filter-group {\n        margin-bottom: 6px;\n        padding: 2px 6px;\n    }\n    .compact-filters .col-md-1, .compact-filters .col-md-2, .compact-filters .col-md-3 {\n        padding-left: 5px;\n        padding-right: 5px;\n    }\n\n    .analytics-bar { \n        background: var(--accent-yellow); \n        color: var(--text-dark); \n        padding: 8px 15px; \n        font-weight: 800; \n        margin-bottom: 0;\n        display: flex;\n        align-items: center;\n        border-radius: 0;\n    }\n\n    .total-badge {\n        background: #fff;\n        border-radius: 20px;\n        padding: 2px 12px;\n        margin-left: 10px;\n        font-size: 0.9rem;\n        box-shadow: 0 1px 3px rgba(0,0,0,0.1);\n    }\n\n    .table thead th { \n        background: var(--header-bg); \n        color: #495057; \n        font-size: 13px; \n        font-weight: 700; \n        padding: 10px;\n        border: 1px solid var(--border-color) !important;\n        vertical-align: middle;\n    }\n\n    .table td { \n        padding: 9px 10px; \n        vertical-align: middle;\n        border: 1px solid var(--border-color) !important;\n        font-size: 15px;\n        line-height: 1.4;\n    }\n\n    .btn-filter {\n        background: linear-gradient(135deg, var(--primary-blue), #3347ad);\n        color: #fff;\n        border: none;\n        border-radius: 10px;\n        padding: 0 20px;\n        font-weight: 700;\n        height: 38px;\n        box-shadow: 0 10px 22px rgba(43, 58, 140, 0.18);\n    }\n\n    .btn-clear-filters,\n    .btn-excel {\n        background: #fff;\n        border-radius: 10px;\n        font-weight: 700;\n        font-size: 13px;\n        border: 1px solid rgba(31, 41, 55, 0.12);\n        box-shadow: 0 8px 20px rgba(15, 23, 42, 0.06);\n    }\n\n    .btn-excel {\n        color: var(--success-green);\n    }\n\n    .btn-download-all {\n        background: linear-gradient(135deg, #13569b, #0f766e);\n        color: #fff;\n        border-radius: 10px;\n        border: none;\n        font-weight: 700;\n        font-size: 13px;\n        box-shadow: 0 10px 22px rgba(15, 92, 128, 0.2);\n    }\n\n    .btn-clear-filters {\n        color: var(--danger-red);\n    }\n\n    .directory-action-btn {\n        display: inline-flex;\n        align-items: center;\n        justify-content: center;\n        min-height: 40px;\n        transition: transform 0.18s ease, box-shadow 0.18s ease, background-color 0.18s ease, color 0.18s ease, border-color 0.18s ease;\n        text-decoration: none !important;\n    }\n\n    .directory-action-btn:hover,\n    .directory-action-btn:focus {\n        transform: translateY(-1px);\n        text-decoration: none;\n    }\n\n    .directory-action-btn {\n        display: inline-flex;\n        align-items: center;\n        justify-content: center;\n        height: 38px;\n        padding: 0 15px;\n        border-radius: 8px;\n        font-weight: 700;\n        font-size: 13px;\n        transition: all 0.2s ease;\n        border: 1px solid var(--primary-blue);\n        background: #fff;\n        color: var(--primary-blue);\n        text-decoration: none !important;\n        box-shadow: 0 4px 10px rgba(43, 58, 140, 0.05);\n    }\n\n    .directory-action-btn:hover {\n        background: var(--primary-blue);\n        color: #fff;\n        transform: translateY(-1px);\n        box-shadow: 0 8px 15px rgba(43, 58, 140, 0.15);\n    }\n\n    .directory-action-btn i {\n        margin-right: 6px;\n    }\n\n    .btn-filter {\n        background: var(--primary-blue);\n        color: #fff;\n    }\n\n    .btn-filter:hover {\n        background: var(--primary-blue-dark);\n        color: #fff;\n    }\n\n    .btn-clear-filters {\n        border-color: var(--danger-red);\n        color: var(--danger-red);\n    }\n\n    .btn-clear-filters:hover {\n        background: var(--danger-red);\n        color: #fff;\n        box-shadow: 0 8px 15px rgba(209, 73, 91, 0.15);\n    }\n\n    .btn-download-main {\n        background: var(--success-green);\n        border-color: var(--success-green);\n        color: #fff;\n    }\n\n    .btn-download-main:hover {\n        background: var(--success-green-dark);\n        color: #fff;\n        box-shadow: 0 8px 15px rgba(22, 143, 92, 0.15);\n    }\n\n    .htmx-indicator { \n        display: none; \n        position: absolute;\n        top: 0;\n        left: 0;\n        right: 0;\n        z-index: 10;\n    }\n    .htmx-request .htmx-indicator { display: block; }\n\n    /* Custom Scrollbar */\n    .table-responsive::-webkit-scrollbar { height: 8px; }\n    .table-responsive::-webkit-scrollbar-track { background: #f1f1f1; }\n    .table-responsive::-webkit-scrollbar-thumb { background: #ccc; border-radius: 4px; }\n    \n    #info-overlay {\n        background: transparent;\n        width: min(340px, calc(100vw - 20px));\n        border-radius: 18px;\n        box-shadow: 0 22px 48px rgba(15, 23, 42, 0.18);\n        overflow: hidden;\n        transition: opacity 0.2s ease, transform 0.2s ease;\n    }\n\n    #info-overlay-backdrop {\n        position: fixed;\n        top: 0;\n        left: 0;\n        right: 0;\n        bottom: 0;\n        background: rgba(15, 23, 42, 0.4);\n        backdrop-filter: blur(4px);\n        z-index: 9998;\n        display: none;\n    }\n\n    @media (max-width: 767.98px) {\n        #info-overlay {\n            position: fixed !important;\n            top: 50% !important;\n            left: 50% !important;\n            transform: translate(-50%, -50%) scale(1) !important;\n            margin: 0 !important;\n            width: 90% !important;\n            max-width: 360px !important;\n            z-index: 9999 !important;\n        }\n        #info-overlay-backdrop {\n            display: block;\n        }\n    }\n\n    .student-info-trigger {\n        width: 22px;\n        height: 22px;\n        border: none;\n        background: none;\n        color: var(--primary-blue);\n        display: inline-flex;\n        align-items: center;\n        justify-content: center;\n        box-shadow: none;\n        transition: transform 0.18s ease, color 0.18s ease, opacity 0.2s ease, visibility 0.2s ease;\n        padding: 0;\n    }\n\n    .student-info-trigger:hover,\n    .student-info-trigger:focus {\n        background: none;\n        color: var(--primary-blue-dark);\n        transform: scale(1.2);\n        box-shadow: none;\n        outline: none;\n    }\n\n    .row-action-link {\n        width: 34px;\n        height: 34px;\n        border-radius: 10px;\n        display: inline-flex;\n        align-items: center;\n        justify-content: center;\n        transition: transform 0.18s ease, box-shadow 0.18s ease, background-color 0.18s ease, color 0.18s ease;\n        text-decoration: none !important;\n        box-shadow: 0 8px 18px rgba(15, 23, 42, 0.08);\n    }\n\n    .row-action-link:hover,\n    .row-action-link:focus {\n        transform: translateY(-1px);\n        text-decoration: none;\n    }\n\n    .row-action-link--primary {\n        background: rgba(43, 58, 140, 0.08);\n        color: var(--primary-blue);\n    }\n\n    .row-action-link--primary:hover,\n    .row-action-link--primary:focus {\n        background: rgba(43, 58, 140, 0.16);\n        color: var(--primary-blue-dark);\n    }\n\n    .row-action-link--warning {\n        background: rgba(255, 203, 45, 0.2);\n        color: #946200;\n    }\n\n    .row-action-link--warning:hover,\n    .row-action-link--warning:focus {\n        background: rgba(255, 203, 45, 0.35);\n        color: #7a5000;\n    }\n    \n    .row-action-link--success {\n        background: rgba(22, 143, 92, 0.1);\n        color: var(--success-green);\n    }\n    \n    .row-action-link--success:hover,\n    .row-action-link--success:focus {\n        background: rgba(22, 143, 92, 0.2);\n        color: var(--success-green-dark);\n    }\n\n    /* ID Copy Button Hover Styles */\n    .td-id-container {\n        display: flex;\n        align-items: center;\n        gap: 8px;\n    }\n    .btn-copy-id, .student-info-trigger {\n        opacity: 0;\n        visibility: hidden;\n    }\n    .btn-copy-id {\n        border: none;\n        background: none;\n        color: var(--primary-blue);\n        border-radius: 4px;\n        width: 22px;\n        height: 22px;\n        display: inline-flex;\n        align-items: center;\n        justify-content: center;\n        transition: all 0.2s ease;\n        cursor: pointer;\n        font-size: 11px;\n        padding: 0;\n    }\n    .td-name:hover .btn-copy-id, .td-name:hover .student-info-trigger {\n        opacity: 1;\n        visibility: visible;\n    }\n    .btn-copy-id:hover, .student-info-trigger:hover {\n        transform: scale(1.1);\n    }\n    .student-name-link {\n        transition: color 0.2s ease;\n        text-decoration: none !important;\n    }\n    .student-name-link:hover {\n        color: var(--primary-blue) !important;\n        text-decoration: underline !important;\n    }\n\n    .filter-action-group {\n        display: flex;\n        gap: 10px;\n        margin-bottom: 10px;\n    }\n\n    .quick-info-card {\n        background: #fff;\n        border: 1px solid rgba(15, 23, 42, 0.08);\n        border-radius: 18px;\n        overflow: hidden;\n    }\n\n    .quick-info-header {\n        background: linear-gradient(145deg, #173462, #2b3a8c);\n        color: #fff;\n        padding: 16px;\n    }\n\n    .quick-info-avatar {\n        width: 48px;\n        height: 48px;\n        border-radius: 14px;\n        overflow: hidden;\n        background: rgba(255, 255, 255, 0.14);\n        display: inline-flex;\n        align-items: center;\n        justify-content: center;\n        font-weight: 800;\n        font-size: 1rem;\n        color: #fff;\n    }\n\n    .quick-info-avatar img {\n        width: 100%;\n        height: 100%;\n        object-fit: cover;\n    }\n\n    .quick-info-eyebrow {\n        font-size: 0.68rem;\n        letter-spacing: 0.12em;\n        text-transform: uppercase;\n        opacity: 0.8;\n        margin-bottom: 2px;\n    }\n\n    .quick-info-title {\n        margin: 0;\n        font-size: 1rem;\n        font-weight: 800;\n    }\n\n    .quick-info-subtitle {\n        font-size: 0.8rem;\n        opacity: 0.82;\n    }\n\n    .quick-info-grid {\n        display: grid;\n        grid-template-columns: repeat(2, minmax(0, 1fr));\n        gap: 10px;\n        padding: 14px 16px 8px;\n        background: linear-gradient(180deg, #ffffff, #fafbff);\n    }\n\n    .quick-info-grid--compact {\n        gap: 8px;\n    }\n\n    .quick-stat {\n        border: 1px solid rgba(15, 23, 42, 0.08);\n        border-radius: 14px;\n        padding: 10px 11px;\n        background: #fff;\n    }\n\n    .quick-stat-label,\n    .quick-section-title,\n    .quick-address-label {\n        display: block;\n        font-size: 0.68rem;\n        letter-spacing: 0.08em;\n        text-transform: uppercase;\n        color: #64748b;\n        font-weight: 700;\n    }\n\n    .quick-stat-value {\n        display: block;\n        margin-top: 5px;\n        font-size: 0.8rem;\n        font-weight: 700;\n        color: var(--text-dark);\n    }\n\n    .quick-info-section,\n    .quick-info-address {\n        padding: 0 16px 12px;\n        background: #fff;\n    }\n\n    .quick-info-section--tight {\n        padding-bottom: 8px;\n    }\n\n    .quick-section-title {\n        margin-bottom: 10px;\n    }\n\n    .quick-detail-row {\n        display: flex;\n        align-items: center;\n        justify-content: space-between;\n        gap: 12px;\n        padding: 8px 0;\n        border-top: 1px solid rgba(15, 23, 42, 0.06);\n        font-size: 0.82rem;\n        color: #475569;\n    }\n\n    .quick-detail-row strong {\n        color: var(--text-dark);\n        text-align: right;\n        font-weight: 700;\n    }\n\n    .quick-address-block {\n        border-top: 1px solid rgba(15, 23, 42, 0.06);\n        padding: 9px 0 0;\n        margin-top: 9px;\n    }\n\n    .quick-address-block p {\n        margin: 6px 0 0;\n        font-size: 0.8rem;\n        color: #475569;\n        line-height: 1.45;\n        display: -webkit-box;\n        -webkit-line-clamp: 2;\n        -webkit-box-orient: vertical;\n        overflow: hidden;\n    }\n\n    .info-card-loading {\n        padding: 18px;\n        background: #fff;\n        border: 1px solid rgba(15, 23, 42, 0.08);\n        border-radius: 18px;\n    }\n\n    .loading-shimmer {\n        border-radius: 10px;\n        background: linear-gradient(90deg, #eef2f7 0%, #f8fafc 50%, #eef2f7 100%);\n        background-size: 200% 100%;\n        animation: shimmer 1.1s linear infinite;\n    }\n\n    .loading-shimmer + .loading-shimmer {\n        margin-top: 10px;\n    }\n\n    @keyframes shimmer {\n        0% { background-position: 200% 0; }\n        100% { background-position: -200% 0; }\n    }\n\n    @media (max-width: 767.98px) {\n        .filter-action-group {\n            flex-direction: column;\n        }\n\n        .quick-info-grid {\n            grid-template-columns: 1fr;\n        }\n\n        /* Mobile Card Morphing CSS */\n        .table-responsive {\n            border: none;\n            overflow-x: visible !important;\n        }\n        .table thead {\n            display: none !important;\n        }\n        .table tbody tr {\n            display: flex;\n            flex-wrap: wrap;\n            align-items: flex-start;\n            background: #fff;\n            border: 1px solid var(--border-color) !important;\n            border-radius: 12px;\n            margin-bottom: 15px;\n            box-shadow: 0 4px 10px rgba(0,0,0,0.05);\n            padding: 15px;\n            position: relative;\n        }\n        .table tbody td {\n            display: block;\n            border: none !important;\n            padding: 6px 0 !important;\n            text-align: left !important;\n        }\n        \n        .table tbody td.td-checkbox {\n            position: absolute;\n            top: 15px;\n            right: 15px;\n            padding: 0 !important;\n            width: auto !important;\n            z-index: 2;\n        }\n        .table tbody td.td-sl { display: none !important; }\n        .table tbody td.td-photo {\n            position: absolute;\n            top: 15px;\n            left: 15px;\n            padding: 0 !important;\n            width: 48px !important;\n            z-index: 2;\n        }\n        .table tbody td.td-name {\n            width: 100% !important;\n            order: 1;\n            padding-left: 65px !important; \n            padding-right: 30px !important; \n            min-height: 48px;\n            margin-bottom: 5px;\n            display: flex !important;\n            flex-direction: column;\n            justify-content: center;\n        }\n        \n        /* Row 2: Program & Intake */\n        .table tbody td.td-program {\n            width: 50% !important;\n            order: 2;\n            padding-left: 10px !important;\n            padding-right: 5px !important;\n            border-top: 1px dashed rgba(0,0,0,0.05) !important;\n        }\n        .table tbody td.td-intake {\n            width: 50% !important;\n            order: 3;\n            padding-left: 5px !important;\n            padding-right: 10px !important;\n            border-top: 1px dashed rgba(0,0,0,0.05) !important;\n            text-align: right !important;\n        }\n        .table tbody td.td-intake > div { text-align: right !important; }\n        \n        /* Row 3: Parents & Mobile */\n        .table tbody td.td-parents {\n            width: 50% !important;\n            order: 4;\n            padding-left: 10px !important;\n            padding-right: 5px !important;\n            border-top: 1px dashed rgba(0,0,0,0.05) !important;\n        }\n        .table tbody td.td-mobile {\n            width: 50% !important;\n            order: 5;\n            padding-left: 5px !important;\n            padding-right: 10px !important;\n            border-top: 1px dashed rgba(0,0,0,0.05) !important;\n            text-align: right !important;\n        }\n        .table tbody td.td-mobile > div { text-align: right !important; }\n        \n        /* Row 4: Flags */\n        .table tbody td.td-special {\n            width: 100% !important;\n            order: 6;\n            padding-left: 10px !important;\n            padding-right: 10px !important;\n            border-top: none !important;\n            text-align: center !important;\n            justify-content: center;\n        }\n        \n        /* Row 5: Actions */\n        .table tbody td.td-action {\n            width: 100% !important;\n            order: 7;\n            border-top: 1px solid var(--border-color) !important;\n            padding-top: 12px !important;\n            margin-top: 5px;\n            background: #f8fafc;\n            border-bottom-left-radius: 12px;\n            border-bottom-right-radius: 12px;\n            text-align: center !important;\n        }\n        .table tbody td.td-action > div {\n            justify-content: center !important;\n            width: 100%;\n        }\n        .row-action-link {\n            width: 42px;\n            height: 42px;\n            margin: 0 5px;\n        }\n        \n        #bulk-action-bar {\n            width: 90% !important;\n            padding: 10px 15px !important;\n            gap: 10px !important;\n        }\n        #bulk-action-bar .btn-warning {\n            padding: 6px 12px !important;\n            font-size: 0.9rem;\n        }\n\n    }\n        #bulk-action-bar .btn-warning {\n            padding: 6px 12px !important;\n            font-size: 0.9rem;\n        }\n\n    }\n\n    /* Dark Mode Overrides */\n    body.dark-mode .premium-card { background: #1e293b; border-color: #334155; }\n    body.dark-mode .filter-section { background: #1e293b; border-bottom-color: #38bdf8; }\n    body.dark-mode .filter-group { border-color: #334155; }\n    body.dark-mode .filter-group label { background: #1e293b; color: #94a3b8; }\n    body.dark-mode .filter-group select, \n    body.dark-mode .filter-group input { color: #f8fafc; }\n    body.dark-mode .filter-group select option { background: #1e293b; color: #f8fafc; }\n    body.dark-mode .analytics-bar { background: #0f172a; color: #38bdf8; }\n    body.dark-mode .total-badge { background: #334155; color: #f8fafc; box-shadow: none; }\n    body.dark-mode .table { background: transparent; }\n    body.dark-mode .table thead th { background: #0f172a; color: #94a3b8; border-color: #334155 !important; }\n    body.dark-mode .table td { background: transparent; color: #cbd5e1; border-color: #334155 !important; }\n    body.dark-mode .table-hover tbody tr:hover td { background: rgba(255,255,255,0.02) !important; }\n    body.dark-mode .directory-action-btn { background: #1e293b; border-color: #334155; color: #38bdf8; }\n    body.dark-mode .directory-action-btn:hover { background: #38bdf8; color: #0f172a; }\n    body.dark-mode .btn-excel, \n    body.dark-mode .btn-clear-filters { background: #334155; border-color: #475569; color: #f8fafc; }\n    body.dark-mode .btn-excel { color: #10b981; }\n    body.dark-mode .btn-clear-filters { color: #f43f5e; }\n    body.dark-mode .student-info-trigger { background: #334155; border-color: #475569; color: #38bdf8; }\n    body.dark-mode .row-action-link--primary { background: rgba(56, 189, 248, 0.1); color: #38bdf8; }\n    body.dark-mode .row-action-link--warning { background: rgba(245, 158, 11, 0.1); color: #f59e0b; }\n    body.dark-mode .row-action-link--success { background: rgba(16, 185, 129, 0.1); color: #10b981; }\n    body.dark-mode #info-overlay-backdrop { background: rgba(0, 0, 0, 0.7); }\n    body.dark-mode .quick-info-card { background: #1e293b; border-color: #334155; }\n    body.dark-mode .quick-info-grid { background: #1e293b; }\n    body.dark-mode .quick-stat { background: #0f172a; border-color: #334155; }\n    body.dark-mode .quick-stat-value { color: #f8fafc; }\n    body.dark-mode .quick-info-section, \n    body.dark-mode .quick-info-address { background: #1e293b; }\n    body.dark-mode .quick-detail-row { border-top-color: #334155; color: #94a3b8; }\n    body.dark-mode .quick-detail-row strong { color: #f8fafc; }\n    body.dark-mode .quick-address-block { border-top-color: #334155; }\n    body.dark-mode .quick-address-block p { color: #94a3b8; }\n    \n    @media (max-width: 767.98px) {\n        body.dark-mode .table tbody tr { background: #1e293b; border-color: #334155 !important; }\n        body.dark-mode .table tbody td.td-action { background: #0f172a; border-top-color: #334155 !important; }\n        body.dark-mode .table tbody td.td-program, \n        body.dark-mode .table tbody td.td-intake, \n        body.dark-mode .table tbody td.td-parents, \n        body.dark-mode .table tbody td.td-mobile { border-top-color: rgba(255,255,255,0.05) !important; }\n    }\n</style>\n\n  <!-- SweetAlert2 -->\n  <link rel="stylesheet" href="https://cdn.jsdelivr.net/npm/sweetalert2@11/dist/sweetalert2.min.css">\n  <script src="https://cdn.jsdelivr.net/npm/sweetalert2@11"></script>\n\n  <style>\n    /* Premium Iconized Sidebar */\n    .main-sidebar { transition: width 0.3s ease; }\n    .nav-sidebar .nav-item { margin-bottom: 2px; }\n    .nav-sidebar .nav-link { \n      border-radius: 8px !important; \n      margin: 0 8px; \n      padding: 10px 12px;\n      transition: all 0.2s;\n      border: 1px solid transparent;\n    }\n    .nav-sidebar .nav-link:hover {\n      background: rgba(255,255,255,0.05) !important;\n      transform: translateX(5px);\n    }\n    .nav-sidebar .nav-link.active {\n      background: #3b82f6 !important;\n      box-shadow: 0 4px 15px rgba(59, 130, 246, 0.4);\n    }\n    .nav-icon { \n      font-size: 1.1rem !important; \n      margin-right: 12px !important; \n      width: 30px !important;\n      text-align: center;\n    }\n    .nav-header {\n      font-size: 0.65rem !important;\n      font-weight: 800;\n      letter-spacing: 1.5px;\n      color: #64748b !important;\n      padding: 20px 20px 10px !important;\n      text-transform: uppercase;\n    }\n    .sidebar-dark-primary { background-color: #0f172a !important; }\n    .brand-link { border-bottom: 1px solid rgba(255,255,255,0.05) !important; padding: 1rem !important; }\n    \n    /* User Panel Enhancement */\n    .user-panel { border-bottom: 1px solid rgba(255,255,255,0.05) !important; }\n    .user-panel .info a { font-weight: 700; font-size: 0.9rem; color: #f8fafc !important; }\n\n    /* Command Center Header Styles */\n    .navbar-search-block { width: 100%; position: relative; }\n    .navbar-search-input { \n        width: 300px;\n        background: #fff !important; \n        border: 2px solid #cbd5e1 !important; \n        border-radius: 12px !important;\n        padding-left: 35px !important;\n        font-weight: 600;\n        color: #1e293b !important;\n        transition: all 0.3s;\n    }\n    .dark-mode .navbar-search-input {\n        background: #1e293b !important;\n        border-color: #475569 !important;\n        color: white !important;\n    }\n    .navbar-search-input:focus { \n        width: 450px !important; \n        border-color: #3b82f6 !important; \n        box-shadow: 0 8px 25px rgba(0,0,0,0.1) !important;\n        outline: none;\n    }\n    @media (max-width: 991.98px) {\n        .navbar-search-input { width: 180px !important; font-size: 0.85rem; }\n        .navbar-search-input:focus { width: 220px !important; }\n        #search-results-target { width: 320px !important; }\n    }\n    @media (max-width: 767.98px) {\n        .navbar-search-input { width: 140px !important; padding-left: 30px !important; }\n        .navbar-search-input:focus { width: 170px !important; }\n        .search-icon-inside { left: 8px !important; top: 12px !important; font-size: 0.9rem; }\n        #search-results-target { width: 280px !important; left: -50px !important; }\n    }\n    .search-icon-inside { position: absolute; left: 12px; top: 10px; color: #94a3b8; z-index: 10; }\n    \n    .nav-link-round {\n        width: 38px; height: 38px; border-radius: 50%;\n        display: flex; align-items: center; justify-content: center;\n        transition: all 0.2s; margin-left: 8px;\n    }\n    .nav-link-round:hover { background: rgba(0,0,0,0.05); }\n    .dark-mode .nav-link-round:hover { background: rgba(255,255,255,0.05); }\n\n    /* Profile Dropdown Premium */\n    .user-menu-dropdown { width: 280px; border-radius: 15px; border: 0; box-shadow: 0 20px 40px rgba(0,0,0,0.1); margin-top: 10px; }\n    .user-menu-header { \n        background: linear-gradient(135deg, #1e40af, #3b82f6); \n        color: white; padding: 20px; border-radius: 15px 15px 0 0; text-align: center;\n    }\n    .user-menu-avatar {\n        width: 60px; height: 60px; background: white; color: #1e40af;\n        border-radius: 20px; display: inline-flex; align-items: center; justify-content: center;\n        font-size: 1.5rem; font-weight: 800; margin-bottom: 10px;\n        box-shadow: 0 8px 15px rgba(0,0,0,0.1);\n    }\n    .user-menu-links .dropdown-item { padding: 12px 20px; font-weight: 600; color: #475569; display: flex; align-items: center; }\n    .user-menu-links .dropdown-item i { width: 25px; color: #94a3b8; font-size: 1.1rem; }\n    .user-menu-links .dropdown-item:hover { background: #f8fafc; color: #1e40af; }\n    .user-menu-footer { padding: 15px; background: #f8fafc; border-radius: 0 0 15px 15px; }\n\n    .pin-active { color: #3b82f6 !important; }\n\n    /* Global Search Intelligence Overlay */\n    #search-results-target {\n        position: absolute;\n        top: calc(100% + 5px);\n        left: 0;\n        width: 450px;\n        background: rgba(255, 255, 255, 0.95);\n        backdrop-filter: blur(10px);\n        border-radius: 12px;\n        box-shadow: 0 15px 35px rgba(0,0,0,0.15), 0 5px 15px rgba(0,0,0,0.05);\n        z-index: 2000;\n        overflow: hidden;\n        display: none;\n        border: 1px solid rgba(0,0,0,0.05);\n    }\n    .dark-mode #search-results-target {\n        background: rgba(30, 41, 59, 0.95);\n        border-color: rgba(255,255,255,0.1);\n    }\n    #search-results-target.show { display: block; animation: slideDown 0.2s ease-out; }\n    \n    @keyframes slideDown {\n        from { opacity: 0; transform: translateY(-10px); }\n        to { opacity: 1; transform: translateY(0); }\n    }\n\n    /* Dark Mode Visibility Fixes */\n    .dark-mode select option {\n        background-color: #343a40 !important;\n        color: #fff !important;\n    }\n    .dark-mode .form-control:focus {\n        color: #fff !important;\n        background-color: #3f474e !important;\n    }\n    .dark-mode .select2-container--default .select2-selection--single {\n        background-color: #343a40 !important;\n        border-color: #6c757d !important;\n        color: #fff !important;\n    }\n    /* Global Dark Mode Fixes for Reports */\n    .dark-mode .card, .dark-mode .info-box {\n      background-color: #1e293b !important;\n      color: #f1f5f9 !important;\n      border: 1px solid rgba(255,255,255,0.05) !important;\n    }\n    .dark-mode .text-muted { color: #94a3b8 !important; }\n    .dark-mode .table { color: #f1f5f9; }\n    .dark-mode .table-striped tbody tr:nth-of-type(odd) { background-color: rgba(255,255,255,0.02); }\n    .dark-mode .bg-light, .dark-mode .bg-white { background-color: #0f172a !important; color: #f1f5f9 !important; }\n    .dark-mode .border-light { border-color: rgba(255,255,255,0.1) !important; }\n    \n    /* Specific classes used in reports */\n    .dark-mode .quality-card, .dark-mode .report-card {\n      background-color: #1e293b !important;\n      border-color: rgba(255,255,255,0.1) !important;\n    }\n    .dark-mode .table-premium thead th {\n      background-color: #0f172a !important;\n      color: #94a3b8 !important;\n    }\n    .dark-mode .form-control {\n      background-color: #0f172a !important;\n      border-color: #334155 !important;\n      color: #f1f5f9 !important;\n    }\n  </style>\n</head>\n<body class="hold-transition sidebar-mini layout-fixed  layout-navbar-fixed" \n      hx-headers=\'{"X-CSRFToken": "dWQkrcECoB1HV7mkV878Oh1KOb6s3NwIWeT0F1IemealhOKov4iPZcT6uiHB0KnW"}\'>\n<div class="wrapper">\n\n  <!-- Navbar -->\n  <nav class="main-header navbar navbar-expand navbar-white navbar-light">\n    <!-- Left navbar links -->\n    <ul class="navbar-nav">\n      <li class="nav-item">\n        <a class="nav-link" data-widget="pushmenu" href="#" role="button"><i class="fas fa-bars"></i></a>\n      </li>\n    </ul>\n\n    <!-- Global Command Search (Direct Placement) -->\n    \n    \n    <form action="/students/" method="get" id="globalSearchForm" class="form-inline ml-3 d-inline-block mb-0" style="position: relative;">\n        <i class="fas fa-search search-icon-inside" style="color: #4b5563; z-index: 10;"></i>\n        <input type="text" \n               name="search" \n               id="globalSearchInput"\n               class="form-control navbar-search-input" \n               placeholder="Search students..." \n               autocomplete="off"\n               style="width: 100% !important; border: 2px solid #3b82f6 !important; background: #fff !important;"\n               hx-get="/api/global-search/"\n               hx-trigger="keyup changed delay:300ms"\n               hx-target="#search-results-target"\n               onfocus="document.getElementById(\'search-results-target\').classList.add(\'show\')"\n        >\n        <!-- The Result Overlay -->\n        <div id="search-results-target"></div>\n    </form>\n    \n\n    <!-- Right navbar links -->\n    <ul class="navbar-nav ml-auto align-items-center">\n      \n      <!-- Navbar Pin Toggle -->\n      <li class="nav-item">\n        <a class="nav-link nav-link-round" href="#" role="button" onclick="toggleNavbarPin()" title="Pin/Unpin Header">\n          <i class="fas fa-thumbtack pin-active" id="pin-icon"></i>\n        </a>\n      </li>\n\n      <!-- Dark Mode Toggle -->\n      <li class="nav-item">\n        <a class="nav-link nav-link-round" href="#" role="button" onclick="toggleDarkMode()" title="Toggle Dark/Light Mode">\n          <i class="fas fa-moon" id="theme-icon"></i>\n        </a>\n      </li>\n\n      <!-- Notifications Dropdown Menu -->\n      \n\n      <!-- User Profile Dropdown -->\n      <li class="nav-item dropdown user-menu">\n        <a href="#" class="nav-link nav-link-round p-0 ml-3" data-toggle="dropdown">\n            \n            <div class="bg-primary text-white rounded-circle d-flex align-items-center justify-content-center font-weight-bold shadow-sm" style="width: 36px; height: 36px; font-size: 0.9rem;">\n                A\n            </div>\n            \n        </a>\n        <div class="dropdown-menu dropdown-menu-right user-menu-dropdown animate__animated animate__fadeIn">\n            <div class="user-menu-header">\n                <div class="user-menu-avatar" style="">\n                    \n                    A\n                    \n                </div>\n                <div class="font-weight-bold text-lg">admin</div>\n                <div class="small text-white-50">Staff Member</div>\n            </div>\n            <div class="user-menu-links">\n                <a href="/core/profile/" class="dropdown-item">\n                    <i class="fas fa-user-circle"></i> My Account\n                </a>\n                <a href="/password-change/" class="dropdown-item">\n                    <i class="fas fa-shield-alt"></i> Security Settings\n                </a>\n                \n                <a href="/admin/" class="dropdown-item">\n                    <i class="fas fa-tools"></i> System Backend\n                </a>\n                \n            </div>\n            <div class="user-menu-footer">\n                <form action="/logout/" method="post">\n                    <input type="hidden" name="csrfmiddlewaretoken" value="dWQkrcECoB1HV7mkV878Oh1KOb6s3NwIWeT0F1IemealhOKov4iPZcT6uiHB0KnW">\n                    <button type="submit" class="btn btn-outline-danger btn-block btn-sm font-weight-bold">\n                        <i class="fas fa-sign-out-alt mr-2"></i> Log Out\n                    </button>\n                </form>\n            </div>\n        </div>\n      </li>\n    </ul>\n  </nav>\n  <!-- /.navbar -->\n\n  <!-- Main Sidebar Container -->\n  <aside class="main-sidebar sidebar-dark-primary elevation-4">\n    <!-- Brand Logo -->\n    <a href="/" class="brand-link d-flex align-items-center" style="background-color: #1e40af; height: 57px; overflow: hidden;">\n      \n      <i class="fas fa-graduation-cap ml-3 mr-2" style="font-size: 1.2rem; color: white;"></i>\n      \n      <span class="brand-text font-weight-bold ml-2 text-uppercase" style="font-size: 0.85rem; letter-spacing: 0.5px; color: white;">\n        \n            Admission\n        \n      </span>\n    </a>\n\n    <!-- Sidebar -->\n    <div class="sidebar">\n      <!-- Sidebar user panel removed as it is now in the top header -->\n\n      <!-- Sidebar Menu -->\n      <nav class="mt-2">\n        <ul class="nav nav-pills nav-sidebar flex-column nav-child-indent" data-widget="treeview" role="menu" data-accordion="false">\n          \n          <li class="nav-header">MAIN</li>\n          \n          \n          <li class="nav-item">\n            <a href="/" class="nav-link ">\n              <i class="nav-icon fas fa-tachometer-alt"></i>\n              <p>Dashboard</p>\n            </a>\n          </li>\n          \n\n          <li class="nav-header">ADMISSION</li>\n          \n          \n          \n\n          \n          <li class="nav-item">\n            <a href="/students/" class="nav-link active">\n              <i class="nav-icon fas fa-users"></i>\n              <p>Student Directory</p>\n            </a>\n          </li>\n          \n          \n          \n          <li class="nav-item">\n            <a href="/students/add/" class="nav-link ">\n              <i class="nav-icon fas fa-user-plus"></i>\n              <p>New Admission</p>\n            </a>\n          </li>\n          \n\n          \n          \n          <li class="nav-item">\n            <a href="/students/migrate/" class="nav-link ">\n              <i class="nav-icon fas fa-exchange-alt"></i>\n              <p>Department Change</p>\n            </a>\n          </li>\n          \n\n          \n          \n          <li class="nav-item">\n            <a href="/students/cancel-hub/" class="nav-link ">\n              <i class="nav-icon fas fa-user-times"></i>\n              <p>Admission Cancel</p>\n            </a>\n          </li>\n          \n\n          \n          \n          \n          \n\n          \n          <li class="nav-item ">\n            <a href="#" class="nav-link ">\n              <i class="nav-icon fas fa-toolbox"></i>\n              <p>\n                Administrative Tools\n                <i class="right fas fa-angle-left"></i>\n              </p>\n            </a>\n            <ul class="nav nav-treeview">\n              \n              <li class="nav-item">\n                <a href="/students/import/" class="nav-link ">\n                  <i class="far fa-circle nav-icon"></i>\n                  <p>Bulk Import</p>\n                </a>\n              </li>\n              \n              \n              <li class="nav-item">\n                <a href="/students/data-integrity/" class="nav-link ">\n                  <i class="far fa-circle nav-icon"></i>\n                  <p>Duplicate Scanner</p>\n                </a>\n              </li>\n              \n              \n              <li class="nav-item">\n                <a href="/students/mobile-repair/" class="nav-link ">\n                  <i class="far fa-circle nav-icon"></i>\n                  <p>Mobile Repair Tool</p>\n                </a>\n              </li>\n              \n              \n              <li class="nav-item">\n                <a href="/students/academic-audit/" class="nav-link ">\n                  <i class="far fa-circle nav-icon"></i>\n                  <p>Academic Audit</p>\n                </a>\n              </li>\n              \n            </ul>\n          </li>\n          \n\n          \n          \n          <li class="nav-header">ACADEMIC & REPORTS</li>\n          <li class="nav-item">\n            <a href="/reports/center/" class="nav-link ">\n              <i class="nav-icon fas fa-chart-pie"></i>\n              <p>Reports Hub</p>\n            </a>\n          </li>\n          <li class="nav-item">\n            <a href="/reports/institutional/" class="nav-link ">\n              <i class="nav-icon fas fa-university"></i>\n              <p>Feeder Analysis</p>\n            </a>\n          </li>\n          <li class="nav-item">\n            <a href="/reports/geographic/" class="nav-link ">\n              <i class="nav-icon fas fa-map-marked-alt"></i>\n              <p>Geographic Outreach</p>\n            </a>\n          </li>\n          <li class="nav-item">\n            <a href="/reports/export-center/" class="nav-link ">\n              <i class="nav-icon fas fa-file-excel"></i>\n              <p>Dynamic Export</p>\n            </a>\n          </li>\n          \n\n          \n          \n          <li class="nav-header">EXAM BILLING</li>\n          <li class="nav-item ">\n            <a href="#" class="nav-link ">\n              <i class="nav-icon fas fa-file-invoice-dollar"></i>\n              <p>\n                Exam Billing\n                <i class="right fas fa-angle-left"></i>\n              </p>\n            </a>\n            <ul class="nav nav-treeview">\n              <li class="nav-item">\n                <a href="/exam-billing/" class="nav-link">\n                  <i class="far fa-circle nav-icon"></i><p>Dashboard</p>\n                </a>\n              </li>\n              <li class="nav-item">\n                <a href="/exam-billing/exams/" class="nav-link">\n                  <i class="far fa-circle nav-icon"></i><p>Exams</p>\n                </a>\n              </li>\n              <li class="nav-item">\n                <a href="/exam-billing/faculty/" class="nav-link ">\n                  <i class="far fa-circle nav-icon"></i><p>Faculty Directory</p>\n                </a>\n              </li>\n              <li class="nav-item">\n                <a href="/exam-billing/fundamentals/" class="nav-link ">\n                  <i class="far fa-circle nav-icon"></i><p>Fundamentals</p>\n                </a>\n              </li>\n              <li class="nav-item">\n                <a href="/exam-billing/individual-bills/" class="nav-link ">\n                  <i class="far fa-circle nav-icon"></i><p>Individual Bills</p>\n                </a>\n              </li>\n              <li class="nav-item">\n                <a href="/exam-billing/settings/rates/" class="nav-link ">\n                  <i class="far fa-circle nav-icon"></i><p>Bill Settings</p>\n                </a>\n              </li>\n            </ul>\n          </li>\n          \n\n          \n          \n          \n          \n\n          \n          <li class="nav-header">SYSTEM</li>\n          \n          \n          <li class="nav-item ">\n            <a href="#" class="nav-link ">\n              <i class="nav-icon fas fa-user-shield"></i>\n              <p>\n                Staff & Security\n                <i class="right fas fa-angle-left"></i>\n              </p>\n            </a>\n            <ul class="nav nav-treeview">\n              \n              <li class="nav-item">\n                <a href="/core/security/users/" class="nav-link ">\n                  <i class="far fa-circle nav-icon"></i>\n                  <p>Staff Access</p>\n                </a>\n              </li>\n              \n              \n              <li class="nav-item">\n                <a href="/core/security/roles/" class="nav-link ">\n                  <i class="far fa-circle nav-icon"></i>\n                  <p>Role Matrix</p>\n                </a>\n              </li>\n              \n              \n              \n              <li class="nav-item">\n                <a href="/external-api/manage/" class="nav-link ">\n                  <i class="far fa-circle nav-icon"></i>\n                  <p>External API</p>\n                </a>\n              </li>\n              \n            </ul>\n          </li>\n          \n\n          \n          <li class="nav-item">\n            <a href="/settings/academic/" class="nav-link ">\n              <i class="nav-icon fas fa-graduation-cap"></i>\n              <p>Academic Settings</p>\n            </a>\n          </li>\n          \n\n          \n          <li class="nav-item">\n            <a href="/core/security/settings/" class="nav-link ">\n              <i class="nav-icon fas fa-sliders-h"></i>\n              <p>Global Settings</p>\n            </a>\n          </li>\n          \n          \n\n          \n          <li class="nav-item">\n            <a href="/admin/" class="nav-link">\n              <i class="nav-icon fas fa-cogs"></i>\n              <p>Admin Panel</p>\n            </a>\n          </li>\n          \n        </ul>\n      </nav>\n      <!-- /.sidebar-menu -->\n    </div>\n    <!-- /.sidebar -->\n  </aside>\n\n  <!-- Content Wrapper. Contains page content -->\n  <div class="content-wrapper">\n    <!-- Content Header (Page header) -->\n    <div class="content-header">\n      <div class="container-fluid">\n        <div class="row mb-2">\n          <div class="col-sm-6">\n            <h1 class="m-0">Dashboard</h1>\n          </div>\n        </div>\n      </div>\n    </div>\n    <!-- /.content-header -->\n\n    <!-- Main content -->\n    <section class="content">\n      <div class="container-fluid">\n        \n\n\n<!-- Analytics Bar matching Image -->\n<div class="analytics-bar">\n    <span>Total:</span>\n    <span id="total-count-display" class="total-badge">23</span>\n</div>\n<div class="card premium-card mb-4">\n    <div class="filter-section">\n        <!-- Mobile Filter Toggle -->\n        <div class="d-md-none mb-3">\n            <button class="btn btn-outline-primary w-100 font-weight-bold" type="button" data-toggle="collapse" data-target="#directory-filter-form" aria-expanded="false">\n                <i class="fas fa-filter mr-2"></i> Toggle Filters\n            </button>\n        </div>\n\n        <form id="directory-filter-form" class="collapse d-md-block"\n              hx-get="/students/" \n              hx-target="#directory-results" \n              hx-trigger="submit, change from:select, keyup changed delay:500ms from:input"\n              hx-indicator="#table-loader"\n              hx-push-url="true">\n            \n            <div class="row compact-filters">\n                <!-- Row 1: Primary Selection -->\n                <div class="col-md-3">\n                    <div class="filter-group">\n                        <label>Search Name/Roll</label>\n                        <input type="text" name="search" placeholder="Enter search..." value="">\n                    </div>\n                </div>\n                <div class="col-md-1">\n                    <div class="filter-group">\n                        <label>Year</label>\n                        <select name="year">\n                            <option value="">All</option>\n                            \n                            <option value="2026" >2026</option>\n                            \n                            <option value="2025" >2025</option>\n                            \n                            <option value="2024" >2024</option>\n                            \n                        </select>\n                    </div>\n                </div>\n                <div class="col-md-2">\n                    <div class="filter-group">\n                        <label>Cluster</label>\n                        <select name="dept">\n                            <option value="">All</option>\n                            \n                            <option value="Business &amp; Management" >Business &amp; Management</option>\n                            \n                            <option value="Engineering &amp; Technology" >Engineering &amp; Technology</option>\n                            \n                        </select>\n                    </div>\n                </div>\n                <div class="col-md-2">\n                    <div class="filter-group">\n                        <label>Program</label>\n                        <select name="program">\n                            <option value="">All</option>\n                            \n                            <option value="CSE" >CSE</option>\n                            \n                            <option value="Computer Science and Engineering" >Computer Science and Engineering</option>\n                            \n                            <option value="Electrical and Electronic Engineering" >Electrical and Electronic Engineering</option>\n                            \n                            <option value="MBA" >MBA</option>\n                            \n                        </select>\n                    </div>\n                </div>\n                <div class="col-md-2">\n                    <div class="filter-group">\n                        <label>Type</label>\n                        <select name="type">\n                            <option value="">All</option>\n                            <option value="Bachelor" >Bachelor</option>\n                            <option value="Masters" >Masters</option>\n                        </select>\n                    </div>\n                </div>\n                <div class="col-md-2">\n                    <div class="filter-group">\n                        <label>Batch</label>\n                        <select name="batch">\n                            <option value="">All</option>\n                            \n                            <option value="26th" >26th</option>\n                            \n                            <option value="25th" >25th</option>\n                            \n                            <option value="24th" >24th</option>\n                            \n                            <option value="MBA-1" >MBA-1</option>\n                            \n                        </select>\n                    </div>\n                </div>\n\n                <!-- Row 2: Status, Category, Sort & Actions -->\n                <div class="col-md-1">\n                    <div class="filter-group">\n                        <label>Gender</label>\n                        <select name="gender">\n                            <option value="">All</option>\n                            \n                            <option value="Male" >Male</option>\n                            \n                            <option value="Female" >Female</option>\n                            \n                            <option value="Other" >Other</option>\n                            \n                        </select>\n                    </div>\n                </div>\n                <div class="col-md-2">\n                    <div class="filter-group">\n                        <label>Status</label>\n                        <select name="status">\n                            <option value="">All</option>\n                            \n                            <option value="Active" >Active</option>\n                            \n                            <option value="Cancelled" >Cancelled</option>\n                            \n                            <option value="Inactive" >Inactive</option>\n                            \n                        </select>\n                    </div>\n                </div>\n                <div class="col-md-2">\n                    <div class="filter-group">\n                        <label>Special Category</label>\n                        <select name="special_category">\n                            <option value="">All Categories</option>\n                            <option value="non_residential" >Non-Residential</option>\n                            <option value="freedom_fighter" >Freedom Fighter</option>\n                            <option value="armed_forces" >Armed Forces</option>\n                            <option value="july_joddha" >July Joddha</option>\n                            <option value="credit_transfer" >Credit Transfer</option>\n                        </select>\n                    </div>\n                </div>\n                <div class="col-md-2">\n                    <div class="filter-group">\n                        <label>Board Verification</label>\n                        <select name="verification">\n                            <option value="">All Statuses</option>\n                            <option value="unverified" >Pending Audit</option>\n                            <option value="ssc_pending" >SSC Pending</option>\n                            <option value="hsc_pending" >HSC Pending</option>\n                            <option value="fully_verified" >Fully Verified</option>\n                        </select>\n                    </div>\n                </div>\n                <div class="col-md-2">\n                    <div class="filter-group">\n                        <label>Sort Results</label>\n                        <select name="sort">\n                            \n                            <option value="dept_batch_serial" selected>Dept &gt; Batch &gt; Serial</option>\n                            \n                            <option value="batch_dept_serial" >Batch &gt; Dept &gt; Serial</option>\n                            \n                        </select>\n                    </div>\n                </div>\n                <div class="col-md-3">\n                    <div class="filter-action-group mt-auto mb-2" style="gap: 5px;">\n                        <button type="submit" class="btn btn-filter directory-action-btn flex-fill py-1" style="font-size: 13px;">\n                            <i class="fas fa-filter mr-1"></i> Filter\n                        </button>\n                        <button type="button" \n                                class="btn btn-clear-filters directory-action-btn flex-fill py-1"\n                                style="font-size: 13px; background: #6c757d; color: #fff;"\n                                onclick="clearDirectoryFilters()"\n                                hx-get="/students/?per_page=25&sort=dept_batch_serial"\n                                hx-target="#directory-results"\n                                hx-indicator="#table-loader">\n                            <i class="fas fa-undo mr-1"></i> Clear\n                        </button>\n                    </div>\n                </div>\n            </div>\n            <input type="hidden" id="directory-per-page" name="per_page" value="25">\n        </form>\n    </div>\n\n    <div id="directory-results">\n        \n<div class="d-flex justify-content-between align-items-center px-4 py-2 bg-white flex-wrap" style="gap: 10px;">\n    <div class="small text-muted">\n        \n        Sorted by <strong>Department</strong>, then <strong>Latest Batch</strong>, then <strong>ID Serial</strong>.\n        \n        <span class="ml-2">Total: <span id="total-count-display" class="total-badge">23</span></span>\n    </div>\n    <div class="d-flex align-items-center" style="gap: 10px;">\n        <a href="/students/export/?sort=dept_batch_serial" class="btn directory-action-btn btn-download-main">\n            <i class="fas fa-file-excel"></i> Download Excel\n        </a>\n        <div class="dropdown">\n            <button class="btn directory-action-btn dropdown-toggle" type="button" id="downloadToolsDropdown" data-toggle="dropdown" aria-haspopup="true" aria-expanded="false">\n                <i class="fas fa-tools"></i> Export Tools\n            </button>\n            <div class="dropdown-menu dropdown-menu-right shadow-lg border-0" aria-labelledby="downloadToolsDropdown" style="border-radius: 10px; padding: 5px;">\n                <a class="dropdown-item py-2" href="/students/export/all/?sort=dept_batch_serial" style="font-size: 13px; font-weight: 600;">\n                    <i class="fas fa-database mr-2 text-primary"></i> Full Database Dump\n                </a>\n                <div class="dropdown-divider"></div>\n                <a class="dropdown-item py-2" href="/students/print-blank-form/" target="_blank" style="font-size: 13px; font-weight: 600;">\n                    <i class="fas fa-print mr-2 text-info"></i> Print Blank Form\n                </a>\n            </div>\n        </div>\n    </div>\n</div>\n\n<div class="card-body p-0" style="position: relative;">\n    \n    <div class="alert alert-info py-1 px-4 mb-0 rounded-0 border-0 small">\n        <i class="fas fa-info-circle mr-2"></i> <strong>Visibility:</strong> Showing all students except <strong>Cancelled</strong> by default.\n    </div>\n    \n\n    <div id="table-loader" class="htmx-indicator" style="height: 3px; background: var(--accent-yellow); overflow: hidden;">\n        <div class="progress-bar progress-bar-striped progress-bar-animated" style="width: 100%; height: 100%; background: var(--primary-blue);"></div>\n    </div>\n\n    <div class="table-responsive">\n        <table class="table table-hover m-0">\n            <thead>\n                <tr>\n                    \n                    \n                    <th style="width: 40px;" class="text-center align-middle" style="padding-left: 15px;">\n                        <div class="custom-control custom-checkbox mb-0 d-flex align-items-center justify-content-center" style="min-height: 1rem;">\n                            <input type="checkbox" class="custom-control-input" id="selectAllStudents" onclick="toggleAllStudents(this)">\n                            <label class="custom-control-label m-0" for="selectAllStudents" style="line-height: 1;"></label>\n                        </div>\n                    </th>\n                    \n                    <th style="width: 40px;" class="text-center">SL</th>\n                    <th style="width: 60px;" class="text-center">Photo</th>\n                    <th style="width: 280px;">ID & Name</th>\n                    <th>Parents</th>\n                    <th>Program & Batch</th>\n                    <th class="text-center" style="width: 140px;">Intake Details</th>\n                    <th class="text-center" style="width: 160px;">Mobile & Gender</th>\n                    <th class="text-center" style="width: 120px;">Special</th>\n                    <th class="text-right" style="width: 140px;">Action</th>\n                </tr>\n            </thead>\n            <tbody id="student-table-rows">\n                \n\n<tr class="animated fadeIn">\n    \n    \n    <!-- 0. Checkbox -->\n    <td class="td-checkbox text-center align-middle" style="padding-left: 15px;">\n        <div class="custom-control custom-checkbox mb-0 d-flex align-items-center justify-content-center" style="min-height: 1rem;">\n            <input type="checkbox" class="custom-control-input student-checkbox" id="chk_CSE001" value="CSE001" onchange="updateFloatingBar()">\n            <label class="custom-control-label m-0" for="chk_CSE001" style="line-height: 1;"></label>\n        </div>\n    </td>\n    \n    <!-- 1. SL -->\n    <td class="td-sl text-center">1</td>\n\n    <!-- 2. Photo -->\n    <td class="td-photo text-center p-1">\n        <div class="bg-light border d-flex align-items-center justify-content-center mx-auto" style="width: 40px; height: 48px; border-radius: 4px; overflow: hidden;">\n            \n            <i class="fas fa-user text-muted opacity-50" style="font-size: 20px;"></i>\n            \n        </div>\n    </td>\n\n    <!-- 3. ID & Name -->\n    <td class="td-name">\n        <div class="d-flex flex-column">\n            <div class="td-id-container d-flex align-items-center" style="gap: 6px;">\n                <div class="text-dark mb-0 text-monospace" style="font-size: 15px; letter-spacing: 0.5px; font-weight: 800;">CSE001</div>\n                <button type="button" class="btn-copy-id" onclick="copyToClipboard(\'CSE001\', this)" title="Copy ID">\n                    <i class="far fa-copy"></i>\n                </button>\n                <button type="button"\n                        class="student-info-trigger"\n                        data-short-info-url="/students/short-info/CSE001/"\n                        aria-label="Open quick student details"\n                        title="Quick Details">\n                    <i class="fas fa-info-circle" style="font-size: 14px;"></i>\n                </button>\n            </div>\n            <a href="/students/profile/CSE001/" class="font-weight-bold text-dark text-uppercase mt-1 student-name-link d-block" style="font-size: 13px; line-height: 1.2;">CSE Student 01</a>\n        </div>\n    </td>\n\n    <!-- 4. Parents -->\n    <td class="td-parents">\n        <div style="line-height: 1.2;">\n            <div class="text-dark font-weight-bold" style="font-size: 13px; white-space: nowrap; overflow: hidden; text-overflow: ellipsis; max-width: 180px;" title="Father: Father CSE 01">\n                <i class="fas fa-user-tie opacity-50 mr-1" style="font-size: 11px;"></i> Father CSE 01\n            </div>\n            <div class="text-muted" style="font-size: 12px; white-space: nowrap; overflow: hidden; text-overflow: ellipsis; max-width: 180px;" title="Mother: Mother CSE 01">\n                <i class="fas fa-user-nurse opacity-50 mr-1" style="font-size: 11px;"></i> Mother CSE 01\n            </div>\n        </div>\n    </td>\n\n    <!-- 5. Program & Batch -->\n    <td class="td-program">\n        <div class="font-weight-bold text-dark" style="font-size: 13px;">CSE</div>\n        <div class="text-muted" style="font-size: 12px;">Batch: <strong>25th</strong></div>\n    </td>\n\n    <!-- 6. Intake Details -->\n    <td class="td-intake text-center">\n        <div class="text-dark font-weight-bold" style="font-size: 13px;">Spring</div>\n        <div class="text-muted mt-1" style="font-size: 11px; text-transform: uppercase; font-weight: 700; letter-spacing: 0.5px;">Bachelor</div>\n    </td>\n\n    <!-- 7. Mobile & Gender -->\n    <td class="td-mobile text-center">\n        <div class="font-weight-bold text-dark" style="font-size: 13px;">01700000001</div>\n        <div class="mt-1" style="font-size: 12px; font-weight: 700;">\n            \n            <span class="text-primary">MALE</span>\n            \n        </div>\n    </td>\n\n    <!-- 8. Special Flags (Icons) -->\n    <td class="td-special text-center">\n        <div class="d-flex justify-content-center flex-wrap" style="gap: 8px;">\n            \n            \n            \n            \n            \n            \n        </div>\n    </td>\n\n    <!-- 9. Action -->\n    <td class="td-action text-right">\n        <div class="d-flex justify-content-end align-items-center" style="gap: 6px;">\n            <button type="button" \n                    class="row-action-link row-action-link--success" \n                    onclick="copyStudentData(\'CSE Student 01\', \'CSE001\', \'Computer Science and Engineering\', \'25th\')"\n                    title="Quick Copy Data">\n                <i class="fas fa-clone" style="font-size: 13px;"></i>\n            </button>\n            <a href="/reports/master-sheet/CSE001/" class="row-action-link" style="background: rgba(209, 73, 91, 0.1); color: var(--danger-red);" title="Download Master Sheet (PDF)">\n                <i class="fas fa-file-pdf" style="font-size: 13px;"></i>\n            </a>\n            <a href="/students/profile/CSE001/" class="row-action-link row-action-link--primary" title="View Full Profile">\n                <i class="fas fa-address-card" style="font-size: 13px;"></i>\n            </a>\n            <a href="/students/edit/CSE001/" class="row-action-link row-action-link--warning" title="Edit Records">\n                <i class="fas fa-user-pen" style="font-size: 13px;"></i>\n            </a>\n        </div>\n    </td>\n</tr>\n\n<tr class="animated fadeIn">\n    \n    \n    <!-- 0. Checkbox -->\n    <td class="td-checkbox text-center align-middle" style="padding-left: 15px;">\n        <div class="custom-control custom-checkbox mb-0 d-flex align-items-center justify-content-center" style="min-height: 1rem;">\n            <input type="checkbox" class="custom-control-input student-checkbox" id="chk_CSE002" value="CSE002" onchange="updateFloatingBar()">\n            <label class="custom-control-label m-0" for="chk_CSE002" style="line-height: 1;"></label>\n        </div>\n    </td>\n    \n    <!-- 1. SL -->\n    <td class="td-sl text-center">2</td>\n\n    <!-- 2. Photo -->\n    <td class="td-photo text-center p-1">\n        <div class="bg-light border d-flex align-items-center justify-content-center mx-auto" style="width: 40px; height: 48px; border-radius: 4px; overflow: hidden;">\n            \n            <i class="fas fa-user text-muted opacity-50" style="font-size: 20px;"></i>\n            \n        </div>\n    </td>\n\n    <!-- 3. ID & Name -->\n    <td class="td-name">\n        <div class="d-flex flex-column">\n            <div class="td-id-container d-flex align-items-center" style="gap: 6px;">\n                <div class="text-dark mb-0 text-monospace" style="font-size: 15px; letter-spacing: 0.5px; font-weight: 800;">CSE002</div>\n                <button type="button" class="btn-copy-id" onclick="copyToClipboard(\'CSE002\', this)" title="Copy ID">\n                    <i class="far fa-copy"></i>\n                </button>\n                <button type="button"\n                        class="student-info-trigger"\n                        data-short-info-url="/students/short-info/CSE002/"\n                        aria-label="Open quick student details"\n                        title="Quick Details">\n                    <i class="fas fa-info-circle" style="font-size: 14px;"></i>\n                </button>\n            </div>\n            <a href="/students/profile/CSE002/" class="font-weight-bold text-dark text-uppercase mt-1 student-name-link d-block" style="font-size: 13px; line-height: 1.2;">CSE Student 02</a>\n        </div>\n    </td>\n\n    <!-- 4. Parents -->\n    <td class="td-parents">\n        <div style="line-height: 1.2;">\n            <div class="text-dark font-weight-bold" style="font-size: 13px; white-space: nowrap; overflow: hidden; text-overflow: ellipsis; max-width: 180px;" title="Father: Father CSE 02">\n                <i class="fas fa-user-tie opacity-50 mr-1" style="font-size: 11px;"></i> Father CSE 02\n            </div>\n            <div class="text-muted" style="font-size: 12px; white-space: nowrap; overflow: hidden; text-overflow: ellipsis; max-width: 180px;" title="Mother: Mother CSE 02">\n                <i class="fas fa-user-nurse opacity-50 mr-1" style="font-size: 11px;"></i> Mother CSE 02\n            </div>\n        </div>\n    </td>\n\n    <!-- 5. Program & Batch -->\n    <td class="td-program">\n        <div class="font-weight-bold text-dark" style="font-size: 13px;">CSE</div>\n        <div class="text-muted" style="font-size: 12px;">Batch: <strong>25th</strong></div>\n    </td>\n\n    <!-- 6. Intake Details -->\n    <td class="td-intake text-center">\n        <div class="text-dark font-weight-bold" style="font-size: 13px;">Spring</div>\n        <div class="text-muted mt-1" style="font-size: 11px; text-transform: uppercase; font-weight: 700; letter-spacing: 0.5px;">Bachelor</div>\n    </td>\n\n    <!-- 7. Mobile & Gender -->\n    <td class="td-mobile text-center">\n        <div class="font-weight-bold text-dark" style="font-size: 13px;">01700000002</div>\n        <div class="mt-1" style="font-size: 12px; font-weight: 700;">\n            \n            <span style="color: #e83e8c;">FEMALE</span>\n            \n        </div>\n    </td>\n\n    <!-- 8. Special Flags (Icons) -->\n    <td class="td-special text-center">\n        <div class="d-flex justify-content-center flex-wrap" style="gap: 8px;">\n            \n            \n            \n            \n            \n            \n        </div>\n    </td>\n\n    <!-- 9. Action -->\n    <td class="td-action text-right">\n        <div class="d-flex justify-content-end align-items-center" style="gap: 6px;">\n            <button type="button" \n                    class="row-action-link row-action-link--success" \n                    onclick="copyStudentData(\'CSE Student 02\', \'CSE002\', \'Computer Science and Engineering\', \'25th\')"\n                    title="Quick Copy Data">\n                <i class="fas fa-clone" style="font-size: 13px;"></i>\n            </button>\n            <a href="/reports/master-sheet/CSE002/" class="row-action-link" style="background: rgba(209, 73, 91, 0.1); color: var(--danger-red);" title="Download Master Sheet (PDF)">\n                <i class="fas fa-file-pdf" style="font-size: 13px;"></i>\n            </a>\n            <a href="/students/profile/CSE002/" class="row-action-link row-action-link--primary" title="View Full Profile">\n                <i class="fas fa-address-card" style="font-size: 13px;"></i>\n            </a>\n            <a href="/students/edit/CSE002/" class="row-action-link row-action-link--warning" title="Edit Records">\n                <i class="fas fa-user-pen" style="font-size: 13px;"></i>\n            </a>\n        </div>\n    </td>\n</tr>\n\n<tr class="animated fadeIn">\n    \n    \n    <!-- 0. Checkbox -->\n    <td class="td-checkbox text-center align-middle" style="padding-left: 15px;">\n        <div class="custom-control custom-checkbox mb-0 d-flex align-items-center justify-content-center" style="min-height: 1rem;">\n            <input type="checkbox" class="custom-control-input student-checkbox" id="chk_CSE003" value="CSE003" onchange="updateFloatingBar()">\n            <label class="custom-control-label m-0" for="chk_CSE003" style="line-height: 1;"></label>\n        </div>\n    </td>\n    \n    <!-- 1. SL -->\n    <td class="td-sl text-center">3</td>\n\n    <!-- 2. Photo -->\n    <td class="td-photo text-center p-1">\n        <div class="bg-light border d-flex align-items-center justify-content-center mx-auto" style="width: 40px; height: 48px; border-radius: 4px; overflow: hidden;">\n            \n            <i class="fas fa-user text-muted opacity-50" style="font-size: 20px;"></i>\n            \n        </div>\n    </td>\n\n    <!-- 3. ID & Name -->\n    <td class="td-name">\n        <div class="d-flex flex-column">\n            <div class="td-id-container d-flex align-items-center" style="gap: 6px;">\n                <div class="text-dark mb-0 text-monospace" style="font-size: 15px; letter-spacing: 0.5px; font-weight: 800;">CSE003</div>\n                <button type="button" class="btn-copy-id" onclick="copyToClipboard(\'CSE003\', this)" title="Copy ID">\n                    <i class="far fa-copy"></i>\n                </button>\n                <button type="button"\n                        class="student-info-trigger"\n                        data-short-info-url="/students/short-info/CSE003/"\n                        aria-label="Open quick student details"\n                        title="Quick Details">\n                    <i class="fas fa-info-circle" style="font-size: 14px;"></i>\n                </button>\n            </div>\n            <a href="/students/profile/CSE003/" class="font-weight-bold text-dark text-uppercase mt-1 student-name-link d-block" style="font-size: 13px; line-height: 1.2;">CSE Student 03</a>\n        </div>\n    </td>\n\n    <!-- 4. Parents -->\n    <td class="td-parents">\n        <div style="line-height: 1.2;">\n            <div class="text-dark font-weight-bold" style="font-size: 13px; white-space: nowrap; overflow: hidden; text-overflow: ellipsis; max-width: 180px;" title="Father: Father CSE 03">\n                <i class="fas fa-user-tie opacity-50 mr-1" style="font-size: 11px;"></i> Father CSE 03\n            </div>\n            <div class="text-muted" style="font-size: 12px; white-space: nowrap; overflow: hidden; text-overflow: ellipsis; max-width: 180px;" title="Mother: Mother CSE 03">\n                <i class="fas fa-user-nurse opacity-50 mr-1" style="font-size: 11px;"></i> Mother CSE 03\n            </div>\n        </div>\n    </td>\n\n    <!-- 5. Program & Batch -->\n    <td class="td-program">\n        <div class="font-weight-bold text-dark" style="font-size: 13px;">CSE</div>\n        <div class="text-muted" style="font-size: 12px;">Batch: <strong>25th</strong></div>\n    </td>\n\n    <!-- 6. Intake Details -->\n    <td class="td-intake text-center">\n        <div class="text-dark font-weight-bold" style="font-size: 13px;">Spring</div>\n        <div class="text-muted mt-1" style="font-size: 11px; text-transform: uppercase; font-weight: 700; letter-spacing: 0.5px;">Bachelor</div>\n    </td>\n\n    <!-- 7. Mobile & Gender -->\n    <td class="td-mobile text-center">\n        <div class="font-weight-bold text-dark" style="font-size: 13px;">01700000003</div>\n        <div class="mt-1" style="font-size: 12px; font-weight: 700;">\n            \n            <span class="text-primary">MALE</span>\n            \n        </div>\n    </td>\n\n    <!-- 8. Special Flags (Icons) -->\n    <td class="td-special text-center">\n        <div class="d-flex justify-content-center flex-wrap" style="gap: 8px;">\n            \n            \n            \n            \n            \n            \n        </div>\n    </td>\n\n    <!-- 9. Action -->\n    <td class="td-action text-right">\n        <div class="d-flex justify-content-end align-items-center" style="gap: 6px;">\n            <button type="button" \n                    class="row-action-link row-action-link--success" \n                    onclick="copyStudentData(\'CSE Student 03\', \'CSE003\', \'Computer Science and Engineering\', \'25th\')"\n                    title="Quick Copy Data">\n                <i class="fas fa-clone" style="font-size: 13px;"></i>\n            </button>\n            <a href="/reports/master-sheet/CSE003/" class="row-action-link" style="background: rgba(209, 73, 91, 0.1); color: var(--danger-red);" title="Download Master Sheet (PDF)">\n                <i class="fas fa-file-pdf" style="font-size: 13px;"></i>\n            </a>\n            <a href="/students/profile/CSE003/" class="row-action-link row-action-link--primary" title="View Full Profile">\n                <i class="fas fa-address-card" style="font-size: 13px;"></i>\n            </a>\n            <a href="/students/edit/CSE003/" class="row-action-link row-action-link--warning" title="Edit Records">\n                <i class="fas fa-user-pen" style="font-size: 13px;"></i>\n            </a>\n        </div>\n    </td>\n</tr>\n\n<tr class="animated fadeIn">\n    \n    \n    <!-- 0. Checkbox -->\n    <td class="td-checkbox text-center align-middle" style="padding-left: 15px;">\n        <div class="custom-control custom-checkbox mb-0 d-flex align-items-center justify-content-center" style="min-height: 1rem;">\n            <input type="checkbox" class="custom-control-input student-checkbox" id="chk_CSE004" value="CSE004" onchange="updateFloatingBar()">\n            <label class="custom-control-label m-0" for="chk_CSE004" style="line-height: 1;"></label>\n        </div>\n    </td>\n    \n    <!-- 1. SL -->\n    <td class="td-sl text-center">4</td>\n\n    <!-- 2. Photo -->\n    <td class="td-photo text-center p-1">\n        <div class="bg-light border d-flex align-items-center justify-content-center mx-auto" style="width: 40px; height: 48px; border-radius: 4px; overflow: hidden;">\n            \n            <i class="fas fa-user text-muted opacity-50" style="font-size: 20px;"></i>\n            \n        </div>\n    </td>\n\n    <!-- 3. ID & Name -->\n    <td class="td-name">\n        <div class="d-flex flex-column">\n            <div class="td-id-container d-flex align-items-center" style="gap: 6px;">\n                <div class="text-dark mb-0 text-monospace" style="font-size: 15px; letter-spacing: 0.5px; font-weight: 800;">CSE004</div>\n                <button type="button" class="btn-copy-id" onclick="copyToClipboard(\'CSE004\', this)" title="Copy ID">\n                    <i class="far fa-copy"></i>\n                </button>\n                <button type="button"\n                        class="student-info-trigger"\n                        data-short-info-url="/students/short-info/CSE004/"\n                        aria-label="Open quick student details"\n                        title="Quick Details">\n                    <i class="fas fa-info-circle" style="font-size: 14px;"></i>\n                </button>\n            </div>\n            <a href="/students/profile/CSE004/" class="font-weight-bold text-dark text-uppercase mt-1 student-name-link d-block" style="font-size: 13px; line-height: 1.2;">CSE Student 04</a>\n        </div>\n    </td>\n\n    <!-- 4. Parents -->\n    <td class="td-parents">\n        <div style="line-height: 1.2;">\n            <div class="text-dark font-weight-bold" style="font-size: 13px; white-space: nowrap; overflow: hidden; text-overflow: ellipsis; max-width: 180px;" title="Father: Father CSE 04">\n                <i class="fas fa-user-tie opacity-50 mr-1" style="font-size: 11px;"></i> Father CSE 04\n            </div>\n            <div class="text-muted" style="font-size: 12px; white-space: nowrap; overflow: hidden; text-overflow: ellipsis; max-width: 180px;" title="Mother: Mother CSE 04">\n                <i class="fas fa-user-nurse opacity-50 mr-1" style="font-size: 11px;"></i> Mother CSE 04\n            </div>\n        </div>\n    </td>\n\n    <!-- 5. Program & Batch -->\n    <td class="td-program">\n        <div class="font-weight-bold text-dark" style="font-size: 13px;">CSE</div>\n        <div class="text-muted" style="font-size: 12px;">Batch: <strong>25th</strong></div>\n    </td>\n\n    <!-- 6. Intake Details -->\n    <td class="td-intake text-center">\n        <div class="text-dark font-weight-bold" style="font-size: 13px;">Spring</div>\n        <div class="text-muted mt-1" style="font-size: 11px; text-transform: uppercase; font-weight: 700; letter-spacing: 0.5px;">Bachelor</div>\n    </td>\n\n    <!-- 7. Mobile & Gender -->\n    <td class="td-mobile text-center">\n        <div class="font-weight-bold text-dark" style="font-size: 13px;">01700000004</div>\n        <div class="mt-1" style="font-size: 12px; font-weight: 700;">\n            \n            <span style="color: #e83e8c;">FEMALE</span>\n            \n        </div>\n    </td>\n\n    <!-- 8. Special Flags (Icons) -->\n    <td class="td-special text-center">\n        <div class="d-flex justify-content-center flex-wrap" style="gap: 8px;">\n            \n            \n            \n            \n            \n            \n        </div>\n    </td>\n\n    <!-- 9. Action -->\n    <td class="td-action text-right">\n        <div class="d-flex justify-content-end align-items-center" style="gap: 6px;">\n            <button type="button" \n                    class="row-action-link row-action-link--success" \n                    onclick="copyStudentData(\'CSE Student 04\', \'CSE004\', \'Computer Science and Engineering\', \'25th\')"\n                    title="Quick Copy Data">\n                <i class="fas fa-clone" style="font-size: 13px;"></i>\n            </button>\n            <a href="/reports/master-sheet/CSE004/" class="row-action-link" style="background: rgba(209, 73, 91, 0.1); color: var(--danger-red);" title="Download Master Sheet (PDF)">\n                <i class="fas fa-file-pdf" style="font-size: 13px;"></i>\n            </a>\n            <a href="/students/profile/CSE004/" class="row-action-link row-action-link--primary" title="View Full Profile">\n                <i class="fas fa-address-card" style="font-size: 13px;"></i>\n            </a>\n            <a href="/students/edit/CSE004/" class="row-action-link row-action-link--warning" title="Edit Records">\n                <i class="fas fa-user-pen" style="font-size: 13px;"></i>\n            </a>\n        </div>\n    </td>\n</tr>\n\n<tr class="animated fadeIn">\n    \n    \n    <!-- 0. Checkbox -->\n    <td class="td-checkbox text-center align-middle" style="padding-left: 15px;">\n        <div class="custom-control custom-checkbox mb-0 d-flex align-items-center justify-content-center" style="min-height: 1rem;">\n            <input type="checkbox" class="custom-control-input student-checkbox" id="chk_CSE005" value="CSE005" onchange="updateFloatingBar()">\n            <label class="custom-control-label m-0" for="chk_CSE005" style="line-height: 1;"></label>\n        </div>\n    </td>\n    \n    <!-- 1. SL -->\n    <td class="td-sl text-center">5</td>\n\n    <!-- 2. Photo -->\n    <td class="td-photo text-center p-1">\n        <div class="bg-light border d-flex align-items-center justify-content-center mx-auto" style="width: 40px; height: 48px; border-radius: 4px; overflow: hidden;">\n            \n            <i class="fas fa-user text-muted opacity-50" style="font-size: 20px;"></i>\n            \n        </div>\n    </td>\n\n    <!-- 3. ID & Name -->\n    <td class="td-name">\n        <div class="d-flex flex-column">\n            <div class="td-id-container d-flex align-items-center" style="gap: 6px;">\n                <div class="text-dark mb-0 text-monospace" style="font-size: 15px; letter-spacing: 0.5px; font-weight: 800;">CSE005</div>\n                <button type="button" class="btn-copy-id" onclick="copyToClipboard(\'CSE005\', this)" title="Copy ID">\n                    <i class="far fa-copy"></i>\n                </button>\n                <button type="button"\n                        class="student-info-trigger"\n                        data-short-info-url="/students/short-info/CSE005/"\n                        aria-label="Open quick student details"\n                        title="Quick Details">\n                    <i class="fas fa-info-circle" style="font-size: 14px;"></i>\n                </button>\n            </div>\n            <a href="/students/profile/CSE005/" class="font-weight-bold text-dark text-uppercase mt-1 student-name-link d-block" style="font-size: 13px; line-height: 1.2;">CSE Student 05</a>\n        </div>\n    </td>\n\n    <!-- 4. Parents -->\n    <td class="td-parents">\n        <div style="line-height: 1.2;">\n            <div class="text-dark font-weight-bold" style="font-size: 13px; white-space: nowrap; overflow: hidden; text-overflow: ellipsis; max-width: 180px;" title="Father: Father CSE 05">\n                <i class="fas fa-user-tie opacity-50 mr-1" style="font-size: 11px;"></i> Father CSE 05\n            </div>\n            <div class="text-muted" style="font-size: 12px; white-space: nowrap; overflow: hidden; text-overflow: ellipsis; max-width: 180px;" title="Mother: Mother CSE 05">\n                <i class="fas fa-user-nurse opacity-50 mr-1" style="font-size: 11px;"></i> Mother CSE 05\n            </div>\n        </div>\n    </td>\n\n    <!-- 5. Program & Batch -->\n    <td class="td-program">\n        <div class="font-weight-bold text-dark" style="font-size: 13px;">CSE</div>\n        <div class="text-muted" style="font-size: 12px;">Batch: <strong>25th</strong></div>\n    </td>\n\n    <!-- 6. Intake Details -->\n    <td class="td-intake text-center">\n        <div class="text-dark font-weight-bold" style="font-size: 13px;">Spring</div>\n        <div class="text-muted mt-1" style="font-size: 11px; text-transform: uppercase; font-weight: 700; letter-spacing: 0.5px;">Bachelor</div>\n    </td>\n\n    <!-- 7. Mobile & Gender -->\n    <td class="td-mobile text-center">\n        <div class="font-weight-bold text-dark" style="font-size: 13px;">01700000005</div>\n        <div class="mt-1" style="font-size: 12px; font-weight: 700;">\n            \n            <span class="text-primary">MALE</span>\n            \n        </div>\n    </td>\n\n    <!-- 8. Special Flags (Icons) -->\n    <td class="td-special text-center">\n        <div class="d-flex justify-content-center flex-wrap" style="gap: 8px;">\n            \n            \n            \n            \n            \n            \n        </div>\n    </td>\n\n    <!-- 9. Action -->\n    <td class="td-action text-right">\n        <div class="d-flex justify-content-end align-items-center" style="gap: 6px;">\n            <button type="button" \n                    class="row-action-link row-action-link--success" \n                    onclick="copyStudentData(\'CSE Student 05\', \'CSE005\', \'Computer Science and Engineering\', \'25th\')"\n                    title="Quick Copy Data">\n                <i class="fas fa-clone" style="font-size: 13px;"></i>\n            </button>\n            <a href="/reports/master-sheet/CSE005/" class="row-action-link" style="background: rgba(209, 73, 91, 0.1); color: var(--danger-red);" title="Download Master Sheet (PDF)">\n                <i class="fas fa-file-pdf" style="font-size: 13px;"></i>\n            </a>\n            <a href="/students/profile/CSE005/" class="row-action-link row-action-link--primary" title="View Full Profile">\n                <i class="fas fa-address-card" style="font-size: 13px;"></i>\n            </a>\n            <a href="/students/edit/CSE005/" class="row-action-link row-action-link--warning" title="Edit Records">\n                <i class="fas fa-user-pen" style="font-size: 13px;"></i>\n            </a>\n        </div>\n    </td>\n</tr>\n\n<tr class="animated fadeIn">\n    \n    \n    <!-- 0. Checkbox -->\n    <td class="td-checkbox text-center align-middle" style="padding-left: 15px;">\n        <div class="custom-control custom-checkbox mb-0 d-flex align-items-center justify-content-center" style="min-height: 1rem;">\n            <input type="checkbox" class="custom-control-input student-checkbox" id="chk_CSE006" value="CSE006" onchange="updateFloatingBar()">\n            <label class="custom-control-label m-0" for="chk_CSE006" style="line-height: 1;"></label>\n        </div>\n    </td>\n    \n    <!-- 1. SL -->\n    <td class="td-sl text-center">6</td>\n\n    <!-- 2. Photo -->\n    <td class="td-photo text-center p-1">\n        <div class="bg-light border d-flex align-items-center justify-content-center mx-auto" style="width: 40px; height: 48px; border-radius: 4px; overflow: hidden;">\n            \n            <i class="fas fa-user text-muted opacity-50" style="font-size: 20px;"></i>\n            \n        </div>\n    </td>\n\n    <!-- 3. ID & Name -->\n    <td class="td-name">\n        <div class="d-flex flex-column">\n            <div class="td-id-container d-flex align-items-center" style="gap: 6px;">\n                <div class="text-dark mb-0 text-monospace" style="font-size: 15px; letter-spacing: 0.5px; font-weight: 800;">CSE006</div>\n                <button type="button" class="btn-copy-id" onclick="copyToClipboard(\'CSE006\', this)" title="Copy ID">\n                    <i class="far fa-copy"></i>\n                </button>\n                <button type="button"\n                        class="student-info-trigger"\n                        data-short-info-url="/students/short-info/CSE006/"\n                        aria-label="Open quick student details"\n                        title="Quick Details">\n                    <i class="fas fa-info-circle" style="font-size: 14px;"></i>\n                </button>\n            </div>\n            <a href="/students/profile/CSE006/" class="font-weight-bold text-dark text-uppercase mt-1 student-name-link d-block" style="font-size: 13px; line-height: 1.2;">CSE Student 06</a>\n        </div>\n    </td>\n\n    <!-- 4. Parents -->\n    <td class="td-parents">\n        <div style="line-height: 1.2;">\n            <div class="text-dark font-weight-bold" style="font-size: 13px; white-space: nowrap; overflow: hidden; text-overflow: ellipsis; max-width: 180px;" title="Father: Father CSE 06">\n                <i class="fas fa-user-tie opacity-50 mr-1" style="font-size: 11px;"></i> Father CSE 06\n            </div>\n            <div class="text-muted" style="font-size: 12px; white-space: nowrap; overflow: hidden; text-overflow: ellipsis; max-width: 180px;" title="Mother: Mother CSE 06">\n                <i class="fas fa-user-nurse opacity-50 mr-1" style="font-size: 11px;"></i> Mother CSE 06\n            </div>\n        </div>\n    </td>\n\n    <!-- 5. Program & Batch -->\n    <td class="td-program">\n        <div class="font-weight-bold text-dark" style="font-size: 13px;">CSE</div>\n        <div class="text-muted" style="font-size: 12px;">Batch: <strong>25th</strong></div>\n    </td>\n\n    <!-- 6. Intake Details -->\n    <td class="td-intake text-center">\n        <div class="text-dark font-weight-bold" style="font-size: 13px;">Spring</div>\n        <div class="text-muted mt-1" style="font-size: 11px; text-transform: uppercase; font-weight: 700; letter-spacing: 0.5px;">Bachelor</div>\n    </td>\n\n    <!-- 7. Mobile & Gender -->\n    <td class="td-mobile text-center">\n        <div class="font-weight-bold text-dark" style="font-size: 13px;">01700000006</div>\n        <div class="mt-1" style="font-size: 12px; font-weight: 700;">\n            \n            <span style="color: #e83e8c;">FEMALE</span>\n            \n        </div>\n    </td>\n\n    <!-- 8. Special Flags (Icons) -->\n    <td class="td-special text-center">\n        <div class="d-flex justify-content-center flex-wrap" style="gap: 8px;">\n            \n            \n            \n            \n            \n            \n        </div>\n    </td>\n\n    <!-- 9. Action -->\n    <td class="td-action text-right">\n        <div class="d-flex justify-content-end align-items-center" style="gap: 6px;">\n            <button type="button" \n                    class="row-action-link row-action-link--success" \n                    onclick="copyStudentData(\'CSE Student 06\', \'CSE006\', \'Computer Science and Engineering\', \'25th\')"\n                    title="Quick Copy Data">\n                <i class="fas fa-clone" style="font-size: 13px;"></i>\n            </button>\n            <a href="/reports/master-sheet/CSE006/" class="row-action-link" style="background: rgba(209, 73, 91, 0.1); color: var(--danger-red);" title="Download Master Sheet (PDF)">\n                <i class="fas fa-file-pdf" style="font-size: 13px;"></i>\n            </a>\n            <a href="/students/profile/CSE006/" class="row-action-link row-action-link--primary" title="View Full Profile">\n                <i class="fas fa-address-card" style="font-size: 13px;"></i>\n            </a>\n            <a href="/students/edit/CSE006/" class="row-action-link row-action-link--warning" title="Edit Records">\n                <i class="fas fa-user-pen" style="font-size: 13px;"></i>\n            </a>\n        </div>\n    </td>\n</tr>\n\n<tr class="animated fadeIn">\n    \n    \n    <!-- 0. Checkbox -->\n    <td class="td-checkbox text-center align-middle" style="padding-left: 15px;">\n        <div class="custom-control custom-checkbox mb-0 d-flex align-items-center justify-content-center" style="min-height: 1rem;">\n            <input type="checkbox" class="custom-control-input student-checkbox" id="chk_CSE007" value="CSE007" onchange="updateFloatingBar()">\n            <label class="custom-control-label m-0" for="chk_CSE007" style="line-height: 1;"></label>\n        </div>\n    </td>\n    \n    <!-- 1. SL -->\n    <td class="td-sl text-center">7</td>\n\n    <!-- 2. Photo -->\n    <td class="td-photo text-center p-1">\n        <div class="bg-light border d-flex align-items-center justify-content-center mx-auto" style="width: 40px; height: 48px; border-radius: 4px; overflow: hidden;">\n            \n            <i class="fas fa-user text-muted opacity-50" style="font-size: 20px;"></i>\n            \n        </div>\n    </td>\n\n    <!-- 3. ID & Name -->\n    <td class="td-name">\n        <div class="d-flex flex-column">\n            <div class="td-id-container d-flex align-items-center" style="gap: 6px;">\n                <div class="text-dark mb-0 text-monospace" style="font-size: 15px; letter-spacing: 0.5px; font-weight: 800;">CSE007</div>\n                <button type="button" class="btn-copy-id" onclick="copyToClipboard(\'CSE007\', this)" title="Copy ID">\n                    <i class="far fa-copy"></i>\n                </button>\n                <button type="button"\n                        class="student-info-trigger"\n                        data-short-info-url="/students/short-info/CSE007/"\n                        aria-label="Open quick student details"\n                        title="Quick Details">\n                    <i class="fas fa-info-circle" style="font-size: 14px;"></i>\n                </button>\n            </div>\n            <a href="/students/profile/CSE007/" class="font-weight-bold text-dark text-uppercase mt-1 student-name-link d-block" style="font-size: 13px; line-height: 1.2;">CSE Student 07</a>\n        </div>\n    </td>\n\n    <!-- 4. Parents -->\n    <td class="td-parents">\n        <div style="line-height: 1.2;">\n            <div class="text-dark font-weight-bold" style="font-size: 13px; white-space: nowrap; overflow: hidden; text-overflow: ellipsis; max-width: 180px;" title="Father: Father CSE 07">\n                <i class="fas fa-user-tie opacity-50 mr-1" style="font-size: 11px;"></i> Father CSE 07\n            </div>\n            <div class="text-muted" style="font-size: 12px; white-space: nowrap; overflow: hidden; text-overflow: ellipsis; max-width: 180px;" title="Mother: Mother CSE 07">\n                <i class="fas fa-user-nurse opacity-50 mr-1" style="font-size: 11px;"></i> Mother CSE 07\n            </div>\n        </div>\n    </td>\n\n    <!-- 5. Program & Batch -->\n    <td class="td-program">\n        <div class="font-weight-bold text-dark" style="font-size: 13px;">CSE</div>\n        <div class="text-muted" style="font-size: 12px;">Batch: <strong>25th</strong></div>\n    </td>\n\n    <!-- 6. Intake Details -->\n    <td class="td-intake text-center">\n        <div class="text-dark font-weight-bold" style="font-size: 13px;">Spring</div>\n        <div class="text-muted mt-1" style="font-size: 11px; text-transform: uppercase; font-weight: 700; letter-spacing: 0.5px;">Bachelor</div>\n    </td>\n\n    <!-- 7. Mobile & Gender -->\n    <td class="td-mobile text-center">\n        <div class="font-weight-bold text-dark" style="font-size: 13px;">01700000007</div>\n        <div class="mt-1" style="font-size: 12px; font-weight: 700;">\n            \n            <span class="text-primary">MALE</span>\n            \n        </div>\n    </td>\n\n    <!-- 8. Special Flags (Icons) -->\n    <td class="td-special text-center">\n        <div class="d-flex justify-content-center flex-wrap" style="gap: 8px;">\n            \n            \n            \n            \n            \n            \n        </div>\n    </td>\n\n    <!-- 9. Action -->\n    <td class="td-action text-right">\n        <div class="d-flex justify-content-end align-items-center" style="gap: 6px;">\n            <button type="button" \n                    class="row-action-link row-action-link--success" \n                    onclick="copyStudentData(\'CSE Student 07\', \'CSE007\', \'Computer Science and Engineering\', \'25th\')"\n                    title="Quick Copy Data">\n                <i class="fas fa-clone" style="font-size: 13px;"></i>\n            </button>\n            <a href="/reports/master-sheet/CSE007/" class="row-action-link" style="background: rgba(209, 73, 91, 0.1); color: var(--danger-red);" title="Download Master Sheet (PDF)">\n                <i class="fas fa-file-pdf" style="font-size: 13px;"></i>\n            </a>\n            <a href="/students/profile/CSE007/" class="row-action-link row-action-link--primary" title="View Full Profile">\n                <i class="fas fa-address-card" style="font-size: 13px;"></i>\n            </a>\n            <a href="/students/edit/CSE007/" class="row-action-link row-action-link--warning" title="Edit Records">\n                <i class="fas fa-user-pen" style="font-size: 13px;"></i>\n            </a>\n        </div>\n    </td>\n</tr>\n\n<tr class="animated fadeIn">\n    \n    \n    <!-- 0. Checkbox -->\n    <td class="td-checkbox text-center align-middle" style="padding-left: 15px;">\n        <div class="custom-control custom-checkbox mb-0 d-flex align-items-center justify-content-center" style="min-height: 1rem;">\n            <input type="checkbox" class="custom-control-input student-checkbox" id="chk_CSE008" value="CSE008" onchange="updateFloatingBar()">\n            <label class="custom-control-label m-0" for="chk_CSE008" style="line-height: 1;"></label>\n        </div>\n    </td>\n    \n    <!-- 1. SL -->\n    <td class="td-sl text-center">8</td>\n\n    <!-- 2. Photo -->\n    <td class="td-photo text-center p-1">\n        <div class="bg-light border d-flex align-items-center justify-content-center mx-auto" style="width: 40px; height: 48px; border-radius: 4px; overflow: hidden;">\n            \n            <i class="fas fa-user text-muted opacity-50" style="font-size: 20px;"></i>\n            \n        </div>\n    </td>\n\n    <!-- 3. ID & Name -->\n    <td class="td-name">\n        <div class="d-flex flex-column">\n            <div class="td-id-container d-flex align-items-center" style="gap: 6px;">\n                <div class="text-dark mb-0 text-monospace" style="font-size: 15px; letter-spacing: 0.5px; font-weight: 800;">CSE008</div>\n                <button type="button" class="btn-copy-id" onclick="copyToClipboard(\'CSE008\', this)" title="Copy ID">\n                    <i class="far fa-copy"></i>\n                </button>\n                <button type="button"\n                        class="student-info-trigger"\n                        data-short-info-url="/students/short-info/CSE008/"\n                        aria-label="Open quick student details"\n                        title="Quick Details">\n                    <i class="fas fa-info-circle" style="font-size: 14px;"></i>\n                </button>\n            </div>\n            <a href="/students/profile/CSE008/" class="font-weight-bold text-dark text-uppercase mt-1 student-name-link d-block" style="font-size: 13px; line-height: 1.2;">CSE Student 08</a>\n        </div>\n    </td>\n\n    <!-- 4. Parents -->\n    <td class="td-parents">\n        <div style="line-height: 1.2;">\n            <div class="text-dark font-weight-bold" style="font-size: 13px; white-space: nowrap; overflow: hidden; text-overflow: ellipsis; max-width: 180px;" title="Father: Father CSE 08">\n                <i class="fas fa-user-tie opacity-50 mr-1" style="font-size: 11px;"></i> Father CSE 08\n            </div>\n            <div class="text-muted" style="font-size: 12px; white-space: nowrap; overflow: hidden; text-overflow: ellipsis; max-width: 180px;" title="Mother: Mother CSE 08">\n                <i class="fas fa-user-nurse opacity-50 mr-1" style="font-size: 11px;"></i> Mother CSE 08\n            </div>\n        </div>\n    </td>\n\n    <!-- 5. Program & Batch -->\n    <td class="td-program">\n        <div class="font-weight-bold text-dark" style="font-size: 13px;">CSE</div>\n        <div class="text-muted" style="font-size: 12px;">Batch: <strong>25th</strong></div>\n    </td>\n\n    <!-- 6. Intake Details -->\n    <td class="td-intake text-center">\n        <div class="text-dark font-weight-bold" style="font-size: 13px;">Spring</div>\n        <div class="text-muted mt-1" style="font-size: 11px; text-transform: uppercase; font-weight: 700; letter-spacing: 0.5px;">Bachelor</div>\n    </td>\n\n    <!-- 7. Mobile & Gender -->\n    <td class="td-mobile text-center">\n        <div class="font-weight-bold text-dark" style="font-size: 13px;">01700000008</div>\n        <div class="mt-1" style="font-size: 12px; font-weight: 700;">\n            \n            <span style="color: #e83e8c;">FEMALE</span>\n            \n        </div>\n    </td>\n\n    <!-- 8. Special Flags (Icons) -->\n    <td class="td-special text-center">\n        <div class="d-flex justify-content-center flex-wrap" style="gap: 8px;">\n            \n            \n            \n            \n            \n            \n        </div>\n    </td>\n\n    <!-- 9. Action -->\n    <td class="td-action text-right">\n        <div class="d-flex justify-content-end align-items-center" style="gap: 6px;">\n            <button type="button" \n                    class="row-action-link row-action-link--success" \n                    onclick="copyStudentData(\'CSE Student 08\', \'CSE008\', \'Computer Science and Engineering\', \'25th\')"\n                    title="Quick Copy Data">\n                <i class="fas fa-clone" style="font-size: 13px;"></i>\n            </button>\n            <a href="/reports/master-sheet/CSE008/" class="row-action-link" style="background: rgba(209, 73, 91, 0.1); color: var(--danger-red);" title="Download Master Sheet (PDF)">\n                <i class="fas fa-file-pdf" style="font-size: 13px;"></i>\n            </a>\n            <a href="/students/profile/CSE008/" class="row-action-link row-action-link--primary" title="View Full Profile">\n                <i class="fas fa-address-card" style="font-size: 13px;"></i>\n            </a>\n            <a href="/students/edit/CSE008/" class="row-action-link row-action-link--warning" title="Edit Records">\n                <i class="fas fa-user-pen" style="font-size: 13px;"></i>\n            </a>\n        </div>\n    </td>\n</tr>\n\n<tr class="animated fadeIn">\n    \n    \n    <!-- 0. Checkbox -->\n    <td class="td-checkbox text-center align-middle" style="padding-left: 15px;">\n        <div class="custom-control custom-checkbox mb-0 d-flex align-items-center justify-content-center" style="min-height: 1rem;">\n            <input type="checkbox" class="custom-control-input student-checkbox" id="chk_CSE009" value="CSE009" onchange="updateFloatingBar()">\n            <label class="custom-control-label m-0" for="chk_CSE009" style="line-height: 1;"></label>\n        </div>\n    </td>\n    \n    <!-- 1. SL -->\n    <td class="td-sl text-center">9</td>\n\n    <!-- 2. Photo -->\n    <td class="td-photo text-center p-1">\n        <div class="bg-light border d-flex align-items-center justify-content-center mx-auto" style="width: 40px; height: 48px; border-radius: 4px; overflow: hidden;">\n            \n            <i class="fas fa-user text-muted opacity-50" style="font-size: 20px;"></i>\n            \n        </div>\n    </td>\n\n    <!-- 3. ID & Name -->\n    <td class="td-name">\n        <div class="d-flex flex-column">\n            <div class="td-id-container d-flex align-items-center" style="gap: 6px;">\n                <div class="text-dark mb-0 text-monospace" style="font-size: 15px; letter-spacing: 0.5px; font-weight: 800;">CSE009</div>\n                <button type="button" class="btn-copy-id" onclick="copyToClipboard(\'CSE009\', this)" title="Copy ID">\n                    <i class="far fa-copy"></i>\n                </button>\n                <button type="button"\n                        class="student-info-trigger"\n                        data-short-info-url="/students/short-info/CSE009/"\n                        aria-label="Open quick student details"\n                        title="Quick Details">\n                    <i class="fas fa-info-circle" style="font-size: 14px;"></i>\n                </button>\n            </div>\n            <a href="/students/profile/CSE009/" class="font-weight-bold text-dark text-uppercase mt-1 student-name-link d-block" style="font-size: 13px; line-height: 1.2;">CSE Student 09</a>\n        </div>\n    </td>\n\n    <!-- 4. Parents -->\n    <td class="td-parents">\n        <div style="line-height: 1.2;">\n            <div class="text-dark font-weight-bold" style="font-size: 13px; white-space: nowrap; overflow: hidden; text-overflow: ellipsis; max-width: 180px;" title="Father: Father CSE 09">\n                <i class="fas fa-user-tie opacity-50 mr-1" style="font-size: 11px;"></i> Father CSE 09\n            </div>\n            <div class="text-muted" style="font-size: 12px; white-space: nowrap; overflow: hidden; text-overflow: ellipsis; max-width: 180px;" title="Mother: Mother CSE 09">\n                <i class="fas fa-user-nurse opacity-50 mr-1" style="font-size: 11px;"></i> Mother CSE 09\n            </div>\n        </div>\n    </td>\n\n    <!-- 5. Program & Batch -->\n    <td class="td-program">\n        <div class="font-weight-bold text-dark" style="font-size: 13px;">CSE</div>\n        <div class="text-muted" style="font-size: 12px;">Batch: <strong>25th</strong></div>\n    </td>\n\n    <!-- 6. Intake Details -->\n    <td class="td-intake text-center">\n        <div class="text-dark font-weight-bold" style="font-size: 13px;">Spring</div>\n        <div class="text-muted mt-1" style="font-size: 11px; text-transform: uppercase; font-weight: 700; letter-spacing: 0.5px;">Bachelor</div>\n    </td>\n\n    <!-- 7. Mobile & Gender -->\n    <td class="td-mobile text-center">\n        <div class="font-weight-bold text-dark" style="font-size: 13px;">01700000009</div>\n        <div class="mt-1" style="font-size: 12px; font-weight: 700;">\n            \n            <span class="text-primary">MALE</span>\n            \n        </div>\n    </td>\n\n    <!-- 8. Special Flags (Icons) -->\n    <td class="td-special text-center">\n        <div class="d-flex justify-content-center flex-wrap" style="gap: 8px;">\n            \n            \n            \n            \n            \n            \n        </div>\n    </td>\n\n    <!-- 9. Action -->\n    <td class="td-action text-right">\n        <div class="d-flex justify-content-end align-items-center" style="gap: 6px;">\n            <button type="button" \n                    class="row-action-link row-action-link--success" \n                    onclick="copyStudentData(\'CSE Student 09\', \'CSE009\', \'Computer Science and Engineering\', \'25th\')"\n                    title="Quick Copy Data">\n                <i class="fas fa-clone" style="font-size: 13px;"></i>\n            </button>\n            <a href="/reports/master-sheet/CSE009/" class="row-action-link" style="background: rgba(209, 73, 91, 0.1); color: var(--danger-red);" title="Download Master Sheet (PDF)">\n                <i class="fas fa-file-pdf" style="font-size: 13px;"></i>\n            </a>\n            <a href="/students/profile/CSE009/" class="row-action-link row-action-link--primary" title="View Full Profile">\n                <i class="fas fa-address-card" style="font-size: 13px;"></i>\n            </a>\n            <a href="/students/edit/CSE009/" class="row-action-link row-action-link--warning" title="Edit Records">\n                <i class="fas fa-user-pen" style="font-size: 13px;"></i>\n            </a>\n        </div>\n    </td>\n</tr>\n\n<tr class="animated fadeIn">\n    \n    \n    <!-- 0. Checkbox -->\n    <td class="td-checkbox text-center align-middle" style="padding-left: 15px;">\n        <div class="custom-control custom-checkbox mb-0 d-flex align-items-center justify-content-center" style="min-height: 1rem;">\n            <input type="checkbox" class="custom-control-input student-checkbox" id="chk_CSE010" value="CSE010" onchange="updateFloatingBar()">\n            <label class="custom-control-label m-0" for="chk_CSE010" style="line-height: 1;"></label>\n        </div>\n    </td>\n    \n    <!-- 1. SL -->\n    <td class="td-sl text-center">10</td>\n\n    <!-- 2. Photo -->\n    <td class="td-photo text-center p-1">\n        <div class="bg-light border d-flex align-items-center justify-content-center mx-auto" style="width: 40px; height: 48px; border-radius: 4px; overflow: hidden;">\n            \n            <i class="fas fa-user text-muted opacity-50" style="font-size: 20px;"></i>\n            \n        </div>\n    </td>\n\n    <!-- 3. ID & Name -->\n    <td class="td-name">\n        <div class="d-flex flex-column">\n            <div class="td-id-container d-flex align-items-center" style="gap: 6px;">\n                <div class="text-dark mb-0 text-monospace" style="font-size: 15px; letter-spacing: 0.5px; font-weight: 800;">CSE010</div>\n                <button type="button" class="btn-copy-id" onclick="copyToClipboard(\'CSE010\', this)" title="Copy ID">\n                    <i class="far fa-copy"></i>\n                </button>\n                <button type="button"\n                        class="student-info-trigger"\n                        data-short-info-url="/students/short-info/CSE010/"\n                        aria-label="Open quick student details"\n                        title="Quick Details">\n                    <i class="fas fa-info-circle" style="font-size: 14px;"></i>\n                </button>\n            </div>\n            <a href="/students/profile/CSE010/" class="font-weight-bold text-dark text-uppercase mt-1 student-name-link d-block" style="font-size: 13px; line-height: 1.2;">CSE Student 10</a>\n        </div>\n    </td>\n\n    <!-- 4. Parents -->\n    <td class="td-parents">\n        <div style="line-height: 1.2;">\n            <div class="text-dark font-weight-bold" style="font-size: 13px; white-space: nowrap; overflow: hidden; text-overflow: ellipsis; max-width: 180px;" title="Father: Father CSE 10">\n                <i class="fas fa-user-tie opacity-50 mr-1" style="font-size: 11px;"></i> Father CSE 10\n            </div>\n            <div class="text-muted" style="font-size: 12px; white-space: nowrap; overflow: hidden; text-overflow: ellipsis; max-width: 180px;" title="Mother: Mother CSE 10">\n                <i class="fas fa-user-nurse opacity-50 mr-1" style="font-size: 11px;"></i> Mother CSE 10\n            </div>\n        </div>\n    </td>\n\n    <!-- 5. Program & Batch -->\n    <td class="td-program">\n        <div class="font-weight-bold text-dark" style="font-size: 13px;">CSE</div>\n        <div class="text-muted" style="font-size: 12px;">Batch: <strong>25th</strong></div>\n    </td>\n\n    <!-- 6. Intake Details -->\n    <td class="td-intake text-center">\n        <div class="text-dark font-weight-bold" style="font-size: 13px;">Spring</div>\n        <div class="text-muted mt-1" style="font-size: 11px; text-transform: uppercase; font-weight: 700; letter-spacing: 0.5px;">Bachelor</div>\n    </td>\n\n    <!-- 7. Mobile & Gender -->\n    <td class="td-mobile text-center">\n        <div class="font-weight-bold text-dark" style="font-size: 13px;">01700000010</div>\n        <div class="mt-1" style="font-size: 12px; font-weight: 700;">\n            \n            <span style="color: #e83e8c;">FEMALE</span>\n            \n        </div>\n    </td>\n\n    <!-- 8. Special Flags (Icons) -->\n    <td class="td-special text-center">\n        <div class="d-flex justify-content-center flex-wrap" style="gap: 8px;">\n            \n            \n            \n            \n            \n            \n        </div>\n    </td>\n\n    <!-- 9. Action -->\n    <td class="td-action text-right">\n        <div class="d-flex justify-content-end align-items-center" style="gap: 6px;">\n            <button type="button" \n                    class="row-action-link row-action-link--success" \n                    onclick="copyStudentData(\'CSE Student 10\', \'CSE010\', \'Computer Science and Engineering\', \'25th\')"\n                    title="Quick Copy Data">\n                <i class="fas fa-clone" style="font-size: 13px;"></i>\n            </button>\n            <a href="/reports/master-sheet/CSE010/" class="row-action-link" style="background: rgba(209, 73, 91, 0.1); color: var(--danger-red);" title="Download Master Sheet (PDF)">\n                <i class="fas fa-file-pdf" style="font-size: 13px;"></i>\n            </a>\n            <a href="/students/profile/CSE010/" class="row-action-link row-action-link--primary" title="View Full Profile">\n                <i class="fas fa-address-card" style="font-size: 13px;"></i>\n            </a>\n            <a href="/students/edit/CSE010/" class="row-action-link row-action-link--warning" title="Edit Records">\n                <i class="fas fa-user-pen" style="font-size: 13px;"></i>\n            </a>\n        </div>\n    </td>\n</tr>\n\n<tr class="animated fadeIn">\n    \n    \n    <!-- 0. Checkbox -->\n    <td class="td-checkbox text-center align-middle" style="padding-left: 15px;">\n        <div class="custom-control custom-checkbox mb-0 d-flex align-items-center justify-content-center" style="min-height: 1rem;">\n            <input type="checkbox" class="custom-control-input student-checkbox" id="chk_CSE011" value="CSE011" onchange="updateFloatingBar()">\n            <label class="custom-control-label m-0" for="chk_CSE011" style="line-height: 1;"></label>\n        </div>\n    </td>\n    \n    <!-- 1. SL -->\n    <td class="td-sl text-center">11</td>\n\n    <!-- 2. Photo -->\n    <td class="td-photo text-center p-1">\n        <div class="bg-light border d-flex align-items-center justify-content-center mx-auto" style="width: 40px; height: 48px; border-radius: 4px; overflow: hidden;">\n            \n            <i class="fas fa-user text-muted opacity-50" style="font-size: 20px;"></i>\n            \n        </div>\n    </td>\n\n    <!-- 3. ID & Name -->\n    <td class="td-name">\n        <div class="d-flex flex-column">\n            <div class="td-id-container d-flex align-items-center" style="gap: 6px;">\n                <div class="text-dark mb-0 text-monospace" style="font-size: 15px; letter-spacing: 0.5px; font-weight: 800;">CSE011</div>\n                <button type="button" class="btn-copy-id" onclick="copyToClipboard(\'CSE011\', this)" title="Copy ID">\n                    <i class="far fa-copy"></i>\n                </button>\n                <button type="button"\n                        class="student-info-trigger"\n                        data-short-info-url="/students/short-info/CSE011/"\n                        aria-label="Open quick student details"\n                        title="Quick Details">\n                    <i class="fas fa-info-circle" style="font-size: 14px;"></i>\n                </button>\n            </div>\n            <a href="/students/profile/CSE011/" class="font-weight-bold text-dark text-uppercase mt-1 student-name-link d-block" style="font-size: 13px; line-height: 1.2;">CSE Student 11</a>\n        </div>\n    </td>\n\n    <!-- 4. Parents -->\n    <td class="td-parents">\n        <div style="line-height: 1.2;">\n            <div class="text-dark font-weight-bold" style="font-size: 13px; white-space: nowrap; overflow: hidden; text-overflow: ellipsis; max-width: 180px;" title="Father: Father CSE 11">\n                <i class="fas fa-user-tie opacity-50 mr-1" style="font-size: 11px;"></i> Father CSE 11\n            </div>\n            <div class="text-muted" style="font-size: 12px; white-space: nowrap; overflow: hidden; text-overflow: ellipsis; max-width: 180px;" title="Mother: Mother CSE 11">\n                <i class="fas fa-user-nurse opacity-50 mr-1" style="font-size: 11px;"></i> Mother CSE 11\n            </div>\n        </div>\n    </td>\n\n    <!-- 5. Program & Batch -->\n    <td class="td-program">\n        <div class="font-weight-bold text-dark" style="font-size: 13px;">CSE</div>\n        <div class="text-muted" style="font-size: 12px;">Batch: <strong>24th</strong></div>\n    </td>\n\n    <!-- 6. Intake Details -->\n    <td class="td-intake text-center">\n        <div class="text-dark font-weight-bold" style="font-size: 13px;">Spring</div>\n        <div class="text-muted mt-1" style="font-size: 11px; text-transform: uppercase; font-weight: 700; letter-spacing: 0.5px;">Bachelor</div>\n    </td>\n\n    <!-- 7. Mobile & Gender -->\n    <td class="td-mobile text-center">\n        <div class="font-weight-bold text-dark" style="font-size: 13px;">01700000011</div>\n        <div class="mt-1" style="font-size: 12px; font-weight: 700;">\n            \n            <span class="text-primary">MALE</span>\n            \n        </div>\n    </td>\n\n    <!-- 8. Special Flags (Icons) -->\n    <td class="td-special text-center">\n        <div class="d-flex justify-content-center flex-wrap" style="gap: 8px;">\n            \n            \n            \n            \n            \n            \n        </div>\n    </td>\n\n    <!-- 9. Action -->\n    <td class="td-action text-right">\n        <div class="d-flex justify-content-end align-items-center" style="gap: 6px;">\n            <button type="button" \n                    class="row-action-link row-action-link--success" \n                    onclick="copyStudentData(\'CSE Student 11\', \'CSE011\', \'Computer Science and Engineering\', \'24th\')"\n                    title="Quick Copy Data">\n                <i class="fas fa-clone" style="font-size: 13px;"></i>\n            </button>\n            <a href="/reports/master-sheet/CSE011/" class="row-action-link" style="background: rgba(209, 73, 91, 0.1); color: var(--danger-red);" title="Download Master Sheet (PDF)">\n                <i class="fas fa-file-pdf" style="font-size: 13px;"></i>\n            </a>\n            <a href="/students/profile/CSE011/" class="row-action-link row-action-link--primary" title="View Full Profile">\n                <i class="fas fa-address-card" style="font-size: 13px;"></i>\n            </a>\n            <a href="/students/edit/CSE011/" class="row-action-link row-action-link--warning" title="Edit Records">\n                <i class="fas fa-user-pen" style="font-size: 13px;"></i>\n            </a>\n        </div>\n    </td>\n</tr>\n\n<tr class="animated fadeIn">\n    \n    \n    <!-- 0. Checkbox -->\n    <td class="td-checkbox text-center align-middle" style="padding-left: 15px;">\n        <div class="custom-control custom-checkbox mb-0 d-flex align-items-center justify-content-center" style="min-height: 1rem;">\n            <input type="checkbox" class="custom-control-input student-checkbox" id="chk_CSE012" value="CSE012" onchange="updateFloatingBar()">\n            <label class="custom-control-label m-0" for="chk_CSE012" style="line-height: 1;"></label>\n        </div>\n    </td>\n    \n    <!-- 1. SL -->\n    <td class="td-sl text-center">12</td>\n\n    <!-- 2. Photo -->\n    <td class="td-photo text-center p-1">\n        <div class="bg-light border d-flex align-items-center justify-content-center mx-auto" style="width: 40px; height: 48px; border-radius: 4px; overflow: hidden;">\n            \n            <i class="fas fa-user text-muted opacity-50" style="font-size: 20px;"></i>\n            \n        </div>\n    </td>\n\n    <!-- 3. ID & Name -->\n    <td class="td-name">\n        <div class="d-flex flex-column">\n            <div class="td-id-container d-flex align-items-center" style="gap: 6px;">\n                <div class="text-dark mb-0 text-monospace" style="font-size: 15px; letter-spacing: 0.5px; font-weight: 800;">CSE012</div>\n                <button type="button" class="btn-copy-id" onclick="copyToClipboard(\'CSE012\', this)" title="Copy ID">\n                    <i class="far fa-copy"></i>\n                </button>\n                <button type="button"\n                        class="student-info-trigger"\n                        data-short-info-url="/students/short-info/CSE012/"\n                        aria-label="Open quick student details"\n                        title="Quick Details">\n                    <i class="fas fa-info-circle" style="font-size: 14px;"></i>\n                </button>\n            </div>\n            <a href="/students/profile/CSE012/" class="font-weight-bold text-dark text-uppercase mt-1 student-name-link d-block" style="font-size: 13px; line-height: 1.2;">CSE Student 12</a>\n        </div>\n    </td>\n\n    <!-- 4. Parents -->\n    <td class="td-parents">\n        <div style="line-height: 1.2;">\n            <div class="text-dark font-weight-bold" style="font-size: 13px; white-space: nowrap; overflow: hidden; text-overflow: ellipsis; max-width: 180px;" title="Father: Father CSE 12">\n                <i class="fas fa-user-tie opacity-50 mr-1" style="font-size: 11px;"></i> Father CSE 12\n            </div>\n            <div class="text-muted" style="font-size: 12px; white-space: nowrap; overflow: hidden; text-overflow: ellipsis; max-width: 180px;" title="Mother: Mother CSE 12">\n                <i class="fas fa-user-nurse opacity-50 mr-1" style="font-size: 11px;"></i> Mother CSE 12\n            </div>\n        </div>\n    </td>\n\n    <!-- 5. Program & Batch -->\n    <td class="td-program">\n        <div class="font-weight-bold text-dark" style="font-size: 13px;">CSE</div>\n        <div class="text-muted" style="font-size: 12px;">Batch: <strong>24th</strong></div>\n    </td>\n\n    <!-- 6. Intake Details -->\n    <td class="td-intake text-center">\n        <div class="text-dark font-weight-bold" style="font-size: 13px;">Spring</div>\n        <div class="text-muted mt-1" style="font-size: 11px; text-transform: uppercase; font-weight: 700; letter-spacing: 0.5px;">Bachelor</div>\n    </td>\n\n    <!-- 7. Mobile & Gender -->\n    <td class="td-mobile text-center">\n        <div class="font-weight-bold text-dark" style="font-size: 13px;">01700000012</div>\n        <div class="mt-1" style="font-size: 12px; font-weight: 700;">\n            \n            <span style="color: #e83e8c;">FEMALE</span>\n            \n        </div>\n    </td>\n\n    <!-- 8. Special Flags (Icons) -->\n    <td class="td-special text-center">\n        <div class="d-flex justify-content-center flex-wrap" style="gap: 8px;">\n            \n            \n            \n            \n            \n            \n        </div>\n    </td>\n\n    <!-- 9. Action -->\n    <td class="td-action text-right">\n        <div class="d-flex justify-content-end align-items-center" style="gap: 6px;">\n            <button type="button" \n                    class="row-action-link row-action-link--success" \n                    onclick="copyStudentData(\'CSE Student 12\', \'CSE012\', \'Computer Science and Engineering\', \'24th\')"\n                    title="Quick Copy Data">\n                <i class="fas fa-clone" style="font-size: 13px;"></i>\n            </button>\n            <a href="/reports/master-sheet/CSE012/" class="row-action-link" style="background: rgba(209, 73, 91, 0.1); color: var(--danger-red);" title="Download Master Sheet (PDF)">\n                <i class="fas fa-file-pdf" style="font-size: 13px;"></i>\n            </a>\n            <a href="/students/profile/CSE012/" class="row-action-link row-action-link--primary" title="View Full Profile">\n                <i class="fas fa-address-card" style="font-size: 13px;"></i>\n            </a>\n            <a href="/students/edit/CSE012/" class="row-action-link row-action-link--warning" title="Edit Records">\n                <i class="fas fa-user-pen" style="font-size: 13px;"></i>\n            </a>\n        </div>\n    </td>\n</tr>\n\n<tr class="animated fadeIn">\n    \n    \n    <!-- 0. Checkbox -->\n    <td class="td-checkbox text-center align-middle" style="padding-left: 15px;">\n        <div class="custom-control custom-checkbox mb-0 d-flex align-items-center justify-content-center" style="min-height: 1rem;">\n            <input type="checkbox" class="custom-control-input student-checkbox" id="chk_CSE013" value="CSE013" onchange="updateFloatingBar()">\n            <label class="custom-control-label m-0" for="chk_CSE013" style="line-height: 1;"></label>\n        </div>\n    </td>\n    \n    <!-- 1. SL -->\n    <td class="td-sl text-center">13</td>\n\n    <!-- 2. Photo -->\n    <td class="td-photo text-center p-1">\n        <div class="bg-light border d-flex align-items-center justify-content-center mx-auto" style="width: 40px; height: 48px; border-radius: 4px; overflow: hidden;">\n            \n            <i class="fas fa-user text-muted opacity-50" style="font-size: 20px;"></i>\n            \n        </div>\n    </td>\n\n    <!-- 3. ID & Name -->\n    <td class="td-name">\n        <div class="d-flex flex-column">\n            <div class="td-id-container d-flex align-items-center" style="gap: 6px;">\n                <div class="text-dark mb-0 text-monospace" style="font-size: 15px; letter-spacing: 0.5px; font-weight: 800;">CSE013</div>\n                <button type="button" class="btn-copy-id" onclick="copyToClipboard(\'CSE013\', this)" title="Copy ID">\n                    <i class="far fa-copy"></i>\n                </button>\n                <button type="button"\n                        class="student-info-trigger"\n                        data-short-info-url="/students/short-info/CSE013/"\n                        aria-label="Open quick student details"\n                        title="Quick Details">\n                    <i class="fas fa-info-circle" style="font-size: 14px;"></i>\n                </button>\n            </div>\n            <a href="/students/profile/CSE013/" class="font-weight-bold text-dark text-uppercase mt-1 student-name-link d-block" style="font-size: 13px; line-height: 1.2;">CSE Student 13</a>\n        </div>\n    </td>\n\n    <!-- 4. Parents -->\n    <td class="td-parents">\n        <div style="line-height: 1.2;">\n            <div class="text-dark font-weight-bold" style="font-size: 13px; white-space: nowrap; overflow: hidden; text-overflow: ellipsis; max-width: 180px;" title="Father: Father CSE 13">\n                <i class="fas fa-user-tie opacity-50 mr-1" style="font-size: 11px;"></i> Father CSE 13\n            </div>\n            <div class="text-muted" style="font-size: 12px; white-space: nowrap; overflow: hidden; text-overflow: ellipsis; max-width: 180px;" title="Mother: Mother CSE 13">\n                <i class="fas fa-user-nurse opacity-50 mr-1" style="font-size: 11px;"></i> Mother CSE 13\n            </div>\n        </div>\n    </td>\n\n    <!-- 5. Program & Batch -->\n    <td class="td-program">\n        <div class="font-weight-bold text-dark" style="font-size: 13px;">CSE</div>\n        <div class="text-muted" style="font-size: 12px;">Batch: <strong>24th</strong></div>\n    </td>\n\n    <!-- 6. Intake Details -->\n    <td class="td-intake text-center">\n        <div class="text-dark font-weight-bold" style="font-size: 13px;">Spring</div>\n        <div class="text-muted mt-1" style="font-size: 11px; text-transform: uppercase; font-weight: 700; letter-spacing: 0.5px;">Bachelor</div>\n    </td>\n\n    <!-- 7. Mobile & Gender -->\n    <td class="td-mobile text-center">\n        <div class="font-weight-bold text-dark" style="font-size: 13px;">01700000013</div>\n        <div class="mt-1" style="font-size: 12px; font-weight: 700;">\n            \n            <span class="text-primary">MALE</span>\n            \n        </div>\n    </td>\n\n    <!-- 8. Special Flags (Icons) -->\n    <td class="td-special text-center">\n        <div class="d-flex justify-content-center flex-wrap" style="gap: 8px;">\n            \n            \n            \n            \n            \n            \n        </div>\n    </td>\n\n    <!-- 9. Action -->\n    <td class="td-action text-right">\n        <div class="d-flex justify-content-end align-items-center" style="gap: 6px;">\n            <button type="button" \n                    class="row-action-link row-action-link--success" \n                    onclick="copyStudentData(\'CSE Student 13\', \'CSE013\', \'Computer Science and Engineering\', \'24th\')"\n                    title="Quick Copy Data">\n                <i class="fas fa-clone" style="font-size: 13px;"></i>\n            </button>\n            <a href="/reports/master-sheet/CSE013/" class="row-action-link" style="background: rgba(209, 73, 91, 0.1); color: var(--danger-red);" title="Download Master Sheet (PDF)">\n                <i class="fas fa-file-pdf" style="font-size: 13px;"></i>\n            </a>\n            <a href="/students/profile/CSE013/" class="row-action-link row-action-link--primary" title="View Full Profile">\n                <i class="fas fa-address-card" style="font-size: 13px;"></i>\n            </a>\n            <a href="/students/edit/CSE013/" class="row-action-link row-action-link--warning" title="Edit Records">\n                <i class="fas fa-user-pen" style="font-size: 13px;"></i>\n            </a>\n        </div>\n    </td>\n</tr>\n\n<tr class="animated fadeIn">\n    \n    \n    <!-- 0. Checkbox -->\n    <td class="td-checkbox text-center align-middle" style="padding-left: 15px;">\n        <div class="custom-control custom-checkbox mb-0 d-flex align-items-center justify-content-center" style="min-height: 1rem;">\n            <input type="checkbox" class="custom-control-input student-checkbox" id="chk_CSE014" value="CSE014" onchange="updateFloatingBar()">\n            <label class="custom-control-label m-0" for="chk_CSE014" style="line-height: 1;"></label>\n        </div>\n    </td>\n    \n    <!-- 1. SL -->\n    <td class="td-sl text-center">14</td>\n\n    <!-- 2. Photo -->\n    <td class="td-photo text-center p-1">\n        <div class="bg-light border d-flex align-items-center justify-content-center mx-auto" style="width: 40px; height: 48px; border-radius: 4px; overflow: hidden;">\n            \n            <i class="fas fa-user text-muted opacity-50" style="font-size: 20px;"></i>\n            \n        </div>\n    </td>\n\n    <!-- 3. ID & Name -->\n    <td class="td-name">\n        <div class="d-flex flex-column">\n            <div class="td-id-container d-flex align-items-center" style="gap: 6px;">\n                <div class="text-dark mb-0 text-monospace" style="font-size: 15px; letter-spacing: 0.5px; font-weight: 800;">CSE014</div>\n                <button type="button" class="btn-copy-id" onclick="copyToClipboard(\'CSE014\', this)" title="Copy ID">\n                    <i class="far fa-copy"></i>\n                </button>\n                <button type="button"\n                        class="student-info-trigger"\n                        data-short-info-url="/students/short-info/CSE014/"\n                        aria-label="Open quick student details"\n                        title="Quick Details">\n                    <i class="fas fa-info-circle" style="font-size: 14px;"></i>\n                </button>\n            </div>\n            <a href="/students/profile/CSE014/" class="font-weight-bold text-dark text-uppercase mt-1 student-name-link d-block" style="font-size: 13px; line-height: 1.2;">CSE Student 14</a>\n        </div>\n    </td>\n\n    <!-- 4. Parents -->\n    <td class="td-parents">\n        <div style="line-height: 1.2;">\n            <div class="text-dark font-weight-bold" style="font-size: 13px; white-space: nowrap; overflow: hidden; text-overflow: ellipsis; max-width: 180px;" title="Father: Father CSE 14">\n                <i class="fas fa-user-tie opacity-50 mr-1" style="font-size: 11px;"></i> Father CSE 14\n            </div>\n            <div class="text-muted" style="font-size: 12px; white-space: nowrap; overflow: hidden; text-overflow: ellipsis; max-width: 180px;" title="Mother: Mother CSE 14">\n                <i class="fas fa-user-nurse opacity-50 mr-1" style="font-size: 11px;"></i> Mother CSE 14\n            </div>\n        </div>\n    </td>\n\n    <!-- 5. Program & Batch -->\n    <td class="td-program">\n        <div class="font-weight-bold text-dark" style="font-size: 13px;">CSE</div>\n        <div class="text-muted" style="font-size: 12px;">Batch: <strong>24th</strong></div>\n    </td>\n\n    <!-- 6. Intake Details -->\n    <td class="td-intake text-center">\n        <div class="text-dark font-weight-bold" style="font-size: 13px;">Spring</div>\n        <div class="text-muted mt-1" style="font-size: 11px; text-transform: uppercase; font-weight: 700; letter-spacing: 0.5px;">Bachelor</div>\n    </td>\n\n    <!-- 7. Mobile & Gender -->\n    <td class="td-mobile text-center">\n        <div class="font-weight-bold text-dark" style="font-size: 13px;">01700000014</div>\n        <div class="mt-1" style="font-size: 12px; font-weight: 700;">\n            \n            <span style="color: #e83e8c;">FEMALE</span>\n            \n        </div>\n    </td>\n\n    <!-- 8. Special Flags (Icons) -->\n    <td class="td-special text-center">\n        <div class="d-flex justify-content-center flex-wrap" style="gap: 8px;">\n            \n            \n            \n            \n            \n            \n        </div>\n    </td>\n\n    <!-- 9. Action -->\n    <td class="td-action text-right">\n        <div class="d-flex justify-content-end align-items-center" style="gap: 6px;">\n            <button type="button" \n                    class="row-action-link row-action-link--success" \n                    onclick="copyStudentData(\'CSE Student 14\', \'CSE014\', \'Computer Science and Engineering\', \'24th\')"\n                    title="Quick Copy Data">\n                <i class="fas fa-clone" style="font-size: 13px;"></i>\n            </button>\n            <a href="/reports/master-sheet/CSE014/" class="row-action-link" style="background: rgba(209, 73, 91, 0.1); color: var(--danger-red);" title="Download Master Sheet (PDF)">\n                <i class="fas fa-file-pdf" style="font-size: 13px;"></i>\n            </a>\n            <a href="/students/profile/CSE014/" class="row-action-link row-action-link--primary" title="View Full Profile">\n                <i class="fas fa-address-card" style="font-size: 13px;"></i>\n            </a>\n            <a href="/students/edit/CSE014/" class="row-action-link row-action-link--warning" title="Edit Records">\n                <i class="fas fa-user-pen" style="font-size: 13px;"></i>\n            </a>\n        </div>\n    </td>\n</tr>\n\n<tr class="animated fadeIn">\n    \n    \n    <!-- 0. Checkbox -->\n    <td class="td-checkbox text-center align-middle" style="padding-left: 15px;">\n        <div class="custom-control custom-checkbox mb-0 d-flex align-items-center justify-content-center" style="min-height: 1rem;">\n            <input type="checkbox" class="custom-control-input student-checkbox" id="chk_CSE015" value="CSE015" onchange="updateFloatingBar()">\n            <label class="custom-control-label m-0" for="chk_CSE015" style="line-height: 1;"></label>\n        </div>\n    </td>\n    \n    <!-- 1. SL -->\n    <td class="td-sl text-center">15</td>\n\n    <!-- 2. Photo -->\n    <td class="td-photo text-center p-1">\n        <div class="bg-light border d-flex align-items-center justify-content-center mx-auto" style="width: 40px; height: 48px; border-radius: 4px; overflow: hidden;">\n            \n            <i class="fas fa-user text-muted opacity-50" style="font-size: 20px;"></i>\n            \n        </div>\n    </td>\n\n    <!-- 3. ID & Name -->\n    <td class="td-name">\n        <div class="d-flex flex-column">\n            <div class="td-id-container d-flex align-items-center" style="gap: 6px;">\n                <div class="text-dark mb-0 text-monospace" style="font-size: 15px; letter-spacing: 0.5px; font-weight: 800;">CSE015</div>\n                <button type="button" class="btn-copy-id" onclick="copyToClipboard(\'CSE015\', this)" title="Copy ID">\n                    <i class="far fa-copy"></i>\n                </button>\n                <button type="button"\n                        class="student-info-trigger"\n                        data-short-info-url="/students/short-info/CSE015/"\n                        aria-label="Open quick student details"\n                        title="Quick Details">\n                    <i class="fas fa-info-circle" style="font-size: 14px;"></i>\n                </button>\n            </div>\n            <a href="/students/profile/CSE015/" class="font-weight-bold text-dark text-uppercase mt-1 student-name-link d-block" style="font-size: 13px; line-height: 1.2;">CSE Student 15</a>\n        </div>\n    </td>\n\n    <!-- 4. Parents -->\n    <td class="td-parents">\n        <div style="line-height: 1.2;">\n            <div class="text-dark font-weight-bold" style="font-size: 13px; white-space: nowrap; overflow: hidden; text-overflow: ellipsis; max-width: 180px;" title="Father: Father CSE 15">\n                <i class="fas fa-user-tie opacity-50 mr-1" style="font-size: 11px;"></i> Father CSE 15\n            </div>\n            <div class="text-muted" style="font-size: 12px; white-space: nowrap; overflow: hidden; text-overflow: ellipsis; max-width: 180px;" title="Mother: Mother CSE 15">\n                <i class="fas fa-user-nurse opacity-50 mr-1" style="font-size: 11px;"></i> Mother CSE 15\n            </div>\n        </div>\n    </td>\n\n    <!-- 5. Program & Batch -->\n    <td class="td-program">\n        <div class="font-weight-bold text-dark" style="font-size: 13px;">CSE</div>\n        <div class="text-muted" style="font-size: 12px;">Batch: <strong>24th</strong></div>\n    </td>\n\n    <!-- 6. Intake Details -->\n    <td class="td-intake text-center">\n        <div class="text-dark font-weight-bold" style="font-size: 13px;">Spring</div>\n        <div class="text-muted mt-1" style="font-size: 11px; text-transform: uppercase; font-weight: 700; letter-spacing: 0.5px;">Bachelor</div>\n    </td>\n\n    <!-- 7. Mobile & Gender -->\n    <td class="td-mobile text-center">\n        <div class="font-weight-bold text-dark" style="font-size: 13px;">01700000015</div>\n        <div class="mt-1" style="font-size: 12px; font-weight: 700;">\n            \n            <span class="text-primary">MALE</span>\n            \n        </div>\n    </td>\n\n    <!-- 8. Special Flags (Icons) -->\n    <td class="td-special text-center">\n        <div class="d-flex justify-content-center flex-wrap" style="gap: 8px;">\n            \n            \n            \n            \n            \n            \n        </div>\n    </td>\n\n    <!-- 9. Action -->\n    <td class="td-action text-right">\n        <div class="d-flex justify-content-end align-items-center" style="gap: 6px;">\n            <button type="button" \n                    class="row-action-link row-action-link--success" \n                    onclick="copyStudentData(\'CSE Student 15\', \'CSE015\', \'Computer Science and Engineering\', \'24th\')"\n                    title="Quick Copy Data">\n                <i class="fas fa-clone" style="font-size: 13px;"></i>\n            </button>\n            <a href="/reports/master-sheet/CSE015/" class="row-action-link" style="background: rgba(209, 73, 91, 0.1); color: var(--danger-red);" title="Download Master Sheet (PDF)">\n                <i class="fas fa-file-pdf" style="font-size: 13px;"></i>\n            </a>\n            <a href="/students/profile/CSE015/" class="row-action-link row-action-link--primary" title="View Full Profile">\n                <i class="fas fa-address-card" style="font-size: 13px;"></i>\n            </a>\n            <a href="/students/edit/CSE015/" class="row-action-link row-action-link--warning" title="Edit Records">\n                <i class="fas fa-user-pen" style="font-size: 13px;"></i>\n            </a>\n        </div>\n    </td>\n</tr>\n\n<tr class="animated fadeIn">\n    \n    \n    <!-- 0. Checkbox -->\n    <td class="td-checkbox text-center align-middle" style="padding-left: 15px;">\n        <div class="custom-control custom-checkbox mb-0 d-flex align-items-center justify-content-center" style="min-height: 1rem;">\n            <input type="checkbox" class="custom-control-input student-checkbox" id="chk_CSE900" value="CSE900" onchange="updateFloatingBar()">\n            <label class="custom-control-label m-0" for="chk_CSE900" style="line-height: 1;"></label>\n        </div>\n    </td>\n    \n    <!-- 1. SL -->\n    <td class="td-sl text-center">16</td>\n\n    <!-- 2. Photo -->\n    <td class="td-photo text-center p-1">\n        <div class="bg-light border d-flex align-items-center justify-content-center mx-auto" style="width: 40px; height: 48px; border-radius: 4px; overflow: hidden;">\n            \n            <img src="/media/photos/inactive.jpg" style="width: 100%; height: 100%; object-fit: cover;">\n            \n        </div>\n    </td>\n\n    <!-- 3. ID & Name -->\n    <td class="td-name">\n        <div class="d-flex flex-column">\n            <div class="td-id-container d-flex align-items-center" style="gap: 6px;">\n                <div class="text-dark mb-0 text-monospace" style="font-size: 15px; letter-spacing: 0.5px; font-weight: 800;">CSE900</div>\n                <button type="button" class="btn-copy-id" onclick="copyToClipboard(\'CSE900\', this)" title="Copy ID">\n                    <i class="far fa-copy"></i>\n                </button>\n                <button type="button"\n                        class="student-info-trigger"\n                        data-short-info-url="/students/short-info/CSE900/"\n                        aria-label="Open quick student details"\n                        title="Quick Details">\n                    <i class="fas fa-info-circle" style="font-size: 14px;"></i>\n                </button>\n            </div>\n            <a href="/students/profile/CSE900/" class="font-weight-bold text-dark text-uppercase mt-1 student-name-link d-block" style="font-size: 13px; line-height: 1.2;">Inactive CSE Student</a>\n        </div>\n    </td>\n\n    <!-- 4. Parents -->\n    <td class="td-parents">\n        <div style="line-height: 1.2;">\n            <div class="text-dark font-weight-bold" style="font-size: 13px; white-space: nowrap; overflow: hidden; text-overflow: ellipsis; max-width: 180px;" title="Father: Inactive Father">\n                <i class="fas fa-user-tie opacity-50 mr-1" style="font-size: 11px;"></i> Inactive Father\n            </div>\n            <div class="text-muted" style="font-size: 12px; white-space: nowrap; overflow: hidden; text-overflow: ellipsis; max-width: 180px;" title="Mother: Inactive Mother">\n                <i class="fas fa-user-nurse opacity-50 mr-1" style="font-size: 11px;"></i> Inactive Mother\n            </div>\n        </div>\n    </td>\n\n    <!-- 5. Program & Batch -->\n    <td class="td-program">\n        <div class="font-weight-bold text-dark" style="font-size: 13px;">CSE</div>\n        <div class="text-muted" style="font-size: 12px;">Batch: <strong>24th</strong></div>\n    </td>\n\n    <!-- 6. Intake Details -->\n    <td class="td-intake text-center">\n        <div class="text-dark font-weight-bold" style="font-size: 13px;">Fall</div>\n        <div class="text-muted mt-1" style="font-size: 11px; text-transform: uppercase; font-weight: 700; letter-spacing: 0.5px;">Bachelor</div>\n    </td>\n\n    <!-- 7. Mobile & Gender -->\n    <td class="td-mobile text-center">\n        <div class="font-weight-bold text-dark" style="font-size: 13px;">01810000000</div>\n        <div class="mt-1" style="font-size: 12px; font-weight: 700;">\n            \n            <span style="color: #e83e8c;">FEMALE</span>\n            \n        </div>\n    </td>\n\n    <!-- 8. Special Flags (Icons) -->\n    <td class="td-special text-center">\n        <div class="d-flex justify-content-center flex-wrap" style="gap: 8px;">\n            \n            \n            \n            \n            \n            \n        </div>\n    </td>\n\n    <!-- 9. Action -->\n    <td class="td-action text-right">\n        <div class="d-flex justify-content-end align-items-center" style="gap: 6px;">\n            <button type="button" \n                    class="row-action-link row-action-link--success" \n                    onclick="copyStudentData(\'Inactive CSE Student\', \'CSE900\', \'Computer Science and Engineering\', \'24th\')"\n                    title="Quick Copy Data">\n                <i class="fas fa-clone" style="font-size: 13px;"></i>\n            </button>\n            <a href="/reports/master-sheet/CSE900/" class="row-action-link" style="background: rgba(209, 73, 91, 0.1); color: var(--danger-red);" title="Download Master Sheet (PDF)">\n                <i class="fas fa-file-pdf" style="font-size: 13px;"></i>\n            </a>\n            <a href="/students/profile/CSE900/" class="row-action-link row-action-link--primary" title="View Full Profile">\n                <i class="fas fa-address-card" style="font-size: 13px;"></i>\n            </a>\n            <a href="/students/edit/CSE900/" class="row-action-link row-action-link--warning" title="Edit Records">\n                <i class="fas fa-user-pen" style="font-size: 13px;"></i>\n            </a>\n        </div>\n    </td>\n</tr>\n\n<tr class="animated fadeIn">\n    \n    \n    <!-- 0. Checkbox -->\n    <td class="td-checkbox text-center align-middle" style="padding-left: 15px;">\n        <div class="custom-control custom-checkbox mb-0 d-flex align-items-center justify-content-center" style="min-height: 1rem;">\n            <input type="checkbox" class="custom-control-input student-checkbox" id="chk_CSE902" value="CSE902" onchange="updateFloatingBar()">\n            <label class="custom-control-label m-0" for="chk_CSE902" style="line-height: 1;"></label>\n        </div>\n    </td>\n    \n    <!-- 1. SL -->\n    <td class="td-sl text-center">17</td>\n\n    <!-- 2. Photo -->\n    <td class="td-photo text-center p-1">\n        <div class="bg-light border d-flex align-items-center justify-content-center mx-auto" style="width: 40px; height: 48px; border-radius: 4px; overflow: hidden;">\n            \n            <i class="fas fa-user text-muted opacity-50" style="font-size: 20px;"></i>\n            \n        </div>\n    </td>\n\n    <!-- 3. ID & Name -->\n    <td class="td-name">\n        <div class="d-flex flex-column">\n            <div class="td-id-container d-flex align-items-center" style="gap: 6px;">\n                <div class="text-dark mb-0 text-monospace" style="font-size: 15px; letter-spacing: 0.5px; font-weight: 800;">CSE902</div>\n                <button type="button" class="btn-copy-id" onclick="copyToClipboard(\'CSE902\', this)" title="Copy ID">\n                    <i class="far fa-copy"></i>\n                </button>\n                <button type="button"\n                        class="student-info-trigger"\n                        data-short-info-url="/students/short-info/CSE902/"\n                        aria-label="Open quick student details"\n                        title="Quick Details">\n                    <i class="fas fa-info-circle" style="font-size: 14px;"></i>\n                </button>\n            </div>\n            <a href="/students/profile/CSE902/" class="font-weight-bold text-dark text-uppercase mt-1 student-name-link d-block" style="font-size: 13px; line-height: 1.2;">Legacy Short Program Student</a>\n        </div>\n    </td>\n\n    <!-- 4. Parents -->\n    <td class="td-parents">\n        <div style="line-height: 1.2;">\n            <div class="text-dark font-weight-bold" style="font-size: 13px; white-space: nowrap; overflow: hidden; text-overflow: ellipsis; max-width: 180px;" title="Father: Legacy Father">\n                <i class="fas fa-user-tie opacity-50 mr-1" style="font-size: 11px;"></i> Legacy Father\n            </div>\n            <div class="text-muted" style="font-size: 12px; white-space: nowrap; overflow: hidden; text-overflow: ellipsis; max-width: 180px;" title="Mother: Legacy Mother">\n                <i class="fas fa-user-nurse opacity-50 mr-1" style="font-size: 11px;"></i> Legacy Mother\n            </div>\n        </div>\n    </td>\n\n    <!-- 5. Program & Batch -->\n    <td class="td-program">\n        <div class="font-weight-bold text-dark" style="font-size: 13px;">CSE</div>\n        <div class="text-muted" style="font-size: 12px;">Batch: <strong>25th</strong></div>\n    </td>\n\n    <!-- 6. Intake Details -->\n    <td class="td-intake text-center">\n        <div class="text-dark font-weight-bold" style="font-size: 13px;">Spring</div>\n        <div class="text-muted mt-1" style="font-size: 11px; text-transform: uppercase; font-weight: 700; letter-spacing: 0.5px;">Bachelor</div>\n    </td>\n\n    <!-- 7. Mobile & Gender -->\n    <td class="td-mobile text-center">\n        <div class="font-weight-bold text-dark" style="font-size: 13px;">01810000002</div>\n        <div class="mt-1" style="font-size: 12px; font-weight: 700;">\n            \n            <span class="text-primary">MALE</span>\n            \n        </div>\n    </td>\n\n    <!-- 8. Special Flags (Icons) -->\n    <td class="td-special text-center">\n        <div class="d-flex justify-content-center flex-wrap" style="gap: 8px;">\n            \n            \n            \n            \n            \n            \n        </div>\n    </td>\n\n    <!-- 9. Action -->\n    <td class="td-action text-right">\n        <div class="d-flex justify-content-end align-items-center" style="gap: 6px;">\n            <button type="button" \n                    class="row-action-link row-action-link--success" \n                    onclick="copyStudentData(\'Legacy Short Program Student\', \'CSE902\', \'CSE\', \'25th\')"\n                    title="Quick Copy Data">\n                <i class="fas fa-clone" style="font-size: 13px;"></i>\n            </button>\n            <a href="/reports/master-sheet/CSE902/" class="row-action-link" style="background: rgba(209, 73, 91, 0.1); color: var(--danger-red);" title="Download Master Sheet (PDF)">\n                <i class="fas fa-file-pdf" style="font-size: 13px;"></i>\n            </a>\n            <a href="/students/profile/CSE902/" class="row-action-link row-action-link--primary" title="View Full Profile">\n                <i class="fas fa-address-card" style="font-size: 13px;"></i>\n            </a>\n            <a href="/students/edit/CSE902/" class="row-action-link row-action-link--warning" title="Edit Records">\n                <i class="fas fa-user-pen" style="font-size: 13px;"></i>\n            </a>\n        </div>\n    </td>\n</tr>\n\n<tr class="animated fadeIn">\n    \n    \n    <!-- 0. Checkbox -->\n    <td class="td-checkbox text-center align-middle" style="padding-left: 15px;">\n        <div class="custom-control custom-checkbox mb-0 d-flex align-items-center justify-content-center" style="min-height: 1rem;">\n            <input type="checkbox" class="custom-control-input student-checkbox" id="chk_EEE900" value="EEE900" onchange="updateFloatingBar()">\n            <label class="custom-control-label m-0" for="chk_EEE900" style="line-height: 1;"></label>\n        </div>\n    </td>\n    \n    <!-- 1. SL -->\n    <td class="td-sl text-center">18</td>\n\n    <!-- 2. Photo -->\n    <td class="td-photo text-center p-1">\n        <div class="bg-light border d-flex align-items-center justify-content-center mx-auto" style="width: 40px; height: 48px; border-radius: 4px; overflow: hidden;">\n            \n            <i class="fas fa-user text-muted opacity-50" style="font-size: 20px;"></i>\n            \n        </div>\n    </td>\n\n    <!-- 3. ID & Name -->\n    <td class="td-name">\n        <div class="d-flex flex-column">\n            <div class="td-id-container d-flex align-items-center" style="gap: 6px;">\n                <div class="text-dark mb-0 text-monospace" style="font-size: 15px; letter-spacing: 0.5px; font-weight: 800;">EEE900</div>\n                <button type="button" class="btn-copy-id" onclick="copyToClipboard(\'EEE900\', this)" title="Copy ID">\n                    <i class="far fa-copy"></i>\n                </button>\n                <button type="button"\n                        class="student-info-trigger"\n                        data-short-info-url="/students/short-info/EEE900/"\n                        aria-label="Open quick student details"\n                        title="Quick Details">\n                    <i class="fas fa-info-circle" style="font-size: 14px;"></i>\n                </button>\n            </div>\n            <a href="/students/profile/EEE900/" class="font-weight-bold text-dark text-uppercase mt-1 student-name-link d-block" style="font-size: 13px; line-height: 1.2;">EEE Latest Batch Student</a>\n        </div>\n    </td>\n\n    <!-- 4. Parents -->\n    <td class="td-parents">\n        <div style="line-height: 1.2;">\n            <div class="text-dark font-weight-bold" style="font-size: 13px; white-space: nowrap; overflow: hidden; text-overflow: ellipsis; max-width: 180px;" title="Father: Latest EEE Father">\n                <i class="fas fa-user-tie opacity-50 mr-1" style="font-size: 11px;"></i> Latest EEE Father\n            </div>\n            <div class="text-muted" style="font-size: 12px; white-space: nowrap; overflow: hidden; text-overflow: ellipsis; max-width: 180px;" title="Mother: Latest EEE Mother">\n                <i class="fas fa-user-nurse opacity-50 mr-1" style="font-size: 11px;"></i> Latest EEE Mother\n            </div>\n        </div>\n    </td>\n\n    <!-- 5. Program & Batch -->\n    <td class="td-program">\n        <div class="font-weight-bold text-dark" style="font-size: 13px;">EEE</div>\n        <div class="text-muted" style="font-size: 12px;">Batch: <strong>26th</strong></div>\n    </td>\n\n    <!-- 6. Intake Details -->\n    <td class="td-intake text-center">\n        <div class="text-dark font-weight-bold" style="font-size: 13px;">Spring</div>\n        <div class="text-muted mt-1" style="font-size: 11px; text-transform: uppercase; font-weight: 700; letter-spacing: 0.5px;">Bachelor</div>\n    </td>\n\n    <!-- 7. Mobile & Gender -->\n    <td class="td-mobile text-center">\n        <div class="font-weight-bold text-dark" style="font-size: 13px;">01999999999</div>\n        <div class="mt-1" style="font-size: 12px; font-weight: 700;">\n            \n            <span style="color: #e83e8c;">FEMALE</span>\n            \n        </div>\n    </td>\n\n    <!-- 8. Special Flags (Icons) -->\n    <td class="td-special text-center">\n        <div class="d-flex justify-content-center flex-wrap" style="gap: 8px;">\n            \n            \n            \n            \n            \n            \n        </div>\n    </td>\n\n    <!-- 9. Action -->\n    <td class="td-action text-right">\n        <div class="d-flex justify-content-end align-items-center" style="gap: 6px;">\n            <button type="button" \n                    class="row-action-link row-action-link--success" \n                    onclick="copyStudentData(\'EEE Latest Batch Student\', \'EEE900\', \'Electrical and Electronic Engineering\', \'26th\')"\n                    title="Quick Copy Data">\n                <i class="fas fa-clone" style="font-size: 13px;"></i>\n            </button>\n            <a href="/reports/master-sheet/EEE900/" class="row-action-link" style="background: rgba(209, 73, 91, 0.1); color: var(--danger-red);" title="Download Master Sheet (PDF)">\n                <i class="fas fa-file-pdf" style="font-size: 13px;"></i>\n            </a>\n            <a href="/students/profile/EEE900/" class="row-action-link row-action-link--primary" title="View Full Profile">\n                <i class="fas fa-address-card" style="font-size: 13px;"></i>\n            </a>\n            <a href="/students/edit/EEE900/" class="row-action-link row-action-link--warning" title="Edit Records">\n                <i class="fas fa-user-pen" style="font-size: 13px;"></i>\n            </a>\n        </div>\n    </td>\n</tr>\n\n<tr class="animated fadeIn">\n    \n    \n    <!-- 0. Checkbox -->\n    <td class="td-checkbox text-center align-middle" style="padding-left: 15px;">\n        <div class="custom-control custom-checkbox mb-0 d-flex align-items-center justify-content-center" style="min-height: 1rem;">\n            <input type="checkbox" class="custom-control-input student-checkbox" id="chk_EEE001" value="EEE001" onchange="updateFloatingBar()">\n            <label class="custom-control-label m-0" for="chk_EEE001" style="line-height: 1;"></label>\n        </div>\n    </td>\n    \n    <!-- 1. SL -->\n    <td class="td-sl text-center">19</td>\n\n    <!-- 2. Photo -->\n    <td class="td-photo text-center p-1">\n        <div class="bg-light border d-flex align-items-center justify-content-center mx-auto" style="width: 40px; height: 48px; border-radius: 4px; overflow: hidden;">\n            \n            <i class="fas fa-user text-muted opacity-50" style="font-size: 20px;"></i>\n            \n        </div>\n    </td>\n\n    <!-- 3. ID & Name -->\n    <td class="td-name">\n        <div class="d-flex flex-column">\n            <div class="td-id-container d-flex align-items-center" style="gap: 6px;">\n                <div class="text-dark mb-0 text-monospace" style="font-size: 15px; letter-spacing: 0.5px; font-weight: 800;">EEE001</div>\n                <button type="button" class="btn-copy-id" onclick="copyToClipboard(\'EEE001\', this)" title="Copy ID">\n                    <i class="far fa-copy"></i>\n                </button>\n                <button type="button"\n                        class="student-info-trigger"\n                        data-short-info-url="/students/short-info/EEE001/"\n                        aria-label="Open quick student details"\n                        title="Quick Details">\n                    <i class="fas fa-info-circle" style="font-size: 14px;"></i>\n                </button>\n            </div>\n            <a href="/students/profile/EEE001/" class="font-weight-bold text-dark text-uppercase mt-1 student-name-link d-block" style="font-size: 13px; line-height: 1.2;">EEE Student 01</a>\n        </div>\n    </td>\n\n    <!-- 4. Parents -->\n    <td class="td-parents">\n        <div style="line-height: 1.2;">\n            <div class="text-dark font-weight-bold" style="font-size: 13px; white-space: nowrap; overflow: hidden; text-overflow: ellipsis; max-width: 180px;" title="Father: Father EEE 01">\n                <i class="fas fa-user-tie opacity-50 mr-1" style="font-size: 11px;"></i> Father EEE 01\n            </div>\n            <div class="text-muted" style="font-size: 12px; white-space: nowrap; overflow: hidden; text-overflow: ellipsis; max-width: 180px;" title="Mother: Mother EEE 01">\n                <i class="fas fa-user-nurse opacity-50 mr-1" style="font-size: 11px;"></i> Mother EEE 01\n            </div>\n        </div>\n    </td>\n\n    <!-- 5. Program & Batch -->\n    <td class="td-program">\n        <div class="font-weight-bold text-dark" style="font-size: 13px;">EEE</div>\n        <div class="text-muted" style="font-size: 12px;">Batch: <strong>25th</strong></div>\n    </td>\n\n    <!-- 6. Intake Details -->\n    <td class="td-intake text-center">\n        <div class="text-dark font-weight-bold" style="font-size: 13px;">Spring</div>\n        <div class="text-muted mt-1" style="font-size: 11px; text-transform: uppercase; font-weight: 700; letter-spacing: 0.5px;">Bachelor</div>\n    </td>\n\n    <!-- 7. Mobile & Gender -->\n    <td class="td-mobile text-center">\n        <div class="font-weight-bold text-dark" style="font-size: 13px;">01900000001</div>\n        <div class="mt-1" style="font-size: 12px; font-weight: 700;">\n            \n            <span style="color: #e83e8c;">FEMALE</span>\n            \n        </div>\n    </td>\n\n    <!-- 8. Special Flags (Icons) -->\n    <td class="td-special text-center">\n        <div class="d-flex justify-content-center flex-wrap" style="gap: 8px;">\n            \n            \n            \n            \n            \n            \n        </div>\n    </td>\n\n    <!-- 9. Action -->\n    <td class="td-action text-right">\n        <div class="d-flex justify-content-end align-items-center" style="gap: 6px;">\n            <button type="button" \n                    class="row-action-link row-action-link--success" \n                    onclick="copyStudentData(\'EEE Student 01\', \'EEE001\', \'Electrical and Electronic Engineering\', \'25th\')"\n                    title="Quick Copy Data">\n                <i class="fas fa-clone" style="font-size: 13px;"></i>\n            </button>\n            <a href="/reports/master-sheet/EEE001/" class="row-action-link" style="background: rgba(209, 73, 91, 0.1); color: var(--danger-red);" title="Download Master Sheet (PDF)">\n                <i class="fas fa-file-pdf" style="font-size: 13px;"></i>\n            </a>\n            <a href="/students/profile/EEE001/" class="row-action-link row-action-link--primary" title="View Full Profile">\n                <i class="fas fa-address-card" style="font-size: 13px;"></i>\n            </a>\n            <a href="/students/edit/EEE001/" class="row-action-link row-action-link--warning" title="Edit Records">\n                <i class="fas fa-user-pen" style="font-size: 13px;"></i>\n            </a>\n        </div>\n    </td>\n</tr>\n\n<tr class="animated fadeIn">\n    \n    \n    <!-- 0. Checkbox -->\n    <td class="td-checkbox text-center align-middle" style="padding-left: 15px;">\n        <div class="custom-control custom-checkbox mb-0 d-flex align-items-center justify-content-center" style="min-height: 1rem;">\n            <input type="checkbox" class="custom-control-input student-checkbox" id="chk_EEE002" value="EEE002" onchange="updateFloatingBar()">\n            <label class="custom-control-label m-0" for="chk_EEE002" style="line-height: 1;"></label>\n        </div>\n    </td>\n    \n    <!-- 1. SL -->\n    <td class="td-sl text-center">20</td>\n\n    <!-- 2. Photo -->\n    <td class="td-photo text-center p-1">\n        <div class="bg-light border d-flex align-items-center justify-content-center mx-auto" style="width: 40px; height: 48px; border-radius: 4px; overflow: hidden;">\n            \n            <i class="fas fa-user text-muted opacity-50" style="font-size: 20px;"></i>\n            \n        </div>\n    </td>\n\n    <!-- 3. ID & Name -->\n    <td class="td-name">\n        <div class="d-flex flex-column">\n            <div class="td-id-container d-flex align-items-center" style="gap: 6px;">\n                <div class="text-dark mb-0 text-monospace" style="font-size: 15px; letter-spacing: 0.5px; font-weight: 800;">EEE002</div>\n                <button type="button" class="btn-copy-id" onclick="copyToClipboard(\'EEE002\', this)" title="Copy ID">\n                    <i class="far fa-copy"></i>\n                </button>\n                <button type="button"\n                        class="student-info-trigger"\n                        data-short-info-url="/students/short-info/EEE002/"\n                        aria-label="Open quick student details"\n                        title="Quick Details">\n                    <i class="fas fa-info-circle" style="font-size: 14px;"></i>\n                </button>\n            </div>\n            <a href="/students/profile/EEE002/" class="font-weight-bold text-dark text-uppercase mt-1 student-name-link d-block" style="font-size: 13px; line-height: 1.2;">EEE Student 02</a>\n        </div>\n    </td>\n\n    <!-- 4. Parents -->\n    <td class="td-parents">\n        <div style="line-height: 1.2;">\n            <div class="text-dark font-weight-bold" style="font-size: 13px; white-space: nowrap; overflow: hidden; text-overflow: ellipsis; max-width: 180px;" title="Father: Father EEE 02">\n                <i class="fas fa-user-tie opacity-50 mr-1" style="font-size: 11px;"></i> Father EEE 02\n            </div>\n            <div class="text-muted" style="font-size: 12px; white-space: nowrap; overflow: hidden; text-overflow: ellipsis; max-width: 180px;" title="Mother: Mother EEE 02">\n                <i class="fas fa-user-nurse opacity-50 mr-1" style="font-size: 11px;"></i> Mother EEE 02\n            </div>\n        </div>\n    </td>\n\n    <!-- 5. Program & Batch -->\n    <td class="td-program">\n        <div class="font-weight-bold text-dark" style="font-size: 13px;">EEE</div>\n        <div class="text-muted" style="font-size: 12px;">Batch: <strong>25th</strong></div>\n    </td>\n\n    <!-- 6. Intake Details -->\n    <td class="td-intake text-center">\n        <div class="text-dark font-weight-bold" style="font-size: 13px;">Spring</div>\n        <div class="text-muted mt-1" style="font-size: 11px; text-transform: uppercase; font-weight: 700; letter-spacing: 0.5px;">Bachelor</div>\n    </td>\n\n    <!-- 7. Mobile & Gender -->\n    <td class="td-mobile text-center">\n        <div class="font-weight-bold text-dark" style="font-size: 13px;">01900000002</div>\n        <div class="mt-1" style="font-size: 12px; font-weight: 700;">\n            \n            <span style="color: #e83e8c;">FEMALE</span>\n            \n        </div>\n    </td>\n\n    <!-- 8. Special Flags (Icons) -->\n    <td class="td-special text-center">\n        <div class="d-flex justify-content-center flex-wrap" style="gap: 8px;">\n            \n            \n            \n            \n            \n            \n        </div>\n    </td>\n\n    <!-- 9. Action -->\n    <td class="td-action text-right">\n        <div class="d-flex justify-content-end align-items-center" style="gap: 6px;">\n            <button type="button" \n                    class="row-action-link row-action-link--success" \n                    onclick="copyStudentData(\'EEE Student 02\', \'EEE002\', \'Electrical and Electronic Engineering\', \'25th\')"\n                    title="Quick Copy Data">\n                <i class="fas fa-clone" style="font-size: 13px;"></i>\n            </button>\n            <a href="/reports/master-sheet/EEE002/" class="row-action-link" style="background: rgba(209, 73, 91, 0.1); color: var(--danger-red);" title="Download Master Sheet (PDF)">\n                <i class="fas fa-file-pdf" style="font-size: 13px;"></i>\n            </a>\n            <a href="/students/profile/EEE002/" class="row-action-link row-action-link--primary" title="View Full Profile">\n                <i class="fas fa-address-card" style="font-size: 13px;"></i>\n            </a>\n            <a href="/students/edit/EEE002/" class="row-action-link row-action-link--warning" title="Edit Records">\n                <i class="fas fa-user-pen" style="font-size: 13px;"></i>\n            </a>\n        </div>\n    </td>\n</tr>\n\n<tr class="animated fadeIn">\n    \n    \n    <!-- 0. Checkbox -->\n    <td class="td-checkbox text-center align-middle" style="padding-left: 15px;">\n        <div class="custom-control custom-checkbox mb-0 d-flex align-items-center justify-content-center" style="min-height: 1rem;">\n            <input type="checkbox" class="custom-control-input student-checkbox" id="chk_EEE003" value="EEE003" onchange="updateFloatingBar()">\n            <label class="custom-control-label m-0" for="chk_EEE003" style="line-height: 1;"></label>\n        </div>\n    </td>\n    \n    <!-- 1. SL -->\n    <td class="td-sl text-center">21</td>\n\n    <!-- 2. Photo -->\n    <td class="td-photo text-center p-1">\n        <div class="bg-light border d-flex align-items-center justify-content-center mx-auto" style="width: 40px; height: 48px; border-radius: 4px; overflow: hidden;">\n            \n            <i class="fas fa-user text-muted opacity-50" style="font-size: 20px;"></i>\n            \n        </div>\n    </td>\n\n    <!-- 3. ID & Name -->\n    <td class="td-name">\n        <div class="d-flex flex-column">\n            <div class="td-id-container d-flex align-items-center" style="gap: 6px;">\n                <div class="text-dark mb-0 text-monospace" style="font-size: 15px; letter-spacing: 0.5px; font-weight: 800;">EEE003</div>\n                <button type="button" class="btn-copy-id" onclick="copyToClipboard(\'EEE003\', this)" title="Copy ID">\n                    <i class="far fa-copy"></i>\n                </button>\n                <button type="button"\n                        class="student-info-trigger"\n                        data-short-info-url="/students/short-info/EEE003/"\n                        aria-label="Open quick student details"\n                        title="Quick Details">\n                    <i class="fas fa-info-circle" style="font-size: 14px;"></i>\n                </button>\n            </div>\n            <a href="/students/profile/EEE003/" class="font-weight-bold text-dark text-uppercase mt-1 student-name-link d-block" style="font-size: 13px; line-height: 1.2;">EEE Student 03</a>\n        </div>\n    </td>\n\n    <!-- 4. Parents -->\n    <td class="td-parents">\n        <div style="line-height: 1.2;">\n            <div class="text-dark font-weight-bold" style="font-size: 13px; white-space: nowrap; overflow: hidden; text-overflow: ellipsis; max-width: 180px;" title="Father: Father EEE 03">\n                <i class="fas fa-user-tie opacity-50 mr-1" style="font-size: 11px;"></i> Father EEE 03\n            </div>\n            <div class="text-muted" style="font-size: 12px; white-space: nowrap; overflow: hidden; text-overflow: ellipsis; max-width: 180px;" title="Mother: Mother EEE 03">\n                <i class="fas fa-user-nurse opacity-50 mr-1" style="font-size: 11px;"></i> Mother EEE 03\n            </div>\n        </div>\n    </td>\n\n    <!-- 5. Program & Batch -->\n    <td class="td-program">\n        <div class="font-weight-bold text-dark" style="font-size: 13px;">EEE</div>\n        <div class="text-muted" style="font-size: 12px;">Batch: <strong>25th</strong></div>\n    </td>\n\n    <!-- 6. Intake Details -->\n    <td class="td-intake text-center">\n        <div class="text-dark font-weight-bold" style="font-size: 13px;">Spring</div>\n        <div class="text-muted mt-1" style="font-size: 11px; text-transform: uppercase; font-weight: 700; letter-spacing: 0.5px;">Bachelor</div>\n    </td>\n\n    <!-- 7. Mobile & Gender -->\n    <td class="td-mobile text-center">\n        <div class="font-weight-bold text-dark" style="font-size: 13px;">01900000003</div>\n        <div class="mt-1" style="font-size: 12px; font-weight: 700;">\n            \n            <span style="color: #e83e8c;">FEMALE</span>\n            \n        </div>\n    </td>\n\n    <!-- 8. Special Flags (Icons) -->\n    <td class="td-special text-center">\n        <div class="d-flex justify-content-center flex-wrap" style="gap: 8px;">\n            \n            \n            \n            \n            \n            \n        </div>\n    </td>\n\n    <!-- 9. Action -->\n    <td class="td-action text-right">\n        <div class="d-flex justify-content-end align-items-center" style="gap: 6px;">\n            <button type="button" \n                    class="row-action-link row-action-link--success" \n                    onclick="copyStudentData(\'EEE Student 03\', \'EEE003\', \'Electrical and Electronic Engineering\', \'25th\')"\n                    title="Quick Copy Data">\n                <i class="fas fa-clone" style="font-size: 13px;"></i>\n            </button>\n            <a href="/reports/master-sheet/EEE003/" class="row-action-link" style="background: rgba(209, 73, 91, 0.1); color: var(--danger-red);" title="Download Master Sheet (PDF)">\n                <i class="fas fa-file-pdf" style="font-size: 13px;"></i>\n            </a>\n            <a href="/students/profile/EEE003/" class="row-action-link row-action-link--primary" title="View Full Profile">\n                <i class="fas fa-address-card" style="font-size: 13px;"></i>\n            </a>\n            <a href="/students/edit/EEE003/" class="row-action-link row-action-link--warning" title="Edit Records">\n                <i class="fas fa-user-pen" style="font-size: 13px;"></i>\n            </a>\n        </div>\n    </td>\n</tr>\n\n<tr class="animated fadeIn">\n    \n    \n    <!-- 0. Checkbox -->\n    <td class="td-checkbox text-center align-middle" style="padding-left: 15px;">\n        <div class="custom-control custom-checkbox mb-0 d-flex align-items-center justify-content-center" style="min-height: 1rem;">\n            <input type="checkbox" class="custom-control-input student-checkbox" id="chk_EEE004" value="EEE004" onchange="updateFloatingBar()">\n            <label class="custom-control-label m-0" for="chk_EEE004" style="line-height: 1;"></label>\n        </div>\n    </td>\n    \n    <!-- 1. SL -->\n    <td class="td-sl text-center">22</td>\n\n    <!-- 2. Photo -->\n    <td class="td-photo text-center p-1">\n        <div class="bg-light border d-flex align-items-center justify-content-center mx-auto" style="width: 40px; height: 48px; border-radius: 4px; overflow: hidden;">\n            \n            <i class="fas fa-user text-muted opacity-50" style="font-size: 20px;"></i>\n            \n        </div>\n    </td>\n\n    <!-- 3. ID & Name -->\n    <td class="td-name">\n        <div class="d-flex flex-column">\n            <div class="td-id-container d-flex align-items-center" style="gap: 6px;">\n                <div class="text-dark mb-0 text-monospace" style="font-size: 15px; letter-spacing: 0.5px; font-weight: 800;">EEE004</div>\n                <button type="button" class="btn-copy-id" onclick="copyToClipboard(\'EEE004\', this)" title="Copy ID">\n                    <i class="far fa-copy"></i>\n                </button>\n                <button type="button"\n                        class="student-info-trigger"\n                        data-short-info-url="/students/short-info/EEE004/"\n                        aria-label="Open quick student details"\n                        title="Quick Details">\n                    <i class="fas fa-info-circle" style="font-size: 14px;"></i>\n                </button>\n            </div>\n            <a href="/students/profile/EEE004/" class="font-weight-bold text-dark text-uppercase mt-1 student-name-link d-block" style="font-size: 13px; line-height: 1.2;">EEE Student 04</a>\n        </div>\n    </td>\n\n    <!-- 4. Parents -->\n    <td class="td-parents">\n        <div style="line-height: 1.2;">\n            <div class="text-dark font-weight-bold" style="font-size: 13px; white-space: nowrap; overflow: hidden; text-overflow: ellipsis; max-width: 180px;" title="Father: Father EEE 04">\n                <i class="fas fa-user-tie opacity-50 mr-1" style="font-size: 11px;"></i> Father EEE 04\n            </div>\n            <div class="text-muted" style="font-size: 12px; white-space: nowrap; overflow: hidden; text-overflow: ellipsis; max-width: 180px;" title="Mother: Mother EEE 04">\n                <i class="fas fa-user-nurse opacity-50 mr-1" style="font-size: 11px;"></i> Mother EEE 04\n            </div>\n        </div>\n    </td>\n\n    <!-- 5. Program & Batch -->\n    <td class="td-program">\n        <div class="font-weight-bold text-dark" style="font-size: 13px;">EEE</div>\n        <div class="text-muted" style="font-size: 12px;">Batch: <strong>25th</strong></div>\n    </td>\n\n    <!-- 6. Intake Details -->\n    <td class="td-intake text-center">\n        <div class="text-dark font-weight-bold" style="font-size: 13px;">Spring</div>\n        <div class="text-muted mt-1" style="font-size: 11px; text-transform: uppercase; font-weight: 700; letter-spacing: 0.5px;">Bachelor</div>\n    </td>\n\n    <!-- 7. Mobile & Gender -->\n    <td class="td-mobile text-center">\n        <div class="font-weight-bold text-dark" style="font-size: 13px;">01900000004</div>\n        <div class="mt-1" style="font-size: 12px; font-weight: 700;">\n            \n            <span style="color: #e83e8c;">FEMALE</span>\n            \n        </div>\n    </td>\n\n    <!-- 8. Special Flags (Icons) -->\n    <td class="td-special text-center">\n        <div class="d-flex justify-content-center flex-wrap" style="gap: 8px;">\n            \n            \n            \n            \n            \n            \n        </div>\n    </td>\n\n    <!-- 9. Action -->\n    <td class="td-action text-right">\n        <div class="d-flex justify-content-end align-items-center" style="gap: 6px;">\n            <button type="button" \n                    class="row-action-link row-action-link--success" \n                    onclick="copyStudentData(\'EEE Student 04\', \'EEE004\', \'Electrical and Electronic Engineering\', \'25th\')"\n                    title="Quick Copy Data">\n                <i class="fas fa-clone" style="font-size: 13px;"></i>\n            </button>\n            <a href="/reports/master-sheet/EEE004/" class="row-action-link" style="background: rgba(209, 73, 91, 0.1); color: var(--danger-red);" title="Download Master Sheet (PDF)">\n                <i class="fas fa-file-pdf" style="font-size: 13px;"></i>\n            </a>\n            <a href="/students/profile/EEE004/" class="row-action-link row-action-link--primary" title="View Full Profile">\n                <i class="fas fa-address-card" style="font-size: 13px;"></i>\n            </a>\n            <a href="/students/edit/EEE004/" class="row-action-link row-action-link--warning" title="Edit Records">\n                <i class="fas fa-user-pen" style="font-size: 13px;"></i>\n            </a>\n        </div>\n    </td>\n</tr>\n\n<tr class="animated fadeIn">\n    \n    \n    <!-- 0. Checkbox -->\n    <td class="td-checkbox text-center align-middle" style="padding-left: 15px;">\n        <div class="custom-control custom-checkbox mb-0 d-flex align-items-center justify-content-center" style="min-height: 1rem;">\n            <input type="checkbox" class="custom-control-input student-checkbox" id="chk_MBA001" value="MBA001" onchange="updateFloatingBar()">\n            <label class="custom-control-label m-0" for="chk_MBA001" style="line-height: 1;"></label>\n        </div>\n    </td>\n    \n    <!-- 1. SL -->\n    <td class="td-sl text-center">23</td>\n\n    <!-- 2. Photo -->\n    <td class="td-photo text-center p-1">\n        <div class="bg-light border d-flex align-items-center justify-content-center mx-auto" style="width: 40px; height: 48px; border-radius: 4px; overflow: hidden;">\n            \n            <i class="fas fa-user text-muted opacity-50" style="font-size: 20px;"></i>\n            \n        </div>\n    </td>\n\n    <!-- 3. ID & Name -->\n    <td class="td-name">\n        <div class="d-flex flex-column">\n            <div class="td-id-container d-flex align-items-center" style="gap: 6px;">\n                <div class="text-dark mb-0 text-monospace" style="font-size: 15px; letter-spacing: 0.5px; font-weight: 800;">MBA001</div>\n                <button type="button" class="btn-copy-id" onclick="copyToClipboard(\'MBA001\', this)" title="Copy ID">\n                    <i class="far fa-copy"></i>\n                </button>\n                <button type="button"\n                        class="student-info-trigger"\n                        data-short-info-url="/students/short-info/MBA001/"\n                        aria-label="Open quick student details"\n                        title="Quick Details">\n                    <i class="fas fa-info-circle" style="font-size: 14px;"></i>\n                </button>\n            </div>\n            <a href="/students/profile/MBA001/" class="font-weight-bold text-dark text-uppercase mt-1 student-name-link d-block" style="font-size: 13px; line-height: 1.2;">MBA Student</a>\n        </div>\n    </td>\n\n    <!-- 4. Parents -->\n    <td class="td-parents">\n        <div style="line-height: 1.2;">\n            <div class="text-dark font-weight-bold" style="font-size: 13px; white-space: nowrap; overflow: hidden; text-overflow: ellipsis; max-width: 180px;" title="Father: MBA Father">\n                <i class="fas fa-user-tie opacity-50 mr-1" style="font-size: 11px;"></i> MBA Father\n            </div>\n            <div class="text-muted" style="font-size: 12px; white-space: nowrap; overflow: hidden; text-overflow: ellipsis; max-width: 180px;" title="Mother: MBA Mother">\n                <i class="fas fa-user-nurse opacity-50 mr-1" style="font-size: 11px;"></i> MBA Mother\n            </div>\n        </div>\n    </td>\n\n    <!-- 5. Program & Batch -->\n    <td class="td-program">\n        <div class="font-weight-bold text-dark" style="font-size: 13px;">MBA</div>\n        <div class="text-muted" style="font-size: 12px;">Batch: <strong>MBA-1</strong></div>\n    </td>\n\n    <!-- 6. Intake Details -->\n    <td class="td-intake text-center">\n        <div class="text-dark font-weight-bold" style="font-size: 13px;">Spring</div>\n        <div class="text-muted mt-1" style="font-size: 11px; text-transform: uppercase; font-weight: 700; letter-spacing: 0.5px;">Masters</div>\n    </td>\n\n    <!-- 7. Mobile & Gender -->\n    <td class="td-mobile text-center">\n        <div class="font-weight-bold text-dark" style="font-size: 13px;">01610000000</div>\n        <div class="mt-1" style="font-size: 12px; font-weight: 700;">\n            \n            <span style="color: #e83e8c;">FEMALE</span>\n            \n        </div>\n    </td>\n\n    <!-- 8. Special Flags (Icons) -->\n    <td class="td-special text-center">\n        <div class="d-flex justify-content-center flex-wrap" style="gap: 8px;">\n            \n            \n            \n            \n            \n            \n        </div>\n    </td>\n\n    <!-- 9. Action -->\n    <td class="td-action text-right">\n        <div class="d-flex justify-content-end align-items-center" style="gap: 6px;">\n            <button type="button" \n                    class="row-action-link row-action-link--success" \n                    onclick="copyStudentData(\'MBA Student\', \'MBA001\', \'MBA\', \'MBA\\u002D1\')"\n                    title="Quick Copy Data">\n                <i class="fas fa-clone" style="font-size: 13px;"></i>\n            </button>\n            <a href="/reports/master-sheet/MBA001/" class="row-action-link" style="background: rgba(209, 73, 91, 0.1); color: var(--danger-red);" title="Download Master Sheet (PDF)">\n                <i class="fas fa-file-pdf" style="font-size: 13px;"></i>\n            </a>\n            <a href="/students/profile/MBA001/" class="row-action-link row-action-link--primary" title="View Full Profile">\n                <i class="fas fa-address-card" style="font-size: 13px;"></i>\n            </a>\n            <a href="/students/edit/MBA001/" class="row-action-link row-action-link--warning" title="Edit Records">\n                <i class="fas fa-user-pen" style="font-size: 13px;"></i>\n            </a>\n        </div>\n    </td>\n</tr>\n\n\n            </tbody>\n        </table>\n    </div>\n\n    <div class="card-footer clearfix bg-white border-top-0">\n    <div class="row align-items-center">\n        <div class="col-sm-4 d-flex align-items-center">\n            <div class="d-flex align-items-center">\n                <span class="text-muted small mr-2">Page Size:</span>\n                <select class="custom-select custom-select-sm directory-per-page-control"\n                        style="width: 70px;"\n                        onchange="document.getElementById(\'directory-per-page\').value = this.value"\n                        hx-get="/students/?page=1"\n                        hx-target="#directory-results"\n                        hx-include="#directory-filter-form"\n                        hx-indicator="#table-loader"\n                        hx-push-url="true">\n                    <option value="10" >10</option>\n                    <option value="25" selected>25</option>\n                    <option value="50" >50</option>\n                    <option value="100" >100</option>\n                </select>\n            </div>\n        </div>\n        <div class="col-sm-8 text-right">\n            <ul class="pagination pagination-sm m-0 float-right">\n                \n                    <li class="page-item disabled"><span class="page-link text-muted"><i class="fas fa-angle-double-left"></i></span></li>\n                    <li class="page-item disabled"><span class="page-link text-muted"><i class="fas fa-angle-left"></i></span></li>\n                \n\n                \n                    \n                        <li class="page-item active"><span class="page-link bg-primary border-primary">1</span></li>\n                    \n                \n\n                \n                    <li class="page-item disabled"><span class="page-link text-muted"><i class="fas fa-angle-right"></i></span></li>\n                    <li class="page-item disabled"><span class="page-link text-muted"><i class="fas fa-angle-double-right"></i></span></li>\n                \n            </ul>\n        </div>\n    </div>\n</div>\n\n</div>\n\n    </div>\n</div>\n\n<!-- Floating Action Bar for Bulk Update -->\n\n\n<div id="bulk-action-bar" class="position-fixed shadow-lg" style="bottom: -100px; left: 50%; transform: translateX(-50%); z-index: 1050; transition: bottom 0.3s ease-in-out; background: linear-gradient(135deg, #1f2937, #111827); padding: 10px 18px; border-radius: 50px; display: flex; align-items: center; gap: 8px; max-width: 95vw; width: max-content;">\n    <div class="text-white d-flex align-items-center">\n        <span id="selected-count" class="badge badge-primary" style="font-size: 1rem; padding: 5px 10px; border-radius: 20px; box-shadow: 0 0 10px rgba(59, 130, 246, 0.5);">0</span>\n    </div>\n    \n    <div style="width: 1px; height: 25px; background: rgba(255,255,255,0.15); margin: 0 5px;"></div>\n\n    <button class="btn btn-warning font-weight-bold rounded-pill px-3 px-md-4 shadow-sm" onclick="openBulkUpdateModal()" title="Mass Update">\n        <i class="fas fa-magic"></i> <span class="ml-1 d-none d-md-inline">Mass Update</span>\n    </button>\n    \n    <button class="btn btn-info font-weight-bold rounded-pill px-3 px-md-4 shadow-sm" onclick="initiateBulkAudit()" title="Board Audit">\n        <i class="fas fa-shield-halved"></i> <span class="ml-1 d-none d-md-inline">Board Audit</span>\n    </button>\n    \n    <button class="btn btn-outline-danger border-0 rounded-circle ml-1" style="width: 32px; height: 32px; padding: 0; line-height: 32px;" onclick="clearSelection()" title="Clear Selection">\n        <i class="fas fa-times"></i>\n    </button>\n</div>\n\n\n<!-- Bulk Update Modal Container -->\n<div class="modal fade" id="bulkUpdateModal" tabindex="-1" role="dialog" aria-hidden="true">\n    <div id="bulkUpdateModalContent"></div>\n</div>\n\n<!-- Bulk Audit Initialization Modal -->\n<div class="modal fade" id="bulkAuditInitModal" tabindex="-1" role="dialog" aria-hidden="true">\n    <div class="modal-dialog modal-dialog-centered" role="document">\n        <div class="modal-content border-0 shadow-lg" style="border-radius: 20px;">\n            <div class="modal-header bg-info text-white border-0 py-4">\n                <h5 class="modal-title font-weight-black"><i class="fas fa-shield-halved mr-2"></i> Board Audit Configuration</h5>\n                <button type="button" class="close text-white" data-dismiss="modal">&times;</button>\n            </div>\n            <div class="modal-body p-4">\n                <p class="text-muted mb-4">Select the academic records you want to verify for the <span id="audit-count-label" class="font-weight-bold text-dark">0</span> selected students.</p>\n                <div class="custom-control custom-checkbox mb-3">\n                    <input type="checkbox" class="custom-control-input" id="audit-ssc" checked>\n                    <label class="custom-control-label font-weight-bold" for="audit-ssc">Verify SSC (Secondary) Records</label>\n                </div>\n                <div class="custom-control custom-checkbox">\n                    <input type="checkbox" class="custom-control-input" id="audit-hsc" checked>\n                    <label class="custom-control-label font-weight-bold" for="audit-hsc">Verify HSC (Higher Secondary) Records</label>\n                </div>\n            </div>\n            <div class="modal-footer border-0 bg-light py-3">\n                <button type="button" class="btn btn-link text-muted" data-dismiss="modal">Cancel</button>\n                <button type="button" class="btn btn-info px-4 rounded-pill font-weight-black" onclick="startBulkAudit()">\n                    Start Sequence <i class="fas fa-arrow-right ml-1"></i>\n                </button>\n            </div>\n        </div>\n    </div>\n</div>\n\n<!-- Bulk Audit Execution Modal (The Loop) -->\n<div class="modal fade" id="bulkAuditLoopModal" tabindex="-1" role="dialog" aria-hidden="true" data-backdrop="static">\n    <div class="modal-dialog modal-dialog-centered" role="document">\n        <div class="modal-content border-0 shadow-2xl overflow-hidden" style="border-radius: 24px;">\n            <div class="progress" style="height: 6px; border-radius: 0; background: #e2e8f0;">\n                <div id="audit-progress" class="progress-bar bg-info progress-bar-striped progress-bar-animated" role="progressbar" style="width: 0%"></div>\n            </div>\n            <div class="modal-body p-0" id="audit-task-container">\n                <!-- Task content injected via BoardAuditManager -->\n            </div>\n        </div>\n    </div>\n</div>\n\n<!-- Info Overlay Backdrop -->\n<div id="info-overlay-backdrop" onclick="document.getElementById(\'info-overlay\').style.display=\'none\'; this.style.display=\'none\';"></div>\n\n<!-- Info Overlay Container -->\n<div id="info-overlay" class="position-absolute shadow-lg" style="display: none; z-index: 9999;"></div>\n\n\n      </div>\n    </section>\n    <!-- /.content -->\n  </div>\n  <!-- /.content-wrapper -->\n\n  <!-- Toast Notification Logic -->\n  <script>\n    const Toast = Swal.mixin({\n      toast: true,\n      position: \'top-end\',\n      showConfirmButton: false,\n      timer: 4000,\n      timerProgressBar: true,\n      didOpen: (toast) => {\n        toast.addEventListener(\'mouseenter\', Swal.stopTimer)\n        toast.addEventListener(\'mouseleave\', Swal.resumeTimer)\n      }\n    });\n\n    \n  </script>\n\n  <footer class="main-footer">\n    <div class="float-right d-none d-sm-block">\n      <b>Developed by:</b> <a href="https://github.com/ruhulamin-siddique" target="_blank" class="text-primary font-weight-bold">Ruhulamin Siddique</a>\n    </div>\n    <strong>Copyright &copy; 2026 Bangladesh Army University of Science and Technology.</strong>\n    All rights reserved.\n  </footer>\n\n</div>\n<!-- ./wrapper -->\n\n<!-- REQUIRED SCRIPTS -->\n<!-- jQuery -->\n<script src="https://cdnjs.cloudflare.com/ajax/libs/jquery/3.6.0/jquery.min.js"></script>\n<!-- Bootstrap 4 -->\n<script src="https://cdnjs.cloudflare.com/ajax/libs/bootstrap/4.6.1/js/bootstrap.bundle.min.js"></script>\n<!-- AdminLTE App -->\n<script src="https://cdn.jsdelivr.net/npm/admin-lte@3.2/dist/js/adminlte.min.js"></script>\n\n\n<script>\nconst shortInfoCache = new Map();\nconst shortInfoInFlight = new Map();\n\ndocument.addEventListener(\'DOMContentLoaded\', () => {\n    document.body.addEventListener(\'htmx:responseError\', (e) => {\n        console.error(\'HTMX Error:\', e.detail.xhr.status);\n        alert(\'Server unreachable or error occurred. Please refresh.\');\n    });\n});\n\nfunction clearDirectoryFilters() {\n    const form = document.getElementById(\'directory-filter-form\');\n    if (!form) return;\n    \n    // Clear all selects (except hidden ones or special ones)\n    form.querySelectorAll(\'select\').forEach(select => {\n        if (select.name !== \'per_page\' && select.name !== \'sort\') {\n            select.value = "";\n        }\n    });\n    \n    // Clear all text inputs\n    form.querySelectorAll(\'input[type="text"]\').forEach(input => {\n        input.value = "";\n    });\n}\n\nfunction positionOverlay(btn) {\n    const overlay = document.getElementById(\'info-overlay\');\n    const backdrop = document.getElementById(\'info-overlay-backdrop\');\n    const isMobile = window.innerWidth < 768;\n    \n    overlay.style.display = \'block\';\n    \n    if (isMobile) {\n        backdrop.style.display = \'block\';\n        // CSS handles centering for mobile\n    } else {\n        const rect = btn.getBoundingClientRect();\n        backdrop.style.display = \'none\';\n        \n        let top = window.scrollY + rect.top - 20;\n        let left = window.scrollX + rect.right + 20;\n        \n        const viewportWidth = document.documentElement.clientWidth;\n        if (left + 340 > window.scrollX + viewportWidth) {\n            left = window.scrollX + rect.left - 360;\n        }\n        \n        overlay.style.top = top + \'px\';\n        overlay.style.left = left + \'px\';\n    }\n    \n    const closer = (e) => {\n        if (!overlay.contains(e.target) && e.target !== btn && !btn.contains(e.target)) {\n            overlay.style.display = \'none\';\n            if (backdrop) backdrop.style.display = \'none\';\n            document.removeEventListener(\'click\', closer);\n        }\n    };\n    setTimeout(() => document.addEventListener(\'click\', closer), 10);\n}\n\nfunction copyStudentData(name, id, program, batch) {\n    const text = `Student: ${name}\\nID: ${id}\\nProgram: ${program}\\nBatch: ${batch}`;\n    navigator.clipboard.writeText(text).then(() => {\n        const toast = document.createElement(\'div\');\n        toast.className = \'bg-dark text-white px-4 py-2 rounded shadow-lg\';\n        toast.style.cssText = \'position:fixed; bottom:30px; left:50%; transform:translateX(-50%); z-index:10000; font-weight:700; font-size:13px;\';\n        toast.innerHTML = \'<i class="fas fa-check-circle text-success mr-2"></i> DATA COPIED TO CLIPBOARD\';\n        document.body.appendChild(toast);\n        setTimeout(() => {\n            toast.style.opacity = \'0\';\n            toast.style.transition = \'opacity 0.5s\';\n        setTimeout(() => toast.remove(), 500);\n        }, 2000);\n    });\n}\n\ndocument.addEventListener(\'change\', (e) => {\n    if (e.target.classList.contains(\'directory-per-page-control\')) {\n        const perPageInput = document.getElementById(\'directory-per-page\');\n        if (perPageInput) {\n            perPageInput.value = e.target.value;\n        }\n    }\n});\n\nfunction renderInfoLoadingState() {\n    return `\n        <div class="info-card-loading">\n            <div class="loading-shimmer" style="height: 22px; width: 54%;"></div>\n            <div class="loading-shimmer" style="height: 66px; width: 100%; margin-top: 16px;"></div>\n            <div class="loading-shimmer" style="height: 52px; width: 100%;"></div>\n            <div class="loading-shimmer" style="height: 52px; width: 100%;"></div>\n        </div>\n    `;\n}\n\nfunction fetchStudentInfo(url) {\n    if (shortInfoCache.has(url)) {\n        return Promise.resolve(shortInfoCache.get(url));\n    }\n\n    if (shortInfoInFlight.has(url)) {\n        return shortInfoInFlight.get(url);\n    }\n\n    const request = fetch(url, {\n        credentials: \'same-origin\',\n        headers: {\n            \'X-Requested-With\': \'XMLHttpRequest\',\n        },\n    })\n        .then((response) => {\n            if (!response.ok) {\n                throw new Error(`Unable to load quick info (${response.status})`);\n            }\n            return response.text();\n        })\n        .then((html) => {\n            shortInfoCache.set(url, html);\n            shortInfoInFlight.delete(url);\n            return html;\n        })\n        .catch((error) => {\n            shortInfoInFlight.delete(url);\n            throw error;\n        });\n\n    shortInfoInFlight.set(url, request);\n    return request;\n}\n\nfunction showStudentInfo(btn) {\n    const overlay = document.getElementById(\'info-overlay\');\n    const url = btn.dataset.shortInfoUrl;\n\n    if (!url) {\n        return;\n    }\n\n    positionOverlay(btn);\n    overlay.innerHTML = renderInfoLoadingState();\n\n    fetchStudentInfo(url)\n        .then((html) => {\n            overlay.innerHTML = html;\n            positionOverlay(btn);\n        })\n        .catch(() => {\n            overlay.innerHTML = `\n                <div class="info-card-loading">\n                    <div class="text-danger font-weight-bold mb-2">Quick details unavailable</div>\n                    <div class="small text-muted">Please try again or open the full student profile.</div>\n                </div>\n            `;\n            positionOverlay(btn);\n        });\n}\n\ndocument.addEventListener(\'click\', (e) => {\n    const trigger = e.target.closest(\'.student-info-trigger\');\n    if (!trigger) {\n        return;\n    }\n\n    e.preventDefault();\n    e.stopPropagation();\n    showStudentInfo(trigger);\n});\n\ndocument.addEventListener(\'mouseover\', (e) => {\n    const trigger = e.target.closest(\'.student-info-trigger\');\n    if (!trigger) {\n        return;\n    }\n\n    const url = trigger.dataset.shortInfoUrl;\n    if (url && !shortInfoCache.has(url) && !shortInfoInFlight.has(url)) {\n        fetchStudentInfo(url).catch(() => null);\n    }\n});\n\ndocument.body.addEventListener(\'htmx:beforeSwap\', () => {\n    const overlay = document.getElementById(\'info-overlay\');\n    overlay.style.display = \'none\';\n    overlay.innerHTML = \'\';\n});\n\n// Bulk Selection Logic\nfunction toggleAllStudents(source) {\n    const checkboxes = document.querySelectorAll(\'.student-checkbox\');\n    checkboxes.forEach(cb => cb.checked = source.checked);\n    updateFloatingBar();\n}\n\nfunction updateFloatingBar() {\n    const checked = document.querySelectorAll(\'.student-checkbox:checked\');\n    const bar = document.getElementById(\'bulk-action-bar\');\n    const countDisplay = document.getElementById(\'selected-count\');\n    \n    if(countDisplay) countDisplay.textContent = checked.length;\n    \n    if (bar) {\n        if (checked.length > 0) {\n            bar.style.bottom = \'30px\';\n        } else {\n            bar.style.bottom = \'-100px\';\n            const selectAll = document.getElementById(\'selectAllStudents\');\n            if(selectAll) selectAll.checked = false;\n        }\n    }\n}\n\nfunction clearSelection() {\n    document.querySelectorAll(\'.student-checkbox\').forEach(cb => cb.checked = false);\n    const selectAll = document.getElementById(\'selectAllStudents\');\n    if(selectAll) selectAll.checked = false;\n    updateFloatingBar();\n}\n\nfunction getSelectedIds() {\n    const checked = document.querySelectorAll(\'.student-checkbox:checked\');\n    return Array.from(checked).map(cb => cb.value).join(\',\');\n}\n\nfunction openBulkUpdateModal() {\n    const ids = getSelectedIds();\n    if (!ids) return;\n    \n    // Use HTMX to load the modal content\n    htmx.ajax(\'POST\', \'/api/bulk-update-modal/\', {\n        target: \'#bulkUpdateModalContent\',\n        values: { \'student_ids\': ids, \'csrfmiddlewaretoken\': \'dWQkrcECoB1HV7mkV878Oh1KOb6s3NwIWeT0F1IemealhOKov4iPZcT6uiHB0KnW\' }\n    }).then(() => {\n        $(\'#bulkUpdateModal\').modal(\'show\');\n    });\n}\n// BUG-06 FIX: Properly scoped at top level (not indented after openBulkUpdateModal)\nwindow.copyToClipboard = function(text, btn) {\n    const icon = btn ? btn.querySelector(\'i\') : null;\n    function showSuccess() {\n        if (icon) {\n            // BUG-07 FIX: Icon feedback in both paths\n            icon.classList.replace(\'far\', \'fas\');\n            icon.classList.replace(\'fa-copy\', \'fa-check\');\n            setTimeout(() => {\n                icon.classList.replace(\'fas\', \'far\');\n                icon.classList.replace(\'fa-check\', \'fa-copy\');\n            }, 1200);\n        }\n        toastr.success(`ID ${text} copied!`);\n    }\n    if (!navigator.clipboard) {\n        const textArea = document.createElement("textarea");\n        textArea.value = text;\n        textArea.style.position = \'fixed\';\n        textArea.style.top = \'-9999px\';\n        document.body.appendChild(textArea);\n        textArea.select();\n        try {\n            document.execCommand(\'copy\');\n            showSuccess();\n        } catch (err) {\n            toastr.error(\'Failed to copy\');\n        }\n        document.body.removeChild(textArea);\n        return;\n    }\n    navigator.clipboard.writeText(text).then(() => {\n        showSuccess();\n    }).catch(() => {\n        toastr.error(\'Failed to copy\');\n    });\n};\n\n// --- Bulk Board Audit Manager ---\nconst BoardAuditManager = {\n    queue: [],\n    currentIndex: 0,\n    results: { matched: 0, mismatch: 0, error: 0 },\n\n    init(tasks) {\n        this.queue = tasks;\n        this.currentIndex = 0;\n        this.results = { matched: 0, mismatch: 0, error: 0 };\n        this.renderTask();\n        $(\'#bulkAuditLoopModal\').modal(\'show\');\n    },\n\n    renderTask() {\n        if (this.currentIndex >= this.queue.length) {\n            this.showSummary();\n            return;\n        }\n\n        const task = this.queue[this.currentIndex];\n        const progress = ((this.currentIndex) / this.queue.length) * 100;\n        document.getElementById(\'audit-progress\').style.width = progress + \'%\';\n\n        const container = document.getElementById(\'audit-task-container\');\n        container.innerHTML = `\n            <div class="p-4 bg-light border-bottom d-flex justify-content-between align-items-center">\n                <div>\n                    <span class="badge badge-info px-2 py-1 mb-1">${task.exam} AUDIT</span>\n                    <h5 class="font-weight-black mb-0">${task.name}</h5>\n                    <p class="text-muted small mb-0">${task.student_id} | ${task.board} ${task.year}</p>\n                </div>\n                <div class="text-right">\n                    <div class="text-xs font-weight-bold text-uppercase text-muted">Progress</div>\n                    <div class="font-weight-black text-info" style="font-size: 1.2rem;">${this.currentIndex + 1} <span class="text-muted" style="font-weight: 400; font-size: 0.9rem;">/ ${this.queue.length}</span></div>\n                </div>\n            </div>\n            <div class="p-4">\n                <div id="audit-captcha-section">\n                    <div class="text-center mb-4">\n                        <div id="audit-loader" class="py-3">\n                            <div class="spinner-border text-info" role="status"></div>\n                            <p class="mt-2 text-muted small">Connecting to Board Portal...</p>\n                        </div>\n                        <div id="audit-captcha-wrapper" style="display:none;">\n                            <p class="small font-weight-bold text-muted mb-2 text-uppercase" style="letter-spacing:1px;">Enter Security Captcha</p>\n                            <img id="audit-captcha-img" src="" class="img-fluid border rounded shadow-sm mb-2" style="max-height: 80px;">\n                            <input type="text" id="audit-captcha-input" class="form-control form-control-lg text-center font-weight-black mx-auto" \n                                   placeholder="????" style="width: 140px; border: 2px solid #0dcaf0; letter-spacing: 4px;" maxlength="6" autocomplete="off">\n                            \n                            <!-- Geoblock Warning & Fallback Manual Links -->\n                            <div class="alert alert-warning small mt-3 text-left" style="border-radius: 12px; border-left: 4px solid #ffc107; background-color: #fffbeb; color: #856404; line-height: 1.4;">\n                                <div class="font-weight-bold mb-1"><i class="fas fa-network-wired mr-1"></i> Server Geoblock Notice</div>\n                                <span class="text-muted d-block mb-2" style="font-size:0.75rem;">Your server is hosted internationally, and direct automated verification is geoblocked by the firewall.</span>\n                                <div class="border-top pt-2">\n                                    <span class="d-block font-weight-bold small mb-1" style="color: #664d03;">Alternative: Open official links to verify</span>\n                                    <div class="d-flex gap-2">\n                                        <a href="https://eboardresults.com" target="_blank" class="btn btn-xs btn-info font-weight-bold px-2 py-1 text-white mr-1"><i class="fas fa-external-link-alt"></i> eBoard</a>\n                                        <a href="http://www.educationboardresults.gov.bd" target="_blank" class="btn btn-xs btn-outline-secondary font-weight-bold px-2 py-1"><i class="fas fa-external-link-alt"></i> Official</a>\n                                    </div>\n                                </div>\n                            </div>\n                        </div>\n                    </div>\n                    <div class="d-flex gap-2">\n                        <button class="btn btn-info btn-block btn-lg rounded-pill font-weight-black shadow-sm py-3" onclick="BoardAuditManager.submitTask()">\n                            VERIFY & CONTINUE <i class="fas fa-chevron-right ml-2"></i>\n                        </button>\n                    </div>\n                    <div class="text-center mt-3">\n                        <button class="btn btn-link btn-sm text-muted" onclick="BoardAuditManager.skipTask()">Skip this record</button>\n                    </div>\n                </div>\n                <div id="audit-result-section" style="display:none;" class="text-center py-4">\n                    <!-- Feedback shown briefly between tasks -->\n                </div>\n            </div>\n        `;\n\n        this.loadCaptcha();\n        \n        // Auto-focus input after slight delay\n        setTimeout(() => {\n            const input = document.getElementById(\'audit-captcha-input\');\n            if(input) {\n                input.focus();\n                input.addEventListener(\'keypress\', (e) => {\n                    if(e.key === \'Enter\') this.submitTask();\n                });\n            }\n        }, 500);\n    },\n\n    loadCaptcha() {\n        const loader = document.getElementById(\'audit-loader\');\n        const wrapper = document.getElementById(\'audit-captcha-wrapper\');\n        \n        fetch(\'/api/board-captcha/\')\n            .then(r => r.json())\n            .then(data => {\n                if(data.success) {\n                    if(loader) loader.style.display = \'none\';\n                    if(wrapper) wrapper.style.display = \'block\';\n                    document.getElementById(\'audit-captcha-img\').src = data.captcha_image;\n                    document.getElementById(\'audit-captcha-input\').value = \'\';\n                } else {\n                    toastr.error("Board portal unreachable from server.");\n                    if(loader) loader.style.display = \'none\';\n                    if(wrapper) wrapper.style.display = \'block\'; // Show wrapper anyway so they can see manual links!\n                }\n            })\n            .catch(err => {\n                toastr.error("Connection failed.");\n                if(loader) loader.style.display = \'none\';\n                if(wrapper) wrapper.style.display = \'block\';\n            });\n    },\n\n    submitTask() {\n        const captcha = document.getElementById(\'audit-captcha-input\').value;\n        if(!captcha) return;\n\n        const task = this.queue[this.currentIndex];\n        const btn = document.querySelector(\'#audit-task-container button.btn-info\');\n        btn.disabled = true;\n        btn.innerHTML = \'<i class="fas fa-spinner fa-spin mr-2"></i> Verifying...\';\n\n        const formData = new FormData();\n        formData.append(\'student_id\', task.student_id);\n        formData.append(\'exam_type\', task.exam);\n        formData.append(\'captcha\', captcha);\n        formData.append(\'csrfmiddlewaretoken\', \'dWQkrcECoB1HV7mkV878Oh1KOb6s3NwIWeT0F1IemealhOKov4iPZcT6uiHB0KnW\');\n\n        fetch(\'/api/verify-board-result/\', { method: \'POST\', body: formData })\n            .then(r => r.json())\n            .then(data => {\n                if(data.success) {\n                    this.showFeedback(data.is_match);\n                } else {\n                    toastr.error(data.error || "Verification failed.");\n                    btn.disabled = false;\n                    btn.innerHTML = \'VERIFY & CONTINUE <i class="fas fa-chevron-right ml-2"></i>\';\n                    this.loadCaptcha(); // Reload captcha on failure\n                }\n            });\n    },\n\n    showFeedback(isMatch) {\n        if(isMatch) this.results.matched++; else this.results.mismatch++;\n        \n        const container = document.getElementById(\'audit-captcha-section\');\n        const feedback = document.getElementById(\'audit-result-section\');\n        container.style.display = \'none\';\n        feedback.style.display = \'block\';\n        \n        feedback.innerHTML = `\n            <div class="animate__animated animate__zoomIn">\n                <i class="fas ${isMatch ? \'fa-check-circle text-success\' : \'fa-exclamation-circle text-danger\'} fa-5x mb-3"></i>\n                <h4 class="font-weight-black">${isMatch ? \'DATA MATCHED\' : \'DISCREPANCY FOUND\'}</h4>\n                <p class="text-muted">${isMatch ? \'Records updated successfully.\' : \'Marked for manual review.\'}</p>\n            </div>\n        `;\n\n        setTimeout(() => {\n            this.currentIndex++;\n            this.renderTask();\n        }, 800);\n    },\n\n    skipTask() {\n        this.currentIndex++;\n        this.renderTask();\n    },\n\n    showSummary() {\n        document.getElementById(\'audit-progress\').style.width = \'100%\';\n        const container = document.getElementById(\'audit-task-container\');\n        container.innerHTML = `\n            <div class="p-5 text-center">\n                <div class="mb-4">\n                    <i class="fas fa-flag-checkered fa-4x text-info"></i>\n                </div>\n                <h3 class="font-weight-black mb-2">Audit Sequence Complete</h3>\n                <p class="text-muted mb-4">You have successfully processed all tasks in this batch.</p>\n                \n                <div class="row mb-5">\n                    <div class="col-4 border-right">\n                        <div class="h3 font-weight-black text-success mb-0">${this.results.matched}</div>\n                        <div class="small text-muted text-uppercase">Matched</div>\n                    </div>\n                    <div class="col-4 border-right">\n                        <div class="h3 font-weight-black text-danger mb-0">${this.results.mismatch}</div>\n                        <div class="small text-muted text-uppercase">Mismatch</div>\n                    </div>\n                    <div class="col-4">\n                        <div class="h3 font-weight-black text-muted mb-0">${this.queue.length - this.results.matched - this.results.mismatch}</div>\n                        <div class="small text-muted text-uppercase">Skipped</div>\n                    </div>\n                </div>\n\n                <button class="btn btn-primary btn-block btn-lg rounded-pill font-weight-black py-3" onclick="location.reload()">\n                    CLOSE & REFRESH DIRECTORY\n                </button>\n            </div>\n        `;\n    }\n};\n\nfunction initiateBulkAudit() {\n    const checked = document.querySelectorAll(\'.student-checkbox:checked\');\n    document.getElementById(\'audit-count-label\').textContent = checked.length;\n    $(\'#bulkAuditInitModal\').modal(\'show\');\n}\n\nfunction startBulkAudit() {\n    const ids = Array.from(document.querySelectorAll(\'.student-checkbox:checked\')).map(cb => cb.value);\n    const types = [];\n    if(document.getElementById(\'audit-ssc\').checked) types.push(\'SSC\');\n    if(document.getElementById(\'audit-hsc\').checked) types.push(\'HSC\');\n\n    if(types.length === 0) {\n        toastr.warning("Please select at least one record type.");\n        return;\n    }\n\n    $(\'#bulkAuditInitModal\').modal(\'hide\');\n    \n    // Initialize tasks\n    const formData = new FormData();\n    ids.forEach(id => formData.append(\'student_ids[]\', id));\n    types.forEach(t => formData.append(\'types[]\', t));\n    formData.append(\'csrfmiddlewaretoken\', \'dWQkrcECoB1HV7mkV878Oh1KOb6s3NwIWeT0F1IemealhOKov4iPZcT6uiHB0KnW\');\n\n    fetch(\'/api/bulk-verify-init/\', { method: \'POST\', body: formData })\n        .then(r => r.json())\n        .then(data => {\n            if(data.success && data.tasks.length > 0) {\n                BoardAuditManager.init(data.tasks);\n            } else {\n                toastr.error(data.error || "No valid records found for verification.");\n            }\n        });\n}\n</script>\n\n  <script>\n    function toggleDarkMode() {\n        const body = document.body;\n        const icon = document.getElementById(\'theme-icon\');\n        const navbar = document.querySelector(\'.main-header\');\n        const isDark = body.classList.contains(\'dark-mode\');\n        const newMode = isDark ? \'light\' : \'dark\';\n        body.classList.toggle(\'dark-mode\');\n        if (newMode === \'dark\') {\n            icon.classList.replace(\'fa-moon\', \'fa-sun\');\n            if (navbar) {\n                navbar.classList.replace(\'navbar-white\', \'navbar-dark\');\n                navbar.classList.remove(\'navbar-light\');\n            }\n        } else {\n            icon.classList.replace(\'fa-sun\', \'fa-moon\');\n            if (navbar) {\n                navbar.classList.replace(\'navbar-dark\', \'navbar-white\');\n                navbar.classList.add(\'navbar-light\');\n            }\n        }\n        fetch("/core/security/toggle-theme/", {\n            method: "POST",\n            headers: {\n                "X-CSRFToken": "dWQkrcECoB1HV7mkV878Oh1KOb6s3NwIWeT0F1IemealhOKov4iPZcT6uiHB0KnW",\n                "Content-Type": "application/json"\n            },\n            body: JSON.stringify({ mode: newMode })\n        }).then(response => {\n            if (!response.ok) console.error("Failed to save theme preference");\n        });\n    }\n\n    function toggleNavbarPin() {\n        const body = document.body;\n        const icon = document.getElementById(\'pin-icon\');\n        body.classList.toggle(\'layout-navbar-fixed\');\n        const isFixed = body.classList.contains(\'layout-navbar-fixed\');\n        \n        if (isFixed) {\n            icon.classList.add(\'pin-active\');\n        } else {\n            icon.classList.remove(\'pin-active\');\n        }\n        \n        fetch("/core/security/toggle-navbar-pin/", {\n            method: "POST",\n            headers: {\n                "X-CSRFToken": "dWQkrcECoB1HV7mkV878Oh1KOb6s3NwIWeT0F1IemealhOKov4iPZcT6uiHB0KnW",\n                "Content-Type": "application/json"\n            },\n            body: JSON.stringify({ fixed: isFixed })\n        });\n    }\n\n    // Global Search Focus & Smart Redirect Management\n    document.addEventListener(\'click\', function(e) {\n        const target = document.getElementById(\'search-results-target\');\n        const input = document.getElementById(\'globalSearchInput\');\n        if (target && input && !target.contains(e.target) && e.target !== input) {\n            target.classList.remove(\'show\');\n        }\n    });\n\n    $(document).ready(function() {\n        const $globalForm = $(\'#globalSearchForm\');\n        const $globalInput = $(\'#globalSearchInput\');\n        const $globalResults = $(\'#search-results-target\');\n\n        $globalForm.on(\'submit\', function(e) {\n            const query = $globalInput.val().trim();\n            if(!query) return false;\n\n            // Capture current tab if on profile page\n            let tabParam = \'\';\n            const $activeTab = $(\'.nav-pills a.active\');\n            if ($activeTab.length > 0 && window.location.pathname.includes(\'/profile/\')) {\n                tabParam = \'?tab=\' + $activeTab.attr(\'href\').replace(\'#\', \'\');\n            }\n\n            // 1. If it looks like a Student ID (numeric, 10+ digits), jump directly\n            if(/^\\d{10,20}$/.test(query)) {\n                e.preventDefault();\n                window.location.href = `/students/profile/${query}/${tabParam}`;\n                return;\n            }\n\n            // 2. Check live results overlay for a single unique match\n            const $links = $globalResults.find(\'a[href*="/profile/"]\');\n            if ($links.length === 1) {\n                e.preventDefault();\n                const profileUrl = $links.attr(\'href\');\n                window.location.href = profileUrl + tabParam;\n                return;\n            }\n            \n            // 3. Fallback: let it go to directory normally if multiple results exist\n        });\n    });\n\n    // Modal Trigger Logic\n    document.addEventListener(\'htmx:afterSwap\', function(e) {\n        if (e.detail.target.id === \'modals-here\') {\n            console.log("HTMX swapped content into #modals-here. Triggering modal...");\n            if (typeof jQuery !== \'undefined\') {\n                jQuery(\'#modals-here\').modal(\'show\');\n            } else if (typeof $ !== \'undefined\') {\n                $(\'#modals-here\').modal(\'show\');\n            }\n        }\n    });\n  </script>\n\n  <!-- Global Modal Container for HTMX -->\n  <div id="modals-here" class="modal fade" tabindex="-1" role="dialog" aria-hidden="true" style="z-index: 1060;"></div>\n\n</body>\n</html>\n'

======================================================================
FAIL: test_directory_renders_combined_parent_column (students.tests.StudentDirectoryTests.test_directory_renders_combined_parent_column)
----------------------------------------------------------------------
Traceback (most recent call last):
  File "D:\My Drive\1-Python\1-Admission\students\tests.py", line 206, in test_directory_renders_combined_parent_column
    self.assertEqual(response.status_code, 200)
    ~~~~~~~~~~~~~~~~^^^^^^^^^^^^^^^^^^^^^^^^^^^
AssertionError: 302 != 200

----------------------------------------------------------------------
Ran 18 tests in 2.786s

FAILED (failures=2, errors=1)
Destroying test database for alias 'default'...

